SQL> 
SQL> REM TO_DATE : TO CONVERT CHARACTER TYPE VALUE INTO DATE TYPE VALUE.
SQL> 
SQL> REM PURPOSES : 1 FOR CALCULATION 2 FOR COMPARISON
SQL> 
SQL> 
SQL> 
SQL> REM FOR CALCULATION :
SQL> 
SQL> REM DISPLAY FIRST_NAME , SYDATE , HIRE_DATE AND NUMBER OF DAYS WORKED BY EACH EMPLOYEE.
SQL> 
SQL> SELECT FIRST_NAME , SYSDATE , HIRE_DATE , SYSDATE - HIRE_DATE "DAYS WORKED" FROM EMPLOYEES;

FIRST_NAME      SYSDATE   HIRE_DATE DAYS WORKED                                                                                                                                                                                                                                                             
--------------- --------- --------- -----------                                                                                                                                                                                                                                                             
Steven          10-JAN-25 17-JUL-87  13692.8819                                                                                                                                                                                                                                                             
Neena           10-JAN-25 21-SEP-89  12895.8819                                                                                                                                                                                                                                                             
Lex             10-JAN-25 13-JAN-93  11685.8819                                                                                                                                                                                                                                                             
Alexander       10-JAN-25 03-JAN-90  12791.8819                                                                                                                                                                                                                                                             
Bruce           10-JAN-25 21-MAY-91  12288.8819                                                                                                                                                                                                                                                             
Diana           10-JAN-25 07-FEB-99  9469.88188                                                                                                                                                                                                                                                             
Kevin           10-JAN-25 16-NOV-99  9187.88188                                                                                                                                                                                                                                                             
Trenna          10-JAN-25 17-OCT-95  10678.8819                                                                                                                                                                                                                                                             
Curtis          10-JAN-25 29-JAN-97  10208.8819                                                                                                                                                                                                                                                             
Randall         10-JAN-25 15-MAR-98  9798.88188                                                                                                                                                                                                                                                             
Peter           10-JAN-25 09-JUL-98  9682.88188                                                                                                                                                                                                                                                             
Eleni           10-JAN-25 29-JAN-00  9113.88188                                                                                                                                                                                                                                                             
Ellen           10-JAN-25 11-MAY-96  10471.8819                                                                                                                                                                                                                                                             
Jonathon        10-JAN-25 24-MAR-98  9789.88188                                                                                                                                                                                                                                                             
Kimerely        10-JAN-25 24-MAY-99  9363.88188                                                                                                                                                                                                                                                             
Jennifer        10-JAN-25 17-SEP-87  13630.8819                                                                                                                                                                                                                                                             
Michael         10-JAN-25 17-FEB-96  10555.8819                                                                                                                                                                                                                                                             
Pat             10-JAN-25 17-AUG-97  10008.8819                                                                                                                                                                                                                                                             
Shelley         10-JAN-25 07-JUN-94  11175.8819                                                                                                                                                                                                                                                             
William         10-JAN-25 07-JUN-94  11175.8819                                                                                                                                                                                                                                                             

20 rows selected.

SQL> SELECT FIRST_NAME , SYSDATE , HIRE_DATE , HIRE_DATE - SYSDATE "DAYS WORKED" FROM EMPLOYEES;

FIRST_NAME      SYSDATE   HIRE_DATE DAYS WORKED                                                                                                                                                                                                                                                             
--------------- --------- --------- -----------                                                                                                                                                                                                                                                             
Steven          10-JAN-25 17-JUL-87  -13692.882                                                                                                                                                                                                                                                             
Neena           10-JAN-25 21-SEP-89  -12895.882                                                                                                                                                                                                                                                             
Lex             10-JAN-25 13-JAN-93  -11685.882                                                                                                                                                                                                                                                             
Alexander       10-JAN-25 03-JAN-90  -12791.882                                                                                                                                                                                                                                                             
Bruce           10-JAN-25 21-MAY-91  -12288.882                                                                                                                                                                                                                                                             
Diana           10-JAN-25 07-FEB-99  -9469.8821                                                                                                                                                                                                                                                             
Kevin           10-JAN-25 16-NOV-99  -9187.8821                                                                                                                                                                                                                                                             
Trenna          10-JAN-25 17-OCT-95  -10678.882                                                                                                                                                                                                                                                             
Curtis          10-JAN-25 29-JAN-97  -10208.882                                                                                                                                                                                                                                                             
Randall         10-JAN-25 15-MAR-98  -9798.8821                                                                                                                                                                                                                                                             
Peter           10-JAN-25 09-JUL-98  -9682.8821                                                                                                                                                                                                                                                             
Eleni           10-JAN-25 29-JAN-00  -9113.8821                                                                                                                                                                                                                                                             
Ellen           10-JAN-25 11-MAY-96  -10471.882                                                                                                                                                                                                                                                             
Jonathon        10-JAN-25 24-MAR-98  -9789.8821                                                                                                                                                                                                                                                             
Kimerely        10-JAN-25 24-MAY-99  -9363.8821                                                                                                                                                                                                                                                             
Jennifer        10-JAN-25 17-SEP-87  -13630.882                                                                                                                                                                                                                                                             
Michael         10-JAN-25 17-FEB-96  -10555.882                                                                                                                                                                                                                                                             
Pat             10-JAN-25 17-AUG-97  -10008.882                                                                                                                                                                                                                                                             
Shelley         10-JAN-25 07-JUN-94  -11175.882                                                                                                                                                                                                                                                             
William         10-JAN-25 07-JUN-94  -11175.882                                                                                                                                                                                                                                                             

20 rows selected.

SQL> SELECT FIRST_NAME , SYSDATE , HIRE_DATE , SYSDATE - HIRE_DATE "DAYS WORKED" FROM EMPLOYEES;

FIRST_NAME      SYSDATE   HIRE_DATE DAYS WORKED                                                                                                                                                                                                                                                             
--------------- --------- --------- -----------                                                                                                                                                                                                                                                             
Steven          10-JAN-25 17-JUL-87  13692.8836                                                                                                                                                                                                                                                             
Neena           10-JAN-25 21-SEP-89  12895.8836                                                                                                                                                                                                                                                             
Lex             10-JAN-25 13-JAN-93  11685.8836                                                                                                                                                                                                                                                             
Alexander       10-JAN-25 03-JAN-90  12791.8836                                                                                                                                                                                                                                                             
Bruce           10-JAN-25 21-MAY-91  12288.8836                                                                                                                                                                                                                                                             
Diana           10-JAN-25 07-FEB-99  9469.88365                                                                                                                                                                                                                                                             
Kevin           10-JAN-25 16-NOV-99  9187.88365                                                                                                                                                                                                                                                             
Trenna          10-JAN-25 17-OCT-95  10678.8836                                                                                                                                                                                                                                                             
Curtis          10-JAN-25 29-JAN-97  10208.8836                                                                                                                                                                                                                                                             
Randall         10-JAN-25 15-MAR-98  9798.88365                                                                                                                                                                                                                                                             
Peter           10-JAN-25 09-JUL-98  9682.88365                                                                                                                                                                                                                                                             
Eleni           10-JAN-25 29-JAN-00  9113.88365                                                                                                                                                                                                                                                             
Ellen           10-JAN-25 11-MAY-96  10471.8836                                                                                                                                                                                                                                                             
Jonathon        10-JAN-25 24-MAR-98  9789.88365                                                                                                                                                                                                                                                             
Kimerely        10-JAN-25 24-MAY-99  9363.88365                                                                                                                                                                                                                                                             
Jennifer        10-JAN-25 17-SEP-87  13630.8836                                                                                                                                                                                                                                                             
Michael         10-JAN-25 17-FEB-96  10555.8836                                                                                                                                                                                                                                                             
Pat             10-JAN-25 17-AUG-97  10008.8836                                                                                                                                                                                                                                                             
Shelley         10-JAN-25 07-JUN-94  11175.8836                                                                                                                                                                                                                                                             
William         10-JAN-25 07-JUN-94  11175.8836                                                                                                                                                                                                                                                             

20 rows selected.

SQL> SELECT FIRST_NAME , SYSDATE , HIRE_DATE , TRUNC(SYSDATE - HIRE_DATE) "COMPLETED DAYS WORKED" FROM EMPLOYEES;

FIRST_NAME      SYSDATE   HIRE_DATE COMPLETED DAYS WORKED                                                                                                                                                                                                                                                   
--------------- --------- --------- ---------------------                                                                                                                                                                                                                                                   
Steven          10-JAN-25 17-JUL-87                 13692                                                                                                                                                                                                                                                   
Neena           10-JAN-25 21-SEP-89                 12895                                                                                                                                                                                                                                                   
Lex             10-JAN-25 13-JAN-93                 11685                                                                                                                                                                                                                                                   
Alexander       10-JAN-25 03-JAN-90                 12791                                                                                                                                                                                                                                                   
Bruce           10-JAN-25 21-MAY-91                 12288                                                                                                                                                                                                                                                   
Diana           10-JAN-25 07-FEB-99                  9469                                                                                                                                                                                                                                                   
Kevin           10-JAN-25 16-NOV-99                  9187                                                                                                                                                                                                                                                   
Trenna          10-JAN-25 17-OCT-95                 10678                                                                                                                                                                                                                                                   
Curtis          10-JAN-25 29-JAN-97                 10208                                                                                                                                                                                                                                                   
Randall         10-JAN-25 15-MAR-98                  9798                                                                                                                                                                                                                                                   
Peter           10-JAN-25 09-JUL-98                  9682                                                                                                                                                                                                                                                   
Eleni           10-JAN-25 29-JAN-00                  9113                                                                                                                                                                                                                                                   
Ellen           10-JAN-25 11-MAY-96                 10471                                                                                                                                                                                                                                                   
Jonathon        10-JAN-25 24-MAR-98                  9789                                                                                                                                                                                                                                                   
Kimerely        10-JAN-25 24-MAY-99                  9363                                                                                                                                                                                                                                                   
Jennifer        10-JAN-25 17-SEP-87                 13630                                                                                                                                                                                                                                                   
Michael         10-JAN-25 17-FEB-96                 10555                                                                                                                                                                                                                                                   
Pat             10-JAN-25 17-AUG-97                 10008                                                                                                                                                                                                                                                   
Shelley         10-JAN-25 07-JUN-94                 11175                                                                                                                                                                                                                                                   
William         10-JAN-25 07-JUN-94                 11175                                                                                                                                                                                                                                                   

20 rows selected.

SQL> SELECT '15-AUG-47' - '31-MAY-44' FROM DUAL;
SELECT '15-AUG-47' - '31-MAY-44' FROM DUAL
       *
ERROR at line 1:
ORA-01722: invalid number 


SQL> SELECT TO_DATE('15-AUG-47') - TO_DATE('31-MAY-44') FROM DUAL;

TO_DATE('15-AUG-47')-TO_DATE('31-MAY-44')                                                                                                                                                                                                                                                                   
-----------------------------------------                                                                                                                                                                                                                                                                   
                                     1171                                                                                                                                                                                                                                                                   

SQL> REM MOTHER BDT - FATHER BDT
SQL> 
SQL> 
SQL> REM MOTHER BDT - FATHER BDT : WEEKS
SQL> 
SQL> REM MOTHER BDT - FATHER BDT : MONTHS
SQL> 
SQL> REM MOTHER BDT - FATHER BDT : QUARTERS
SQL> 
SQL> REM MOTHER BDT - FATHER BDT : YEARS
SQL> 
SQL> REM 1 WEEK = 7 DAYS
SQL> 
SQL> REM 1 MONTH = ??
SQL> 
SQL> REM 1 QUARTER = ??
SQL> 
SQL> REM 1 YEAR = ??
SQL> 
SQL> REM MONTHS_BETWEEN
SQL> 
SQL> 
SQL> 
SQL> SELECT TRUNC((TO_DATE('15-AUG-47') - TO_DATE('31-MAY-44'))/7) WEEKS FROM DUAL;

     WEEKS                                                                                                                                                                                                                                                                                                  
----------                                                                                                                                                                                                                                                                                                  
       167                                                                                                                                                                                                                                                                                                  

SQL> SELECT TRUNC(MONTHS_BETWEEN('15-AUG-47','31-MAY-44')) MONTHS FROM DUAL;

    MONTHS                                                                                                                                                                                                                                                                                                  
----------                                                                                                                                                                                                                                                                                                  
        38                                                                                                                                                                                                                                                                                                  

SQL> SELECT TRUNC((MONTHS_BETWEEN('15-AUG-47','31-MAY-44')/3)) QUARTERS FROM DUAL;

  QUARTERS                                                                                                                                                                                                                                                                                                  
----------                                                                                                                                                                                                                                                                                                  
        12                                                                                                                                                                                                                                                                                                  

SQL> SELECT TRUNC((MONTHS_BETWEEN('15-AUG-47','31-MAY-44')/12)) YEARS FROM DUAL;

     YEARS                                                                                                                                                                                                                                                                                                  
----------                                                                                                                                                                                                                                                                                                  
         3                                                                                                                                                                                                                                                                                                  

SQL> REM FOR COMPARISON :
SQL> 
SQL> REM DISPLAY THOSE WHO WERE HIRED AFTER YEAR 96
SQL> 
SQL> SELECT FIRST_NAME , HIRE_DATE FROM EMPLOYEES WHERE HIRE_DATE > '31-DEC-96';

FIRST_NAME      HIRE_DATE                                                                                                                                                                                                                                                                                   
--------------- ---------                                                                                                                                                                                                                                                                                   
Diana           07-FEB-99                                                                                                                                                                                                                                                                                   
Kevin           16-NOV-99                                                                                                                                                                                                                                                                                   
Curtis          29-JAN-97                                                                                                                                                                                                                                                                                   
Randall         15-MAR-98                                                                                                                                                                                                                                                                                   
Peter           09-JUL-98                                                                                                                                                                                                                                                                                   
Eleni           29-JAN-00                                                                                                                                                                                                                                                                                   
Jonathon        24-MAR-98                                                                                                                                                                                                                                                                                   
Kimerely        24-MAY-99                                                                                                                                                                                                                                                                                   
Pat             17-AUG-97                                                                                                                                                                                                                                                                                   

9 rows selected.

SQL> 
SQL> 
SQL> SELECT FIRST_NAME , HIRE_DATE FROM EMPLOYEES WHERE HIRE_DATE > '31-DEC-1996';

FIRST_NAME      HIRE_DATE                                                                                                                                                                                                                                                                                   
--------------- ---------                                                                                                                                                                                                                                                                                   
Diana           07-FEB-99                                                                                                                                                                                                                                                                                   
Kevin           16-NOV-99                                                                                                                                                                                                                                                                                   
Curtis          29-JAN-97                                                                                                                                                                                                                                                                                   
Randall         15-MAR-98                                                                                                                                                                                                                                                                                   
Peter           09-JUL-98                                                                                                                                                                                                                                                                                   
Eleni           29-JAN-00                                                                                                                                                                                                                                                                                   
Jonathon        24-MAR-98                                                                                                                                                                                                                                                                                   
Kimerely        24-MAY-99                                                                                                                                                                                                                                                                                   
Pat             17-AUG-97                                                                                                                                                                                                                                                                                   

9 rows selected.

SQL> SELECT FIRST_NAME , HIRE_DATE FROM EMPLOYEES WHERE HIRE_DATE > '31-DECember-1996';

FIRST_NAME      HIRE_DATE                                                                                                                                                                                                                                                                                   
--------------- ---------                                                                                                                                                                                                                                                                                   
Diana           07-FEB-99                                                                                                                                                                                                                                                                                   
Kevin           16-NOV-99                                                                                                                                                                                                                                                                                   
Curtis          29-JAN-97                                                                                                                                                                                                                                                                                   
Randall         15-MAR-98                                                                                                                                                                                                                                                                                   
Peter           09-JUL-98                                                                                                                                                                                                                                                                                   
Eleni           29-JAN-00                                                                                                                                                                                                                                                                                   
Jonathon        24-MAR-98                                                                                                                                                                                                                                                                                   
Kimerely        24-MAY-99                                                                                                                                                                                                                                                                                   
Pat             17-AUG-97                                                                                                                                                                                                                                                                                   

9 rows selected.

SQL> SELECT FIRST_NAME , HIRE_DATE FROM EMPLOYEES WHERE HIRE_DATE > '31DECember/1996';

FIRST_NAME      HIRE_DATE                                                                                                                                                                                                                                                                                   
--------------- ---------                                                                                                                                                                                                                                                                                   
Diana           07-FEB-99                                                                                                                                                                                                                                                                                   
Kevin           16-NOV-99                                                                                                                                                                                                                                                                                   
Curtis          29-JAN-97                                                                                                                                                                                                                                                                                   
Randall         15-MAR-98                                                                                                                                                                                                                                                                                   
Peter           09-JUL-98                                                                                                                                                                                                                                                                                   
Eleni           29-JAN-00                                                                                                                                                                                                                                                                                   
Jonathon        24-MAR-98                                                                                                                                                                                                                                                                                   
Kimerely        24-MAY-99                                                                                                                                                                                                                                                                                   
Pat             17-AUG-97                                                                                                                                                                                                                                                                                   

9 rows selected.

SQL> SELECT FIRST_NAME , HIRE_DATE FROM EMPLOYEES WHERE HIRE_DATE > 'DEC-31-96';
SELECT FIRST_NAME , HIRE_DATE FROM EMPLOYEES WHERE HIRE_DATE > 'DEC-31-96'
                                                               *
ERROR at line 1:
ORA-01858: a non-numeric character was found where a numeric was expected 


SQL> SELECT FIRST_NAME , HIRE_DATE FROM EMPLOYEES WHERE HIRE_DATE > '31-12-96';
SELECT FIRST_NAME , HIRE_DATE FROM EMPLOYEES WHERE HIRE_DATE > '31-12-96'
                                                               *
ERROR at line 1:
ORA-01843: not a valid month 


SQL> SELECT TO_DATE('15-AUG-47') - TO_DATE('31-MAY-44') FROM DUAL;

TO_DATE('15-AUG-47')-TO_DATE('31-MAY-44')                                                                                                                                                                                                                                                                   
-----------------------------------------                                                                                                                                                                                                                                                                   
                                     1171                                                                                                                                                                                                                                                                   

SQL> SELECT TO_DATE('15AUGust/1947') - TO_DATE('31-MAY-1944') FROM DUAL;

TO_DATE('15AUGUST/1947')-TO_DATE('31-MAY-1944')                                                                                                                                                                                                                                                             
-----------------------------------------------                                                                                                                                                                                                                                                             
                                           1171                                                                                                                                                                                                                                                             

SQL> SELECT TO_DATE('AUG-15-47') - TO_DATE('31-MAY-1944') FROM DUAL;
SELECT TO_DATE('AUG-15-47') - TO_DATE('31-MAY-1944') FROM DUAL
               *
ERROR at line 1:
ORA-01858: a non-numeric character was found where a numeric was expected 


SQL> SELECT TO_DATE('AUG-15-47','MON-DD-RR')) - TO_DATE('31-MAY-1944') FROM DUAL;
SELECT TO_DATE('AUG-15-47','MON-DD-RR')) - TO_DATE('31-MAY-1944') FROM DUAL
                                       *
ERROR at line 1:
ORA-00923: FROM keyword not found where expected 


SQL> SELECT TO_DATE('AUG-15-47','MON-DD-RR') - TO_DATE('31-MAY-1944') FROM DUAL;

TO_DATE('AUG-15-47','MON-DD-RR')-TO_DATE('31-MAY-1944')                                                                                                                                                                                                                                                     
-------------------------------------------------------                                                                                                                                                                                                                                                     
                                                  37696                                                                                                                                                                                                                                                     

SQL> SELECT TO_DATE('AUG-15-1947','MON-DD-RRRR') - TO_DATE('31-MAY-1944') FROM DUAL;

TO_DATE('AUG-15-1947','MON-DD-RRRR')-TO_DATE('31-MAY-1944')                                                                                                                                                                                                                                                 
-----------------------------------------------------------                                                                                                                                                                                                                                                 
                                                       1171                                                                                                                                                                                                                                                 

SQL> REM DD
SQL> 
SQL> REM MON MONTH
SQL> 
SQL> REM RR RRRR
SQL> 
SQL> 
SQL> REM MM MON MONTH
SQL> 
SQL> REM DD : ONLY DATE
SQL> 
SQL> REM MM : MONTH NUMBER
SQL> 
SQL> REM MON : ABBREVIATED MONTH NAME
SQL> 
SQL> REM MONTH : FULL MONTH NAME
SQL> 
SQL> REM RR : ONLY YEAR
SQL> 
SQL> REM RRRR : YEAR WITH CENTURY
SQL> 
SQL> 
SQL> 
SQL> SELECT FIRST_NAME , HIRE_DATE FROM EMPLOYEES WHERE HIRE_DATE < '15-SEP-1995';

FIRST_NAME      HIRE_DATE                                                                                                                                                                                                                                                                                   
--------------- ---------                                                                                                                                                                                                                                                                                   
Steven          17-JUL-87                                                                                                                                                                                                                                                                                   
Neena           21-SEP-89                                                                                                                                                                                                                                                                                   
Lex             13-JAN-93                                                                                                                                                                                                                                                                                   
Alexander       03-JAN-90                                                                                                                                                                                                                                                                                   
Bruce           21-MAY-91                                                                                                                                                                                                                                                                                   
Jennifer        17-SEP-87                                                                                                                                                                                                                                                                                   
Shelley         07-JUN-94                                                                                                                                                                                                                                                                                   
William         07-JUN-94                                                                                                                                                                                                                                                                                   

8 rows selected.

SQL> SELECT FIRST_NAME , HIRE_DATE FROM EMPLOYEES WHERE HIRE_DATE < '15/SEPTEMBER95';

FIRST_NAME      HIRE_DATE                                                                                                                                                                                                                                                                                   
--------------- ---------                                                                                                                                                                                                                                                                                   
Steven          17-JUL-87                                                                                                                                                                                                                                                                                   
Neena           21-SEP-89                                                                                                                                                                                                                                                                                   
Lex             13-JAN-93                                                                                                                                                                                                                                                                                   
Alexander       03-JAN-90                                                                                                                                                                                                                                                                                   
Bruce           21-MAY-91                                                                                                                                                                                                                                                                                   
Jennifer        17-SEP-87                                                                                                                                                                                                                                                                                   
Shelley         07-JUN-94                                                                                                                                                                                                                                                                                   
William         07-JUN-94                                                                                                                                                                                                                                                                                   

8 rows selected.

SQL> SELECT FIRST_NAME , HIRE_DATE FROM EMPLOYEES WHERE HIRE_DATE < '95-SEP-15';
SELECT FIRST_NAME , HIRE_DATE FROM EMPLOYEES WHERE HIRE_DATE < '95-SEP-15'
                                                               *
ERROR at line 1:
ORA-01847: day of month must be between 1 and last day of month 


SQL> SELECT FIRST_NAME , HIRE_DATE FROM EMPLOYEES WHERE HIRE_DATE < TO_DATE('95-SEP-15','RR-MON-DD');

FIRST_NAME      HIRE_DATE                                                                                                                                                                                                                                                                                   
--------------- ---------                                                                                                                                                                                                                                                                                   
Steven          17-JUL-87                                                                                                                                                                                                                                                                                   
Neena           21-SEP-89                                                                                                                                                                                                                                                                                   
Lex             13-JAN-93                                                                                                                                                                                                                                                                                   
Alexander       03-JAN-90                                                                                                                                                                                                                                                                                   
Bruce           21-MAY-91                                                                                                                                                                                                                                                                                   
Jennifer        17-SEP-87                                                                                                                                                                                                                                                                                   
Shelley         07-JUN-94                                                                                                                                                                                                                                                                                   
William         07-JUN-94                                                                                                                                                                                                                                                                                   

8 rows selected.

SQL> SELECT FIRST_NAME , HIRE_DATE FROM EMPLOYEES WHERE HIRE_DATE < TO_DATE('95-SEPTEMBER-15','RR-MONTH-DD');

FIRST_NAME      HIRE_DATE                                                                                                                                                                                                                                                                                   
--------------- ---------                                                                                                                                                                                                                                                                                   
Steven          17-JUL-87                                                                                                                                                                                                                                                                                   
Neena           21-SEP-89                                                                                                                                                                                                                                                                                   
Lex             13-JAN-93                                                                                                                                                                                                                                                                                   
Alexander       03-JAN-90                                                                                                                                                                                                                                                                                   
Bruce           21-MAY-91                                                                                                                                                                                                                                                                                   
Jennifer        17-SEP-87                                                                                                                                                                                                                                                                                   
Shelley         07-JUN-94                                                                                                                                                                                                                                                                                   
William         07-JUN-94                                                                                                                                                                                                                                                                                   

8 rows selected.

SQL> SELECT FIRST_NAME , HIRE_DATE FROM EMPLOYEES WHERE HIRE_DATE < TO_DATE('95-09-15','RR-MM-DD');

FIRST_NAME      HIRE_DATE                                                                                                                                                                                                                                                                                   
--------------- ---------                                                                                                                                                                                                                                                                                   
Steven          17-JUL-87                                                                                                                                                                                                                                                                                   
Neena           21-SEP-89                                                                                                                                                                                                                                                                                   
Lex             13-JAN-93                                                                                                                                                                                                                                                                                   
Alexander       03-JAN-90                                                                                                                                                                                                                                                                                   
Bruce           21-MAY-91                                                                                                                                                                                                                                                                                   
Jennifer        17-SEP-87                                                                                                                                                                                                                                                                                   
Shelley         07-JUN-94                                                                                                                                                                                                                                                                                   
William         07-JUN-94                                                                                                                                                                                                                                                                                   

8 rows selected.

SQL> SELECT FIRST_NAME , HIRE_DATE FROM EMPLOYEES WHERE HIRE_DATE < TO_DATE('1995-09-15','RRRR-MM-DD');

FIRST_NAME      HIRE_DATE                                                                                                                                                                                                                                                                                   
--------------- ---------                                                                                                                                                                                                                                                                                   
Steven          17-JUL-87                                                                                                                                                                                                                                                                                   
Neena           21-SEP-89                                                                                                                                                                                                                                                                                   
Lex             13-JAN-93                                                                                                                                                                                                                                                                                   
Alexander       03-JAN-90                                                                                                                                                                                                                                                                                   
Bruce           21-MAY-91                                                                                                                                                                                                                                                                                   
Jennifer        17-SEP-87                                                                                                                                                                                                                                                                                   
Shelley         07-JUN-94                                                                                                                                                                                                                                                                                   
William         07-JUN-94                                                                                                                                                                                                                                                                                   

8 rows selected.

SQL> SELECT * FROM EMPLOYEES;

EMPLOYEE_ID FIRST_NAME      LAST_NAME       EMAIL      PHONE_NUMBER         HIRE_DATE JOB_ID         SALARY COMMISSION_PCT MANAGER_ID DEPARTMENT_ID                                                                                                                                                         
----------- --------------- --------------- ---------- -------------------- --------- ---------- ---------- -------------- ---------- -------------                                                                                                                                                         
        100 Steven          King            SKING      515.123.4567         17-JUL-87 AD_PRES         24000                                      90                                                                                                                                                         
        101 Neena           Kochhar         NKOCHHAR   515.123.4568         21-SEP-89 AD_VP           17000                       100            90                                                                                                                                                         
        102 Lex             De Haan         LDEHAAN    515.123.4569         13-JAN-93 AD_VP           17000                       100            90                                                                                                                                                         
        103 Alexander       Hunold          AHUNOLD    590.423.4567         03-JAN-90 IT_PROG          9000                       102            60                                                                                                                                                         
        104 Bruce           Ernst           BERNST     590.423.4568         21-MAY-91 IT_PROG          6000                       103            60                                                                                                                                                         
        107 Diana           Lorentz         DLORENTZ   590.423.5567         07-FEB-99 IT_PROG          4200                       103            60                                                                                                                                                         
        124 Kevin           Mourgos         KMOURGOS   650.123.5234         16-NOV-99 ST_MAN           5800                       100            50                                                                                                                                                         
        141 Trenna          Rajs            TRAJS      650.121.8009         17-OCT-95 ST_CLERK         3500                       124            50                                                                                                                                                         
        142 Curtis          Davies          CDAVIES    650.121.2994         29-JAN-97 ST_CLERK         3100                       124            50                                                                                                                                                         
        143 Randall         Matos           RMATOS     650.121.2874         15-MAR-98 ST_CLERK         2600                       124            50                                                                                                                                                         
        144 Peter           Vargas          PVARGAS    650.121.2004         09-JUL-98 ST_CLERK         2500                       124            50                                                                                                                                                         
        149 Eleni           Zlotkey         EZLOTKEY   011.44.1344.429018   29-JAN-00 SA_MAN          10500             .2        100            80                                                                                                                                                         
        174 Ellen           Abel                       011.44.1644.429267   11-MAY-96 SA_REP          11000             .3        149            80                                                                                                                                                         
        176 Jonathon        Taylor          JTAYLOR    011.44.1644.429265   24-MAR-98 SA_REP           8600             .3        149            80                                                                                                                                                         
        178 Kimerely        Grant           KGRANT     011.44.1644.429263   24-MAY-99 SA_REP           7000            .15        149                                                                                                                                                                       
        200 Jennifer        Whalen          JWHALEN    515.123.4444         17-SEP-87 AD_ASST          4400                       101            10                                                                                                                                                         
        201 Michael         Hartstein       MHARTSTE   515.123.5555         17-FEB-96 MK_MAN          13000                       100            20                                                                                                                                                         
        202 Pat             Fay             PFAY       603.123.6666         17-AUG-97 MK_REP           6000                       201            20                                                                                                                                                         
        205 Shelley         Higgins         SHIGGINS   515.123.8080         07-JUN-94 AC_MGR          12000                       101           110                                                                                                                                                         
        206 William         Gietz           WGIETZ     515.123.8181         07-JUN-94 AC_ACCOUNT       8300                       205           110                                                                                                                                                         

20 rows selected.

SQL> REM 1 DISPLAY THOSE WHO WERE HIRED AFTER 10-JAN-94
SQL> 
SQL> REM 2 DISPLAY THOSE WHO WERE HIRED AFTER 10-JANUARY-94
SQL> 
SQL> REM 3 DISPLAY THOSE WHO WERE HIRED AFTER 10\JAN/1994
SQL> 
SQL> REM 4 DISPLAY THOSE WHO WERE HIRED AFTER 94\JANuary10
SQL> 
SQL> REM 5 DISPLAY THOSE WHO WERE HIRED AFTER 01/94/10
SQL> 
SQL> 
SQL> 
SQL> REM 1 DISPLAY THOSE WHO WERE HIRED AFTER 10-JAN-94
SQL> 
SQL> SEELCT FIRST_NAME , HIRE_DATE FROM EMPLOYEES WHERE HIRE_DATE > '10-JAN-94';
SP2-0734: unknown command beginning "SEELCT FIR..." - rest of line ignored.
SQL> 
SQL> 
SQL> SELECT FIRST_NAME , HIRE_DATE FROM EMPLOYEES WHERE HIRE_DATE > '10-JAN-94';

FIRST_NAME      HIRE_DATE                                                                                                                                                                                                                                                                                   
--------------- ---------                                                                                                                                                                                                                                                                                   
Diana           07-FEB-99                                                                                                                                                                                                                                                                                   
Kevin           16-NOV-99                                                                                                                                                                                                                                                                                   
Trenna          17-OCT-95                                                                                                                                                                                                                                                                                   
Curtis          29-JAN-97                                                                                                                                                                                                                                                                                   
Randall         15-MAR-98                                                                                                                                                                                                                                                                                   
Peter           09-JUL-98                                                                                                                                                                                                                                                                                   
Eleni           29-JAN-00                                                                                                                                                                                                                                                                                   
Ellen           11-MAY-96                                                                                                                                                                                                                                                                                   
Jonathon        24-MAR-98                                                                                                                                                                                                                                                                                   
Kimerely        24-MAY-99                                                                                                                                                                                                                                                                                   
Michael         17-FEB-96                                                                                                                                                                                                                                                                                   
Pat             17-AUG-97                                                                                                                                                                                                                                                                                   
Shelley         07-JUN-94                                                                                                                                                                                                                                                                                   
William         07-JUN-94                                                                                                                                                                                                                                                                                   

14 rows selected.

SQL> REM 2 DISPLAY THOSE WHO WERE HIRED AFTER 10-JANUARY-94
SQL> 
SQL> SELECT FIRST_NAME , HIRE_DATE FROM EMPLOYEES WHERE HIRE_DATE > '10-JANUARY-94';

FIRST_NAME      HIRE_DATE                                                                                                                                                                                                                                                                                   
--------------- ---------                                                                                                                                                                                                                                                                                   
Diana           07-FEB-99                                                                                                                                                                                                                                                                                   
Kevin           16-NOV-99                                                                                                                                                                                                                                                                                   
Trenna          17-OCT-95                                                                                                                                                                                                                                                                                   
Curtis          29-JAN-97                                                                                                                                                                                                                                                                                   
Randall         15-MAR-98                                                                                                                                                                                                                                                                                   
Peter           09-JUL-98                                                                                                                                                                                                                                                                                   
Eleni           29-JAN-00                                                                                                                                                                                                                                                                                   
Ellen           11-MAY-96                                                                                                                                                                                                                                                                                   
Jonathon        24-MAR-98                                                                                                                                                                                                                                                                                   
Kimerely        24-MAY-99                                                                                                                                                                                                                                                                                   
Michael         17-FEB-96                                                                                                                                                                                                                                                                                   
Pat             17-AUG-97                                                                                                                                                                                                                                                                                   
Shelley         07-JUN-94                                                                                                                                                                                                                                                                                   
William         07-JUN-94                                                                                                                                                                                                                                                                                   

14 rows selected.

SQL> REM 3 DISPLAY THOSE WHO WERE HIRED AFTER 10\JAN/1994
SQL> 
SQL> SELECT FIRST_NAME , HIRE_DATE FROM EMPLOYEES WHERE HIRE_DATE > '10\JAN/1994';

FIRST_NAME      HIRE_DATE                                                                                                                                                                                                                                                                                   
--------------- ---------                                                                                                                                                                                                                                                                                   
Diana           07-FEB-99                                                                                                                                                                                                                                                                                   
Kevin           16-NOV-99                                                                                                                                                                                                                                                                                   
Trenna          17-OCT-95                                                                                                                                                                                                                                                                                   
Curtis          29-JAN-97                                                                                                                                                                                                                                                                                   
Randall         15-MAR-98                                                                                                                                                                                                                                                                                   
Peter           09-JUL-98                                                                                                                                                                                                                                                                                   
Eleni           29-JAN-00                                                                                                                                                                                                                                                                                   
Ellen           11-MAY-96                                                                                                                                                                                                                                                                                   
Jonathon        24-MAR-98                                                                                                                                                                                                                                                                                   
Kimerely        24-MAY-99                                                                                                                                                                                                                                                                                   
Michael         17-FEB-96                                                                                                                                                                                                                                                                                   
Pat             17-AUG-97                                                                                                                                                                                                                                                                                   
Shelley         07-JUN-94                                                                                                                                                                                                                                                                                   
William         07-JUN-94                                                                                                                                                                                                                                                                                   

14 rows selected.

SQL> REM 4 DISPLAY THOSE WHO WERE HIRED AFTER 94\JANuary10
SQL> 
SQL> SELECT FIRST_NAME , HIRE_DATE FROM EMPLOYEES WHERE HIRE_DATE > TO_DATE('94\JANuary10','RR\MONTHDD');

FIRST_NAME      HIRE_DATE                                                                                                                                                                                                                                                                                   
--------------- ---------                                                                                                                                                                                                                                                                                   
Diana           07-FEB-99                                                                                                                                                                                                                                                                                   
Kevin           16-NOV-99                                                                                                                                                                                                                                                                                   
Trenna          17-OCT-95                                                                                                                                                                                                                                                                                   
Curtis          29-JAN-97                                                                                                                                                                                                                                                                                   
Randall         15-MAR-98                                                                                                                                                                                                                                                                                   
Peter           09-JUL-98                                                                                                                                                                                                                                                                                   
Eleni           29-JAN-00                                                                                                                                                                                                                                                                                   
Ellen           11-MAY-96                                                                                                                                                                                                                                                                                   
Jonathon        24-MAR-98                                                                                                                                                                                                                                                                                   
Kimerely        24-MAY-99                                                                                                                                                                                                                                                                                   
Michael         17-FEB-96                                                                                                                                                                                                                                                                                   
Pat             17-AUG-97                                                                                                                                                                                                                                                                                   
Shelley         07-JUN-94                                                                                                                                                                                                                                                                                   
William         07-JUN-94                                                                                                                                                                                                                                                                                   

14 rows selected.

SQL> REM 5 DISPLAY THOSE WHO WERE HIRED AFTER 01/94/10
SQL> 
SQL> SELECT FIRST_NAME , HIRE_DATE FROM EMPLOYEES WHERE HIRE_DATE > TO_DATE('01/94/10','MM/RR/DD');

FIRST_NAME      HIRE_DATE                                                                                                                                                                                                                                                                                   
--------------- ---------                                                                                                                                                                                                                                                                                   
Diana           07-FEB-99                                                                                                                                                                                                                                                                                   
Kevin           16-NOV-99                                                                                                                                                                                                                                                                                   
Trenna          17-OCT-95                                                                                                                                                                                                                                                                                   
Curtis          29-JAN-97                                                                                                                                                                                                                                                                                   
Randall         15-MAR-98                                                                                                                                                                                                                                                                                   
Peter           09-JUL-98                                                                                                                                                                                                                                                                                   
Eleni           29-JAN-00                                                                                                                                                                                                                                                                                   
Ellen           11-MAY-96                                                                                                                                                                                                                                                                                   
Jonathon        24-MAR-98                                                                                                                                                                                                                                                                                   
Kimerely        24-MAY-99                                                                                                                                                                                                                                                                                   
Michael         17-FEB-96                                                                                                                                                                                                                                                                                   
Pat             17-AUG-97                                                                                                                                                                                                                                                                                   
Shelley         07-JUN-94                                                                                                                                                                                                                                                                                   
William         07-JUN-94                                                                                                                                                                                                                                                                                   

14 rows selected.

SQL> REM 1 30-AUG-05 - 20-JAN-2002
SQL> 
SQL> REM 2 30-AUG-2005 - 20-JANUARY-02
SQL> 
SQL> REM 3 30-8-05 - 02-20-JAN
SQL> 
SQL> REM 4 05-AUG-30 - 02-JAN-20
SQL> 
SQL> REM 5 05AUGUST/30 - JANuary02-20
SQL> 
SQL> 
SQL> 
SQL> 
SQL> REM 1 30-AUG-05 - 20-JAN-2002
SQL> 
SQL> SELECT TO_DATE('30-AUG-05') - TO_DATE('20-JAN-2002') FROM DUAL;

TO_DATE('30-AUG-05')-TO_DATE('20-JAN-2002')                                                                                                                                                                                                                                                                 
-------------------------------------------                                                                                                                                                                                                                                                                 
                                       1318                                                                                                                                                                                                                                                                 

SQL> REM 2 30-AUG-2005 - 20-JANUARY-02
SQL> 
SQL> SELECT TO_DATE('30-AUG-2005')  - TO_NUMBER('20-JANUARY-02') FROM DUAL;
SELECT TO_DATE('30-AUG-2005')  - TO_NUMBER('20-JANUARY-02') FROM DUAL
                                           *
ERROR at line 1:
ORA-01722: invalid number 


SQL> SELECT TO_DATE('30-AUG-2005')  - TO_DATE('20-JANUARY-02') FROM DUAL;

TO_DATE('30-AUG-2005')-TO_DATE('20-JANUARY-02')                                                                                                                                                                                                                                                             
-----------------------------------------------                                                                                                                                                                                                                                                             
                                           1318                                                                                                                                                                                                                                                             

SQL> REM 3 30-8-05 - 02-20-JAN
SQL> 
SQL> SELECT TO_DATE('30-8-05','DD-MM-RR') - TO_DATE('02-20-JAN','MM-DD-JAN') FROM DUAL;
SELECT TO_DATE('30-8-05','DD-MM-RR') - TO_DATE('02-20-JAN','MM-DD-JAN') FROM DUAL
                                                           *
ERROR at line 1:
ORA-01821: date format not recognized 


SQL> SELECT TO_DATE('30-8-05','DD-MM-RR') - TO_DATE('02-20-JAN','MM-DD-MON') FROM DUAL;
SELECT TO_DATE('30-8-05','DD-MM-RR') - TO_DATE('02-20-JAN','MM-DD-MON') FROM DUAL
                                                           *
ERROR at line 1:
ORA-01816: month may only be specified once 


SQL> SELECT TO_DATE('30-8-05','DD-MM-RR') - TO_DATE('02-20-JAN','RR-DD-MON') FROM DUAL;

TO_DATE('30-8-05','DD-MM-RR')-TO_DATE('02-20-JAN','RR-DD-MON')                                                                                                                                                                                                                                              
--------------------------------------------------------------                                                                                                                                                                                                                                              
                                                          1318                                                                                                                                                                                                                                              

SQL> REM 4 05-AUG-30 - 02-JAN-20
SQL> 
SQL> SELECT TO_DATE('05-AUG-30','RR-MON-DD') - TO_DATE('02-JAN-20') FROM DUAL;

TO_DATE('05-AUG-30','RR-MON-DD')-TO_DATE('02-JAN-20')                                                                                                                                                                                                                                                       
-----------------------------------------------------                                                                                                                                                                                                                                                       
                                                -5238                                                                                                                                                                                                                                                       

SQL> SELECT TO_DATE('05-AUG-30','RRRR-MON-DD') - TO_DATE('02-JAN-20') FROM DUAL;

TO_DATE('05-AUG-30','RRRR-MON-DD')-TO_DATE('02-JAN-20')                                                                                                                                                                                                                                                     
-------------------------------------------------------                                                                                                                                                                                                                                                     
                                                  -5238                                                                                                                                                                                                                                                     

SQL> SELECT TO_DATE('05-AUG-30','RR-MON-DD') - TO_DATE('02-JAN-20','RR-MON-DD') FROM DUAL;

TO_DATE('05-AUG-30','RR-MON-DD')-TO_DATE('02-JAN-20','RR-MON-DD')                                                                                                                                                                                                                                           
-----------------------------------------------------------------                                                                                                                                                                                                                                           
                                                             1318                                                                                                                                                                                                                                           

SQL> REM 5 05AUGUST/30 - JANuary02-20
SQL> 
SQL> SELECT TO_DATE('05AUGUST/30') - TO_DATE('JANuary02-20','MONTHDD-RR') FROM DUAL;

TO_DATE('05AUGUST/30')-TO_DATE('JANUARY02-20','MONTHDD-RR')                                                                                                                                                                                                                                                 
-----------------------------------------------------------                                                                                                                                                                                                                                                 
                                                       3868                                                                                                                                                                                                                                                 

SQL> SELECT TO_DATE('05AUGUST/30','RRMONTH/DD') - TO_DATE('JANuary02-20','MONTHDD-RR') FROM DUAL;

TO_DATE('05AUGUST/30','RRMONTH/DD')-TO_DATE('JANUARY02-20','MONTHDD-RR')                                                                                                                                                                                                                                    
------------------------------------------------------------------------                                                                                                                                                                                                                                    
                                                                   -5238                                                                                                                                                                                                                                    

SQL> SELECT TO_DATE('05AUGUST/30','RRMONTH/DD') - TO_DATE('JANuary02-20','MONTHRR-DD') FROM DUAL;

TO_DATE('05AUGUST/30','RRMONTH/DD')-TO_DATE('JANUARY02-20','MONTHRR-DD')                                                                                                                                                                                                                                    
------------------------------------------------------------------------                                                                                                                                                                                                                                    
                                                                    1318                                                                                                                                                                                                                                    

SQL> REM 1 FOR CALCULATION WE MUST CONVERT LITERAL VALUE USING TO_DATE FUNCTION.
SQL> 
SQL> REM 2 FOR COMPARISON IF DATE IS IN DEFAULT OR COMPATIBLE FORMATS, EXPLICIT CONVERSION IS NOT NEEDED.
SQL> 
SQL> REM 3 IF DATE IS IN COMPATIBLE FORMAT, SECOND ARGUMENT OF TO_DATE IS OPTIONAL.
SQL> 
SQL> REM 4 IF DATE IS IN IN-COMPATIBLE FORMAT, SECOND ARGUMENT OF TO_DATE IS COMPULSORY/MANDATORY.
SQL> 
SQL> 
SQL> 
SQL> 
SQL> REM TO_CHAR : CONVERTING NUMBER TYPE VALUE INTO CHARACTER TYPE VALUE.
SQL> 
SQL> REM TO_CHAR SYNTAX : TO_CHAR('VALUE','FORMAT')
SQL> 
SQL> REM LIST OF VALID NUMBER FORMAT CHARACTERS : 9 0   . ,  D G   $ L U   S MI PR   EEEE or eeee   V
SQL> 
SQL> 
SQL> REM TO_CHAR IS LARGLY USED FOR DISPLAYING NUMBER TYPE VALUE IN SPEICIFIED/USER DEFINED FORMAT.
SQL> 
SQL> 
SQL> 
SQL> SELECT SALARY FROM EMPLOYEES;

    SALARY                                                                                                                                                                                                                                                                                                  
----------                                                                                                                                                                                                                                                                                                  
     24000                                                                                                                                                                                                                                                                                                  
     17000                                                                                                                                                                                                                                                                                                  
     17000                                                                                                                                                                                                                                                                                                  
      9000                                                                                                                                                                                                                                                                                                  
      6000                                                                                                                                                                                                                                                                                                  
      4200                                                                                                                                                                                                                                                                                                  
      5800                                                                                                                                                                                                                                                                                                  
      3500                                                                                                                                                                                                                                                                                                  
      3100                                                                                                                                                                                                                                                                                                  
      2600                                                                                                                                                                                                                                                                                                  
      2500                                                                                                                                                                                                                                                                                                  
     10500                                                                                                                                                                                                                                                                                                  
     11000                                                                                                                                                                                                                                                                                                  
      8600                                                                                                                                                                                                                                                                                                  
      7000                                                                                                                                                                                                                                                                                                  
      4400                                                                                                                                                                                                                                                                                                  
     13000                                                                                                                                                                                                                                                                                                  
      6000                                                                                                                                                                                                                                                                                                  
     12000                                                                                                                                                                                                                                                                                                  
      8300                                                                                                                                                                                                                                                                                                  

20 rows selected.

SQL> 
SQL> SELECT SALARY , TO_CHAR(SALARY, '99999') FROM EMPLOYEES;

    SALARY TO_CHA                                                                                                                                                                                                                                                                                           
---------- ------                                                                                                                                                                                                                                                                                           
     24000  24000                                                                                                                                                                                                                                                                                           
     17000  17000                                                                                                                                                                                                                                                                                           
     17000  17000                                                                                                                                                                                                                                                                                           
      9000   9000                                                                                                                                                                                                                                                                                           
      6000   6000                                                                                                                                                                                                                                                                                           
      4200   4200                                                                                                                                                                                                                                                                                           
      5800   5800                                                                                                                                                                                                                                                                                           
      3500   3500                                                                                                                                                                                                                                                                                           
      3100   3100                                                                                                                                                                                                                                                                                           
      2600   2600                                                                                                                                                                                                                                                                                           
      2500   2500                                                                                                                                                                                                                                                                                           
     10500  10500                                                                                                                                                                                                                                                                                           
     11000  11000                                                                                                                                                                                                                                                                                           
      8600   8600                                                                                                                                                                                                                                                                                           
      7000   7000                                                                                                                                                                                                                                                                                           
      4400   4400                                                                                                                                                                                                                                                                                           
     13000  13000                                                                                                                                                                                                                                                                                           
      6000   6000                                                                                                                                                                                                                                                                                           
     12000  12000                                                                                                                                                                                                                                                                                           
      8300   8300                                                                                                                                                                                                                                                                                           

20 rows selected.

SQL> SELECT SALARY , TO_CHAR(SALARY, '00000') FROM EMPLOYEES;

    SALARY TO_CHA                                                                                                                                                                                                                                                                                           
---------- ------                                                                                                                                                                                                                                                                                           
     24000  24000                                                                                                                                                                                                                                                                                           
     17000  17000                                                                                                                                                                                                                                                                                           
     17000  17000                                                                                                                                                                                                                                                                                           
      9000  09000                                                                                                                                                                                                                                                                                           
      6000  06000                                                                                                                                                                                                                                                                                           
      4200  04200                                                                                                                                                                                                                                                                                           
      5800  05800                                                                                                                                                                                                                                                                                           
      3500  03500                                                                                                                                                                                                                                                                                           
      3100  03100                                                                                                                                                                                                                                                                                           
      2600  02600                                                                                                                                                                                                                                                                                           
      2500  02500                                                                                                                                                                                                                                                                                           
     10500  10500                                                                                                                                                                                                                                                                                           
     11000  11000                                                                                                                                                                                                                                                                                           
      8600  08600                                                                                                                                                                                                                                                                                           
      7000  07000                                                                                                                                                                                                                                                                                           
      4400  04400                                                                                                                                                                                                                                                                                           
     13000  13000                                                                                                                                                                                                                                                                                           
      6000  06000                                                                                                                                                                                                                                                                                           
     12000  12000                                                                                                                                                                                                                                                                                           
      8300  08300                                                                                                                                                                                                                                                                                           

20 rows selected.

SQL> SELECT SALARY , TO_CHAR(SALARY, '000000') FROM EMPLOYEES;

    SALARY TO_CHAR                                                                                                                                                                                                                                                                                          
---------- -------                                                                                                                                                                                                                                                                                          
     24000  024000                                                                                                                                                                                                                                                                                          
     17000  017000                                                                                                                                                                                                                                                                                          
     17000  017000                                                                                                                                                                                                                                                                                          
      9000  009000                                                                                                                                                                                                                                                                                          
      6000  006000                                                                                                                                                                                                                                                                                          
      4200  004200                                                                                                                                                                                                                                                                                          
      5800  005800                                                                                                                                                                                                                                                                                          
      3500  003500                                                                                                                                                                                                                                                                                          
      3100  003100                                                                                                                                                                                                                                                                                          
      2600  002600                                                                                                                                                                                                                                                                                          
      2500  002500                                                                                                                                                                                                                                                                                          
     10500  010500                                                                                                                                                                                                                                                                                          
     11000  011000                                                                                                                                                                                                                                                                                          
      8600  008600                                                                                                                                                                                                                                                                                          
      7000  007000                                                                                                                                                                                                                                                                                          
      4400  004400                                                                                                                                                                                                                                                                                          
     13000  013000                                                                                                                                                                                                                                                                                          
      6000  006000                                                                                                                                                                                                                                                                                          
     12000  012000                                                                                                                                                                                                                                                                                          
      8300  008300                                                                                                                                                                                                                                                                                          

20 rows selected.

SQL> SELECT SALARY , TO_CHAR(SALARY, '90000') FROM EMPLOYEES;

    SALARY TO_CHA                                                                                                                                                                                                                                                                                           
---------- ------                                                                                                                                                                                                                                                                                           
     24000  24000                                                                                                                                                                                                                                                                                           
     17000  17000                                                                                                                                                                                                                                                                                           
     17000  17000                                                                                                                                                                                                                                                                                           
      9000   9000                                                                                                                                                                                                                                                                                           
      6000   6000                                                                                                                                                                                                                                                                                           
      4200   4200                                                                                                                                                                                                                                                                                           
      5800   5800                                                                                                                                                                                                                                                                                           
      3500   3500                                                                                                                                                                                                                                                                                           
      3100   3100                                                                                                                                                                                                                                                                                           
      2600   2600                                                                                                                                                                                                                                                                                           
      2500   2500                                                                                                                                                                                                                                                                                           
     10500  10500                                                                                                                                                                                                                                                                                           
     11000  11000                                                                                                                                                                                                                                                                                           
      8600   8600                                                                                                                                                                                                                                                                                           
      7000   7000                                                                                                                                                                                                                                                                                           
      4400   4400                                                                                                                                                                                                                                                                                           
     13000  13000                                                                                                                                                                                                                                                                                           
      6000   6000                                                                                                                                                                                                                                                                                           
     12000  12000                                                                                                                                                                                                                                                                                           
      8300   8300                                                                                                                                                                                                                                                                                           

20 rows selected.

SQL> SELECT SALARY , TO_CHAR(SALARY, '900000') FROM EMPLOYEES;

    SALARY TO_CHAR                                                                                                                                                                                                                                                                                          
---------- -------                                                                                                                                                                                                                                                                                          
     24000   24000                                                                                                                                                                                                                                                                                          
     17000   17000                                                                                                                                                                                                                                                                                          
     17000   17000                                                                                                                                                                                                                                                                                          
      9000   09000                                                                                                                                                                                                                                                                                          
      6000   06000                                                                                                                                                                                                                                                                                          
      4200   04200                                                                                                                                                                                                                                                                                          
      5800   05800                                                                                                                                                                                                                                                                                          
      3500   03500                                                                                                                                                                                                                                                                                          
      3100   03100                                                                                                                                                                                                                                                                                          
      2600   02600                                                                                                                                                                                                                                                                                          
      2500   02500                                                                                                                                                                                                                                                                                          
     10500   10500                                                                                                                                                                                                                                                                                          
     11000   11000                                                                                                                                                                                                                                                                                          
      8600   08600                                                                                                                                                                                                                                                                                          
      7000   07000                                                                                                                                                                                                                                                                                          
      4400   04400                                                                                                                                                                                                                                                                                          
     13000   13000                                                                                                                                                                                                                                                                                          
      6000   06000                                                                                                                                                                                                                                                                                          
     12000   12000                                                                                                                                                                                                                                                                                          
      8300   08300                                                                                                                                                                                                                                                                                          

20 rows selected.

SQL> SELECT SALARY , TO_CHAR(SALARY, '090000') FROM EMPLOYEES;

    SALARY TO_CHAR                                                                                                                                                                                                                                                                                          
---------- -------                                                                                                                                                                                                                                                                                          
     24000  024000                                                                                                                                                                                                                                                                                          
     17000  017000                                                                                                                                                                                                                                                                                          
     17000  017000                                                                                                                                                                                                                                                                                          
      9000  009000                                                                                                                                                                                                                                                                                          
      6000  006000                                                                                                                                                                                                                                                                                          
      4200  004200                                                                                                                                                                                                                                                                                          
      5800  005800                                                                                                                                                                                                                                                                                          
      3500  003500                                                                                                                                                                                                                                                                                          
      3100  003100                                                                                                                                                                                                                                                                                          
      2600  002600                                                                                                                                                                                                                                                                                          
      2500  002500                                                                                                                                                                                                                                                                                          
     10500  010500                                                                                                                                                                                                                                                                                          
     11000  011000                                                                                                                                                                                                                                                                                          
      8600  008600                                                                                                                                                                                                                                                                                          
      7000  007000                                                                                                                                                                                                                                                                                          
      4400  004400                                                                                                                                                                                                                                                                                          
     13000  013000                                                                                                                                                                                                                                                                                          
      6000  006000                                                                                                                                                                                                                                                                                          
     12000  012000                                                                                                                                                                                                                                                                                          
      8300  008300                                                                                                                                                                                                                                                                                          

20 rows selected.

SQL> SELECT SALARY , TO_CHAR(SALARY, '55500') FROM EMPLOYEES;
SELECT SALARY , TO_CHAR(SALARY, '55500') FROM EMPLOYEES
                                *
ERROR at line 1:
ORA-01481: invalid number format model 


SQL> SELECT SALARY , TO_CHAR(SALARY, '55566') FROM EMPLOYEES;
SELECT SALARY , TO_CHAR(SALARY, '55566') FROM EMPLOYEES
                                *
ERROR at line 1:
ORA-01481: invalid number format model 


SQL> REM LIST OF VALID NUMBER FORMAT CHARACTERS : 9 0   . ,  D G   $ L U   S MI PR   EEEE or eeee   V
SQL> 
SQL> 
SQL> SELECT SALARY , TO_CHAR(SALARY, '99999.99') FROM EMPLOYEES;

    SALARY TO_CHAR(S                                                                                                                                                                                                                                                                                        
---------- ---------                                                                                                                                                                                                                                                                                        
     24000  24000.00                                                                                                                                                                                                                                                                                        
     17000  17000.00                                                                                                                                                                                                                                                                                        
     17000  17000.00                                                                                                                                                                                                                                                                                        
      9000   9000.00                                                                                                                                                                                                                                                                                        
      6000   6000.00                                                                                                                                                                                                                                                                                        
      4200   4200.00                                                                                                                                                                                                                                                                                        
      5800   5800.00                                                                                                                                                                                                                                                                                        
      3500   3500.00                                                                                                                                                                                                                                                                                        
      3100   3100.00                                                                                                                                                                                                                                                                                        
      2600   2600.00                                                                                                                                                                                                                                                                                        
      2500   2500.00                                                                                                                                                                                                                                                                                        
     10500  10500.00                                                                                                                                                                                                                                                                                        
     11000  11000.00                                                                                                                                                                                                                                                                                        
      8600   8600.00                                                                                                                                                                                                                                                                                        
      7000   7000.00                                                                                                                                                                                                                                                                                        
      4400   4400.00                                                                                                                                                                                                                                                                                        
     13000  13000.00                                                                                                                                                                                                                                                                                        
      6000   6000.00                                                                                                                                                                                                                                                                                        
     12000  12000.00                                                                                                                                                                                                                                                                                        
      8300   8300.00                                                                                                                                                                                                                                                                                        

20 rows selected.

SQL> SELECT SALARY , TO_CHAR(SALARY, '99999.090') FROM EMPLOYEES;

    SALARY TO_CHAR(SA                                                                                                                                                                                                                                                                                       
---------- ----------                                                                                                                                                                                                                                                                                       
     24000  24000.000                                                                                                                                                                                                                                                                                       
     17000  17000.000                                                                                                                                                                                                                                                                                       
     17000  17000.000                                                                                                                                                                                                                                                                                       
      9000   9000.000                                                                                                                                                                                                                                                                                       
      6000   6000.000                                                                                                                                                                                                                                                                                       
      4200   4200.000                                                                                                                                                                                                                                                                                       
      5800   5800.000                                                                                                                                                                                                                                                                                       
      3500   3500.000                                                                                                                                                                                                                                                                                       
      3100   3100.000                                                                                                                                                                                                                                                                                       
      2600   2600.000                                                                                                                                                                                                                                                                                       
      2500   2500.000                                                                                                                                                                                                                                                                                       
     10500  10500.000                                                                                                                                                                                                                                                                                       
     11000  11000.000                                                                                                                                                                                                                                                                                       
      8600   8600.000                                                                                                                                                                                                                                                                                       
      7000   7000.000                                                                                                                                                                                                                                                                                       
      4400   4400.000                                                                                                                                                                                                                                                                                       
     13000  13000.000                                                                                                                                                                                                                                                                                       
      6000   6000.000                                                                                                                                                                                                                                                                                       
     12000  12000.000                                                                                                                                                                                                                                                                                       
      8300   8300.000                                                                                                                                                                                                                                                                                       

20 rows selected.

SQL> SELECT SALARY , TO_CHAR(SALARY, '99,999.90') FROM EMPLOYEES;

    SALARY TO_CHAR(SA                                                                                                                                                                                                                                                                                       
---------- ----------                                                                                                                                                                                                                                                                                       
     24000  24,000.00                                                                                                                                                                                                                                                                                       
     17000  17,000.00                                                                                                                                                                                                                                                                                       
     17000  17,000.00                                                                                                                                                                                                                                                                                       
      9000   9,000.00                                                                                                                                                                                                                                                                                       
      6000   6,000.00                                                                                                                                                                                                                                                                                       
      4200   4,200.00                                                                                                                                                                                                                                                                                       
      5800   5,800.00                                                                                                                                                                                                                                                                                       
      3500   3,500.00                                                                                                                                                                                                                                                                                       
      3100   3,100.00                                                                                                                                                                                                                                                                                       
      2600   2,600.00                                                                                                                                                                                                                                                                                       
      2500   2,500.00                                                                                                                                                                                                                                                                                       
     10500  10,500.00                                                                                                                                                                                                                                                                                       
     11000  11,000.00                                                                                                                                                                                                                                                                                       
      8600   8,600.00                                                                                                                                                                                                                                                                                       
      7000   7,000.00                                                                                                                                                                                                                                                                                       
      4400   4,400.00                                                                                                                                                                                                                                                                                       
     13000  13,000.00                                                                                                                                                                                                                                                                                       
      6000   6,000.00                                                                                                                                                                                                                                                                                       
     12000  12,000.00                                                                                                                                                                                                                                                                                       
      8300   8,300.00                                                                                                                                                                                                                                                                                       

20 rows selected.

SQL> SELECT SALARY , TO_CHAR(SALARY, '99G999D90') FROM EMPLOYEES;

    SALARY TO_CHAR(SA                                                                                                                                                                                                                                                                                       
---------- ----------                                                                                                                                                                                                                                                                                       
     24000  24,000.00                                                                                                                                                                                                                                                                                       
     17000  17,000.00                                                                                                                                                                                                                                                                                       
     17000  17,000.00                                                                                                                                                                                                                                                                                       
      9000   9,000.00                                                                                                                                                                                                                                                                                       
      6000   6,000.00                                                                                                                                                                                                                                                                                       
      4200   4,200.00                                                                                                                                                                                                                                                                                       
      5800   5,800.00                                                                                                                                                                                                                                                                                       
      3500   3,500.00                                                                                                                                                                                                                                                                                       
      3100   3,100.00                                                                                                                                                                                                                                                                                       
      2600   2,600.00                                                                                                                                                                                                                                                                                       
      2500   2,500.00                                                                                                                                                                                                                                                                                       
     10500  10,500.00                                                                                                                                                                                                                                                                                       
     11000  11,000.00                                                                                                                                                                                                                                                                                       
      8600   8,600.00                                                                                                                                                                                                                                                                                       
      7000   7,000.00                                                                                                                                                                                                                                                                                       
      4400   4,400.00                                                                                                                                                                                                                                                                                       
     13000  13,000.00                                                                                                                                                                                                                                                                                       
      6000   6,000.00                                                                                                                                                                                                                                                                                       
     12000  12,000.00                                                                                                                                                                                                                                                                                       
      8300   8,300.00                                                                                                                                                                                                                                                                                       

20 rows selected.

SQL> SELECT SALARY , TO_CHAR(SALARY, '99|999#90') FROM EMPLOYEES;
SELECT SALARY , TO_CHAR(SALARY, '99|999#90') FROM EMPLOYEES
                                *
ERROR at line 1:
ORA-01481: invalid number format model 


SQL> ALTER SESSION SET NLS_NUMERIC_CHRACTERS = '#|';
ALTER SESSION SET NLS_NUMERIC_CHRACTERS = '#|'
*
ERROR at line 1:
ORA-00922: missing or invalid option 


SQL> ALTER SESSION SET NLS_NUMERIC_CHARACTERS = '#|';

Session altered.

SQL> SELECT SALARY , TO_CHAR(SALARY, '99G999D90') FROM EMPLOYEES;

    SALARY TO_CHAR(SA                                                                                                                                                                                                                                                                                       
---------- ----------                                                                                                                                                                                                                                                                                       
     24000  24|000#00                                                                                                                                                                                                                                                                                       
     17000  17|000#00                                                                                                                                                                                                                                                                                       
     17000  17|000#00                                                                                                                                                                                                                                                                                       
      9000   9|000#00                                                                                                                                                                                                                                                                                       
      6000   6|000#00                                                                                                                                                                                                                                                                                       
      4200   4|200#00                                                                                                                                                                                                                                                                                       
      5800   5|800#00                                                                                                                                                                                                                                                                                       
      3500   3|500#00                                                                                                                                                                                                                                                                                       
      3100   3|100#00                                                                                                                                                                                                                                                                                       
      2600   2|600#00                                                                                                                                                                                                                                                                                       
      2500   2|500#00                                                                                                                                                                                                                                                                                       
     10500  10|500#00                                                                                                                                                                                                                                                                                       
     11000  11|000#00                                                                                                                                                                                                                                                                                       
      8600   8|600#00                                                                                                                                                                                                                                                                                       
      7000   7|000#00                                                                                                                                                                                                                                                                                       
      4400   4|400#00                                                                                                                                                                                                                                                                                       
     13000  13|000#00                                                                                                                                                                                                                                                                                       
      6000   6|000#00                                                                                                                                                                                                                                                                                       
     12000  12|000#00                                                                                                                                                                                                                                                                                       
      8300   8|300#00                                                                                                                                                                                                                                                                                       

20 rows selected.

SQL> SELECT SALARY , TO_CHAR(SALARY, '99G999.90') FROM EMPLOYEES;
SELECT SALARY , TO_CHAR(SALARY, '99G999.90') FROM EMPLOYEES
                                *
ERROR at line 1:
ORA-01481: invalid number format model 


SQL> SELECT SALARY , TO_CHAR(SALARY, '99,999D90') FROM EMPLOYEES;
SELECT SALARY , TO_CHAR(SALARY, '99,999D90') FROM EMPLOYEES
                                *
ERROR at line 1:
ORA-01481: invalid number format model 


SQL> SELECT SALARY , TO_CHAR(SALARY, '$99,999.90') FROM EMPLOYEES;

    SALARY TO_CHAR(SAL                                                                                                                                                                                                                                                                                      
---------- -----------                                                                                                                                                                                                                                                                                      
     24000  $24,000.00                                                                                                                                                                                                                                                                                      
     17000  $17,000.00                                                                                                                                                                                                                                                                                      
     17000  $17,000.00                                                                                                                                                                                                                                                                                      
      9000   $9,000.00                                                                                                                                                                                                                                                                                      
      6000   $6,000.00                                                                                                                                                                                                                                                                                      
      4200   $4,200.00                                                                                                                                                                                                                                                                                      
      5800   $5,800.00                                                                                                                                                                                                                                                                                      
      3500   $3,500.00                                                                                                                                                                                                                                                                                      
      3100   $3,100.00                                                                                                                                                                                                                                                                                      
      2600   $2,600.00                                                                                                                                                                                                                                                                                      
      2500   $2,500.00                                                                                                                                                                                                                                                                                      
     10500  $10,500.00                                                                                                                                                                                                                                                                                      
     11000  $11,000.00                                                                                                                                                                                                                                                                                      
      8600   $8,600.00                                                                                                                                                                                                                                                                                      
      7000   $7,000.00                                                                                                                                                                                                                                                                                      
      4400   $4,400.00                                                                                                                                                                                                                                                                                      
     13000  $13,000.00                                                                                                                                                                                                                                                                                      
      6000   $6,000.00                                                                                                                                                                                                                                                                                      
     12000  $12,000.00                                                                                                                                                                                                                                                                                      
      8300   $8,300.00                                                                                                                                                                                                                                                                                      

20 rows selected.

SQL> SELECT SALARY , TO_CHAR(SALARY, '99,9$99.90') FROM EMPLOYEES;

    SALARY TO_CHAR(SAL                                                                                                                                                                                                                                                                                      
---------- -----------                                                                                                                                                                                                                                                                                      
     24000  $24,000.00                                                                                                                                                                                                                                                                                      
     17000  $17,000.00                                                                                                                                                                                                                                                                                      
     17000  $17,000.00                                                                                                                                                                                                                                                                                      
      9000   $9,000.00                                                                                                                                                                                                                                                                                      
      6000   $6,000.00                                                                                                                                                                                                                                                                                      
      4200   $4,200.00                                                                                                                                                                                                                                                                                      
      5800   $5,800.00                                                                                                                                                                                                                                                                                      
      3500   $3,500.00                                                                                                                                                                                                                                                                                      
      3100   $3,100.00                                                                                                                                                                                                                                                                                      
      2600   $2,600.00                                                                                                                                                                                                                                                                                      
      2500   $2,500.00                                                                                                                                                                                                                                                                                      
     10500  $10,500.00                                                                                                                                                                                                                                                                                      
     11000  $11,000.00                                                                                                                                                                                                                                                                                      
      8600   $8,600.00                                                                                                                                                                                                                                                                                      
      7000   $7,000.00                                                                                                                                                                                                                                                                                      
      4400   $4,400.00                                                                                                                                                                                                                                                                                      
     13000  $13,000.00                                                                                                                                                                                                                                                                                      
      6000   $6,000.00                                                                                                                                                                                                                                                                                      
     12000  $12,000.00                                                                                                                                                                                                                                                                                      
      8300   $8,300.00                                                                                                                                                                                                                                                                                      

20 rows selected.

SQL> SELECT SALARY , TO_CHAR(SALARY, '99,999.90$') FROM EMPLOYEES;

    SALARY TO_CHAR(SAL                                                                                                                                                                                                                                                                                      
---------- -----------                                                                                                                                                                                                                                                                                      
     24000  $24,000.00                                                                                                                                                                                                                                                                                      
     17000  $17,000.00                                                                                                                                                                                                                                                                                      
     17000  $17,000.00                                                                                                                                                                                                                                                                                      
      9000   $9,000.00                                                                                                                                                                                                                                                                                      
      6000   $6,000.00                                                                                                                                                                                                                                                                                      
      4200   $4,200.00                                                                                                                                                                                                                                                                                      
      5800   $5,800.00                                                                                                                                                                                                                                                                                      
      3500   $3,500.00                                                                                                                                                                                                                                                                                      
      3100   $3,100.00                                                                                                                                                                                                                                                                                      
      2600   $2,600.00                                                                                                                                                                                                                                                                                      
      2500   $2,500.00                                                                                                                                                                                                                                                                                      
     10500  $10,500.00                                                                                                                                                                                                                                                                                      
     11000  $11,000.00                                                                                                                                                                                                                                                                                      
      8600   $8,600.00                                                                                                                                                                                                                                                                                      
      7000   $7,000.00                                                                                                                                                                                                                                                                                      
      4400   $4,400.00                                                                                                                                                                                                                                                                                      
     13000  $13,000.00                                                                                                                                                                                                                                                                                      
      6000   $6,000.00                                                                                                                                                                                                                                                                                      
     12000  $12,000.00                                                                                                                                                                                                                                                                                      
      8300   $8,300.00                                                                                                                                                                                                                                                                                      

20 rows selected.

SQL> SELECT SALARY , TO_CHAR(SALARY, '99,999.90L') FROM EMPLOYEES;

    SALARY TO_CHAR(SALARY,'99,9                                                                                                                                                                                                                                                                             
---------- --------------------                                                                                                                                                                                                                                                                             
     24000           24,000.00$                                                                                                                                                                                                                                                                             
     17000           17,000.00$                                                                                                                                                                                                                                                                             
     17000           17,000.00$                                                                                                                                                                                                                                                                             
      9000            9,000.00$                                                                                                                                                                                                                                                                             
      6000            6,000.00$                                                                                                                                                                                                                                                                             
      4200            4,200.00$                                                                                                                                                                                                                                                                             
      5800            5,800.00$                                                                                                                                                                                                                                                                             
      3500            3,500.00$                                                                                                                                                                                                                                                                             
      3100            3,100.00$                                                                                                                                                                                                                                                                             
      2600            2,600.00$                                                                                                                                                                                                                                                                             
      2500            2,500.00$                                                                                                                                                                                                                                                                             
     10500           10,500.00$                                                                                                                                                                                                                                                                             
     11000           11,000.00$                                                                                                                                                                                                                                                                             
      8600            8,600.00$                                                                                                                                                                                                                                                                             
      7000            7,000.00$                                                                                                                                                                                                                                                                             
      4400            4,400.00$                                                                                                                                                                                                                                                                             
     13000           13,000.00$                                                                                                                                                                                                                                                                             
      6000            6,000.00$                                                                                                                                                                                                                                                                             
     12000           12,000.00$                                                                                                                                                                                                                                                                             
      8300            8,300.00$                                                                                                                                                                                                                                                                             

20 rows selected.

SQL> SELECT SALARY , TO_CHAR(SALARY, '99,999.90U') FROM EMPLOYEES;

    SALARY TO_CHAR(SALARY,'99,9                                                                                                                                                                                                                                                                             
---------- --------------------                                                                                                                                                                                                                                                                             
     24000           24,000.00$                                                                                                                                                                                                                                                                             
     17000           17,000.00$                                                                                                                                                                                                                                                                             
     17000           17,000.00$                                                                                                                                                                                                                                                                             
      9000            9,000.00$                                                                                                                                                                                                                                                                             
      6000            6,000.00$                                                                                                                                                                                                                                                                             
      4200            4,200.00$                                                                                                                                                                                                                                                                             
      5800            5,800.00$                                                                                                                                                                                                                                                                             
      3500            3,500.00$                                                                                                                                                                                                                                                                             
      3100            3,100.00$                                                                                                                                                                                                                                                                             
      2600            2,600.00$                                                                                                                                                                                                                                                                             
      2500            2,500.00$                                                                                                                                                                                                                                                                             
     10500           10,500.00$                                                                                                                                                                                                                                                                             
     11000           11,000.00$                                                                                                                                                                                                                                                                             
      8600            8,600.00$                                                                                                                                                                                                                                                                             
      7000            7,000.00$                                                                                                                                                                                                                                                                             
      4400            4,400.00$                                                                                                                                                                                                                                                                             
     13000           13,000.00$                                                                                                                                                                                                                                                                             
      6000            6,000.00$                                                                                                                                                                                                                                                                             
     12000           12,000.00$                                                                                                                                                                                                                                                                             
      8300            8,300.00$                                                                                                                                                                                                                                                                             

20 rows selected.

SQL> ALTER SESSION SET NLS_CURRENCY = 'Rs.';

Session altered.

SQL> ALTER SESSION SET NLS_dual_CURRENCY = '';

Session altered.

SQL> 
SQL> SELECT SALARY , TO_CHAR(SALARY, '99,999.90L') FROM EMPLOYEES;

    SALARY TO_CHAR(SALARY,'99,9                                                                                                                                                                                                                                                                             
---------- --------------------                                                                                                                                                                                                                                                                             
     24000         24,000.00Rs.                                                                                                                                                                                                                                                                             
     17000         17,000.00Rs.                                                                                                                                                                                                                                                                             
     17000         17,000.00Rs.                                                                                                                                                                                                                                                                             
      9000          9,000.00Rs.                                                                                                                                                                                                                                                                             
      6000          6,000.00Rs.                                                                                                                                                                                                                                                                             
      4200          4,200.00Rs.                                                                                                                                                                                                                                                                             
      5800          5,800.00Rs.                                                                                                                                                                                                                                                                             
      3500          3,500.00Rs.                                                                                                                                                                                                                                                                             
      3100          3,100.00Rs.                                                                                                                                                                                                                                                                             
      2600          2,600.00Rs.                                                                                                                                                                                                                                                                             
      2500          2,500.00Rs.                                                                                                                                                                                                                                                                             
     10500         10,500.00Rs.                                                                                                                                                                                                                                                                             
     11000         11,000.00Rs.                                                                                                                                                                                                                                                                             
      8600          8,600.00Rs.                                                                                                                                                                                                                                                                             
      7000          7,000.00Rs.                                                                                                                                                                                                                                                                             
      4400          4,400.00Rs.                                                                                                                                                                                                                                                                             
     13000         13,000.00Rs.                                                                                                                                                                                                                                                                             
      6000          6,000.00Rs.                                                                                                                                                                                                                                                                             
     12000         12,000.00Rs.                                                                                                                                                                                                                                                                             
      8300          8,300.00Rs.                                                                                                                                                                                                                                                                             

20 rows selected.

SQL> SELECT SALARY , TO_CHAR(SALARY, '99,999.90U') FROM EMPLOYEES;

    SALARY TO_CHAR(SALARY,'99,9                                                                                                                                                                                                                                                                             
---------- --------------------                                                                                                                                                                                                                                                                             
     24000          24,000.00                                                                                                                                                                                                                                                                              
     17000          17,000.00                                                                                                                                                                                                                                                                              
     17000          17,000.00                                                                                                                                                                                                                                                                              
      9000           9,000.00                                                                                                                                                                                                                                                                              
      6000           6,000.00                                                                                                                                                                                                                                                                              
      4200           4,200.00                                                                                                                                                                                                                                                                              
      5800           5,800.00                                                                                                                                                                                                                                                                              
      3500           3,500.00                                                                                                                                                                                                                                                                              
      3100           3,100.00                                                                                                                                                                                                                                                                              
      2600           2,600.00                                                                                                                                                                                                                                                                              
      2500           2,500.00                                                                                                                                                                                                                                                                              
     10500          10,500.00                                                                                                                                                                                                                                                                              
     11000          11,000.00                                                                                                                                                                                                                                                                              
      8600           8,600.00                                                                                                                                                                                                                                                                              
      7000           7,000.00                                                                                                                                                                                                                                                                              
      4400           4,400.00                                                                                                                                                                                                                                                                              
     13000          13,000.00                                                                                                                                                                                                                                                                              
      6000           6,000.00                                                                                                                                                                                                                                                                              
     12000          12,000.00                                                                                                                                                                                                                                                                              
      8300           8,300.00                                                                                                                                                                                                                                                                              

20 rows selected.

SQL> SELECT SALARY , TO_CHAR(SALARY, 'l99,999.90') FROM EMPLOYEES;

    SALARY TO_CHAR(SALARY,'L99,                                                                                                                                                                                                                                                                             
---------- --------------------                                                                                                                                                                                                                                                                             
     24000         Rs.24,000.00                                                                                                                                                                                                                                                                             
     17000         Rs.17,000.00                                                                                                                                                                                                                                                                             
     17000         Rs.17,000.00                                                                                                                                                                                                                                                                             
      9000          Rs.9,000.00                                                                                                                                                                                                                                                                             
      6000          Rs.6,000.00                                                                                                                                                                                                                                                                             
      4200          Rs.4,200.00                                                                                                                                                                                                                                                                             
      5800          Rs.5,800.00                                                                                                                                                                                                                                                                             
      3500          Rs.3,500.00                                                                                                                                                                                                                                                                             
      3100          Rs.3,100.00                                                                                                                                                                                                                                                                             
      2600          Rs.2,600.00                                                                                                                                                                                                                                                                             
      2500          Rs.2,500.00                                                                                                                                                                                                                                                                             
     10500         Rs.10,500.00                                                                                                                                                                                                                                                                             
     11000         Rs.11,000.00                                                                                                                                                                                                                                                                             
      8600          Rs.8,600.00                                                                                                                                                                                                                                                                             
      7000          Rs.7,000.00                                                                                                                                                                                                                                                                             
      4400          Rs.4,400.00                                                                                                                                                                                                                                                                             
     13000         Rs.13,000.00                                                                                                                                                                                                                                                                             
      6000          Rs.6,000.00                                                                                                                                                                                                                                                                             
     12000         Rs.12,000.00                                                                                                                                                                                                                                                                             
      8300          Rs.8,300.00                                                                                                                                                                                                                                                                             

20 rows selected.

SQL> SELECT SALARY , TO_CHAR(SALARY, 'U99,999.90') FROM EMPLOYEES;

    SALARY TO_CHAR(SALARY,'U99,                                                                                                                                                                                                                                                                             
---------- --------------------                                                                                                                                                                                                                                                                             
     24000          24,000.00                                                                                                                                                                                                                                                                              
     17000          17,000.00                                                                                                                                                                                                                                                                              
     17000          17,000.00                                                                                                                                                                                                                                                                              
      9000           9,000.00                                                                                                                                                                                                                                                                              
      6000           6,000.00                                                                                                                                                                                                                                                                              
      4200           4,200.00                                                                                                                                                                                                                                                                              
      5800           5,800.00                                                                                                                                                                                                                                                                              
      3500           3,500.00                                                                                                                                                                                                                                                                              
      3100           3,100.00                                                                                                                                                                                                                                                                              
      2600           2,600.00                                                                                                                                                                                                                                                                              
      2500           2,500.00                                                                                                                                                                                                                                                                              
     10500          10,500.00                                                                                                                                                                                                                                                                              
     11000          11,000.00                                                                                                                                                                                                                                                                              
      8600           8,600.00                                                                                                                                                                                                                                                                              
      7000           7,000.00                                                                                                                                                                                                                                                                              
      4400           4,400.00                                                                                                                                                                                                                                                                              
     13000          13,000.00                                                                                                                                                                                                                                                                              
      6000           6,000.00                                                                                                                                                                                                                                                                              
     12000          12,000.00                                                                                                                                                                                                                                                                              
      8300           8,300.00                                                                                                                                                                                                                                                                              

20 rows selected.

SQL> REM LIST OF VALID NUMBER FORMAT CHARACTERS : 9 0   . ,  D G   $ L U   S MI PR   EEEE or eeee   V
SQL> 
SQL> 
SQL> SELECT SALARY , TO_CHAR(SALARY, 'S99999.99') FROM EMPLOYEES;

    SALARY TO_CHAR(S                                                                                                                                                                                                                                                                                        
---------- ---------                                                                                                                                                                                                                                                                                        
     24000 +24000.00                                                                                                                                                                                                                                                                                        
     17000 +17000.00                                                                                                                                                                                                                                                                                        
     17000 +17000.00                                                                                                                                                                                                                                                                                        
      9000  +9000.00                                                                                                                                                                                                                                                                                        
      6000  +6000.00                                                                                                                                                                                                                                                                                        
      4200  +4200.00                                                                                                                                                                                                                                                                                        
      5800  +5800.00                                                                                                                                                                                                                                                                                        
      3500  +3500.00                                                                                                                                                                                                                                                                                        
      3100  +3100.00                                                                                                                                                                                                                                                                                        
      2600  +2600.00                                                                                                                                                                                                                                                                                        
      2500  +2500.00                                                                                                                                                                                                                                                                                        
     10500 +10500.00                                                                                                                                                                                                                                                                                        
     11000 +11000.00                                                                                                                                                                                                                                                                                        
      8600  +8600.00                                                                                                                                                                                                                                                                                        
      7000  +7000.00                                                                                                                                                                                                                                                                                        
      4400  +4400.00                                                                                                                                                                                                                                                                                        
     13000 +13000.00                                                                                                                                                                                                                                                                                        
      6000  +6000.00                                                                                                                                                                                                                                                                                        
     12000 +12000.00                                                                                                                                                                                                                                                                                        
      8300  +8300.00                                                                                                                                                                                                                                                                                        

20 rows selected.

SQL> SELECT SALARY , TO_CHAR(SALARY, '99999.99S') FROM EMPLOYEES;

    SALARY TO_CHAR(S                                                                                                                                                                                                                                                                                        
---------- ---------                                                                                                                                                                                                                                                                                        
     24000 24000.00+                                                                                                                                                                                                                                                                                        
     17000 17000.00+                                                                                                                                                                                                                                                                                        
     17000 17000.00+                                                                                                                                                                                                                                                                                        
      9000  9000.00+                                                                                                                                                                                                                                                                                        
      6000  6000.00+                                                                                                                                                                                                                                                                                        
      4200  4200.00+                                                                                                                                                                                                                                                                                        
      5800  5800.00+                                                                                                                                                                                                                                                                                        
      3500  3500.00+                                                                                                                                                                                                                                                                                        
      3100  3100.00+                                                                                                                                                                                                                                                                                        
      2600  2600.00+                                                                                                                                                                                                                                                                                        
      2500  2500.00+                                                                                                                                                                                                                                                                                        
     10500 10500.00+                                                                                                                                                                                                                                                                                        
     11000 11000.00+                                                                                                                                                                                                                                                                                        
      8600  8600.00+                                                                                                                                                                                                                                                                                        
      7000  7000.00+                                                                                                                                                                                                                                                                                        
      4400  4400.00+                                                                                                                                                                                                                                                                                        
     13000 13000.00+                                                                                                                                                                                                                                                                                        
      6000  6000.00+                                                                                                                                                                                                                                                                                        
     12000 12000.00+                                                                                                                                                                                                                                                                                        
      8300  8300.00+                                                                                                                                                                                                                                                                                        

20 rows selected.

SQL> REM LIST OF VALID NUMBER FORMAT CHARACTERS : 9 0   . ,  D G   $ L U   S MI PR   EEEE or eeee   V
SQL> 
SQL> 
SQL> REM 1 24000.00
SQL> 
SQL> REM 2 24,000
SQL> 
SQL> REM 3 24,000.00
SQL> 
SQL> REM 4 24,000^00
SQL> 
SQL> REM 5 24|000.00
SQL> 
SQL> REM 6 24#000~00
SQL> 
SQL> REM 7 $24000
SQL> 
SQL> REM 8 24000$
SQL> 
SQL> REM 9 Rs.24,000.00+
SQL> 
SQL> REM 10 24(000)00
SQL> 
SQL> 
SQL> REM 1 24000.00
SQL> 
SQL> SELECT SALARY , TO_CHAR(SALARY,'99999.00') FROM EMPLOYEES;

    SALARY TO_CHAR(S                                                                                                                                                                                                                                                                                        
---------- ---------                                                                                                                                                                                                                                                                                        
     24000  24000.00                                                                                                                                                                                                                                                                                        
     17000  17000.00                                                                                                                                                                                                                                                                                        
     17000  17000.00                                                                                                                                                                                                                                                                                        
      9000   9000.00                                                                                                                                                                                                                                                                                        
      6000   6000.00                                                                                                                                                                                                                                                                                        
      4200   4200.00                                                                                                                                                                                                                                                                                        
      5800   5800.00                                                                                                                                                                                                                                                                                        
      3500   3500.00                                                                                                                                                                                                                                                                                        
      3100   3100.00                                                                                                                                                                                                                                                                                        
      2600   2600.00                                                                                                                                                                                                                                                                                        
      2500   2500.00                                                                                                                                                                                                                                                                                        
     10500  10500.00                                                                                                                                                                                                                                                                                        
     11000  11000.00                                                                                                                                                                                                                                                                                        
      8600   8600.00                                                                                                                                                                                                                                                                                        
      7000   7000.00                                                                                                                                                                                                                                                                                        
      4400   4400.00                                                                                                                                                                                                                                                                                        
     13000  13000.00                                                                                                                                                                                                                                                                                        
      6000   6000.00                                                                                                                                                                                                                                                                                        
     12000  12000.00                                                                                                                                                                                                                                                                                        
      8300   8300.00                                                                                                                                                                                                                                                                                        

20 rows selected.

SQL> REM 2 24,000
SQL> 
SQL> SELECT SALARY , TO_CHAR(SALARY,'99,999') FROM EMPLOYEES;

    SALARY TO_CHAR                                                                                                                                                                                                                                                                                          
---------- -------                                                                                                                                                                                                                                                                                          
     24000  24,000                                                                                                                                                                                                                                                                                          
     17000  17,000                                                                                                                                                                                                                                                                                          
     17000  17,000                                                                                                                                                                                                                                                                                          
      9000   9,000                                                                                                                                                                                                                                                                                          
      6000   6,000                                                                                                                                                                                                                                                                                          
      4200   4,200                                                                                                                                                                                                                                                                                          
      5800   5,800                                                                                                                                                                                                                                                                                          
      3500   3,500                                                                                                                                                                                                                                                                                          
      3100   3,100                                                                                                                                                                                                                                                                                          
      2600   2,600                                                                                                                                                                                                                                                                                          
      2500   2,500                                                                                                                                                                                                                                                                                          
     10500  10,500                                                                                                                                                                                                                                                                                          
     11000  11,000                                                                                                                                                                                                                                                                                          
      8600   8,600                                                                                                                                                                                                                                                                                          
      7000   7,000                                                                                                                                                                                                                                                                                          
      4400   4,400                                                                                                                                                                                                                                                                                          
     13000  13,000                                                                                                                                                                                                                                                                                          
      6000   6,000                                                                                                                                                                                                                                                                                          
     12000  12,000                                                                                                                                                                                                                                                                                          
      8300   8,300                                                                                                                                                                                                                                                                                          

20 rows selected.

SQL> REM 3 24,000.00
SQL> 
SQL> SELECT SALARY , TO_CHAR(SALARY,'99,999.99') FROM EMPLOYEES;

    SALARY TO_CHAR(SA                                                                                                                                                                                                                                                                                       
---------- ----------                                                                                                                                                                                                                                                                                       
     24000  24,000.00                                                                                                                                                                                                                                                                                       
     17000  17,000.00                                                                                                                                                                                                                                                                                       
     17000  17,000.00                                                                                                                                                                                                                                                                                       
      9000   9,000.00                                                                                                                                                                                                                                                                                       
      6000   6,000.00                                                                                                                                                                                                                                                                                       
      4200   4,200.00                                                                                                                                                                                                                                                                                       
      5800   5,800.00                                                                                                                                                                                                                                                                                       
      3500   3,500.00                                                                                                                                                                                                                                                                                       
      3100   3,100.00                                                                                                                                                                                                                                                                                       
      2600   2,600.00                                                                                                                                                                                                                                                                                       
      2500   2,500.00                                                                                                                                                                                                                                                                                       
     10500  10,500.00                                                                                                                                                                                                                                                                                       
     11000  11,000.00                                                                                                                                                                                                                                                                                       
      8600   8,600.00                                                                                                                                                                                                                                                                                       
      7000   7,000.00                                                                                                                                                                                                                                                                                       
      4400   4,400.00                                                                                                                                                                                                                                                                                       
     13000  13,000.00                                                                                                                                                                                                                                                                                       
      6000   6,000.00                                                                                                                                                                                                                                                                                       
     12000  12,000.00                                                                                                                                                                                                                                                                                       
      8300   8,300.00                                                                                                                                                                                                                                                                                       

20 rows selected.

SQL> REM 4 24,000^00
SQL> 
SQL> ALTER SESSION SET NLS_NUMERIC_CHARACTERS = '^,';

Session altered.

SQL> SELECT SALARY , TO_CHAR(SALARY,'99G999D99') FROM EMPLOYEES;

    SALARY TO_CHAR(SA                                                                                                                                                                                                                                                                                       
---------- ----------                                                                                                                                                                                                                                                                                       
     24000  24,000^00                                                                                                                                                                                                                                                                                       
     17000  17,000^00                                                                                                                                                                                                                                                                                       
     17000  17,000^00                                                                                                                                                                                                                                                                                       
      9000   9,000^00                                                                                                                                                                                                                                                                                       
      6000   6,000^00                                                                                                                                                                                                                                                                                       
      4200   4,200^00                                                                                                                                                                                                                                                                                       
      5800   5,800^00                                                                                                                                                                                                                                                                                       
      3500   3,500^00                                                                                                                                                                                                                                                                                       
      3100   3,100^00                                                                                                                                                                                                                                                                                       
      2600   2,600^00                                                                                                                                                                                                                                                                                       
      2500   2,500^00                                                                                                                                                                                                                                                                                       
     10500  10,500^00                                                                                                                                                                                                                                                                                       
     11000  11,000^00                                                                                                                                                                                                                                                                                       
      8600   8,600^00                                                                                                                                                                                                                                                                                       
      7000   7,000^00                                                                                                                                                                                                                                                                                       
      4400   4,400^00                                                                                                                                                                                                                                                                                       
     13000  13,000^00                                                                                                                                                                                                                                                                                       
      6000   6,000^00                                                                                                                                                                                                                                                                                       
     12000  12,000^00                                                                                                                                                                                                                                                                                       
      8300   8,300^00                                                                                                                                                                                                                                                                                       

20 rows selected.

SQL> REM 5 24|000.00
SQL> 
SQL> ALTER SESSION SET NLS_NUMERIC_CHARACTERS = '.|';

Session altered.

SQL> 
SQL> SELECT SALARY , TO_CHAR(SALARY,'99G999D99') FROM EMPLOYEES;

    SALARY TO_CHAR(SA                                                                                                                                                                                                                                                                                       
---------- ----------                                                                                                                                                                                                                                                                                       
     24000  24|000.00                                                                                                                                                                                                                                                                                       
     17000  17|000.00                                                                                                                                                                                                                                                                                       
     17000  17|000.00                                                                                                                                                                                                                                                                                       
      9000   9|000.00                                                                                                                                                                                                                                                                                       
      6000   6|000.00                                                                                                                                                                                                                                                                                       
      4200   4|200.00                                                                                                                                                                                                                                                                                       
      5800   5|800.00                                                                                                                                                                                                                                                                                       
      3500   3|500.00                                                                                                                                                                                                                                                                                       
      3100   3|100.00                                                                                                                                                                                                                                                                                       
      2600   2|600.00                                                                                                                                                                                                                                                                                       
      2500   2|500.00                                                                                                                                                                                                                                                                                       
     10500  10|500.00                                                                                                                                                                                                                                                                                       
     11000  11|000.00                                                                                                                                                                                                                                                                                       
      8600   8|600.00                                                                                                                                                                                                                                                                                       
      7000   7|000.00                                                                                                                                                                                                                                                                                       
      4400   4|400.00                                                                                                                                                                                                                                                                                       
     13000  13|000.00                                                                                                                                                                                                                                                                                       
      6000   6|000.00                                                                                                                                                                                                                                                                                       
     12000  12|000.00                                                                                                                                                                                                                                                                                       
      8300   8|300.00                                                                                                                                                                                                                                                                                       

20 rows selected.

SQL> REM 6 24#000~00
SQL> 
SQL> ALTER SESSION SET NLS_NUMERIC_CHARACTERS = '~#';

Session altered.

SQL> SELECT SALARY , TO_CHAR(SALARY,'99G999D99') FROM EMPLOYEES;

    SALARY TO_CHAR(SA                                                                                                                                                                                                                                                                                       
---------- ----------                                                                                                                                                                                                                                                                                       
     24000  24#000~00                                                                                                                                                                                                                                                                                       
     17000  17#000~00                                                                                                                                                                                                                                                                                       
     17000  17#000~00                                                                                                                                                                                                                                                                                       
      9000   9#000~00                                                                                                                                                                                                                                                                                       
      6000   6#000~00                                                                                                                                                                                                                                                                                       
      4200   4#200~00                                                                                                                                                                                                                                                                                       
      5800   5#800~00                                                                                                                                                                                                                                                                                       
      3500   3#500~00                                                                                                                                                                                                                                                                                       
      3100   3#100~00                                                                                                                                                                                                                                                                                       
      2600   2#600~00                                                                                                                                                                                                                                                                                       
      2500   2#500~00                                                                                                                                                                                                                                                                                       
     10500  10#500~00                                                                                                                                                                                                                                                                                       
     11000  11#000~00                                                                                                                                                                                                                                                                                       
      8600   8#600~00                                                                                                                                                                                                                                                                                       
      7000   7#000~00                                                                                                                                                                                                                                                                                       
      4400   4#400~00                                                                                                                                                                                                                                                                                       
     13000  13#000~00                                                                                                                                                                                                                                                                                       
      6000   6#000~00                                                                                                                                                                                                                                                                                       
     12000  12#000~00                                                                                                                                                                                                                                                                                       
      8300   8#300~00                                                                                                                                                                                                                                                                                       

20 rows selected.

SQL> REM 7 $24000
SQL> 
SQL> SELECT SALARY , TO_CHAR(SALARY,'$99999') FROM EMPLOYEES;

    SALARY TO_CHAR                                                                                                                                                                                                                                                                                          
---------- -------                                                                                                                                                                                                                                                                                          
     24000  $24000                                                                                                                                                                                                                                                                                          
     17000  $17000                                                                                                                                                                                                                                                                                          
     17000  $17000                                                                                                                                                                                                                                                                                          
      9000   $9000                                                                                                                                                                                                                                                                                          
      6000   $6000                                                                                                                                                                                                                                                                                          
      4200   $4200                                                                                                                                                                                                                                                                                          
      5800   $5800                                                                                                                                                                                                                                                                                          
      3500   $3500                                                                                                                                                                                                                                                                                          
      3100   $3100                                                                                                                                                                                                                                                                                          
      2600   $2600                                                                                                                                                                                                                                                                                          
      2500   $2500                                                                                                                                                                                                                                                                                          
     10500  $10500                                                                                                                                                                                                                                                                                          
     11000  $11000                                                                                                                                                                                                                                                                                          
      8600   $8600                                                                                                                                                                                                                                                                                          
      7000   $7000                                                                                                                                                                                                                                                                                          
      4400   $4400                                                                                                                                                                                                                                                                                          
     13000  $13000                                                                                                                                                                                                                                                                                          
      6000   $6000                                                                                                                                                                                                                                                                                          
     12000  $12000                                                                                                                                                                                                                                                                                          
      8300   $8300                                                                                                                                                                                                                                                                                          

20 rows selected.

SQL> REM 8 24000$
SQL> 
SQL> CONN SCOTT/TIGER
Connected.
SQL> 
SQL> SELECT SALARY , TO_CHAR(SALARY,'99999L') FROM EMPLOYEES;

    SALARY TO_CHAR(SALARY,'                                                                                                                                                                                                                                                                                 
---------- ----------------                                                                                                                                                                                                                                                                                 
     24000           24000$                                                                                                                                                                                                                                                                                 
     17000           17000$                                                                                                                                                                                                                                                                                 
     17000           17000$                                                                                                                                                                                                                                                                                 
      9000            9000$                                                                                                                                                                                                                                                                                 
      6000            6000$                                                                                                                                                                                                                                                                                 
      4200            4200$                                                                                                                                                                                                                                                                                 
      5800            5800$                                                                                                                                                                                                                                                                                 
      3500            3500$                                                                                                                                                                                                                                                                                 
      3100            3100$                                                                                                                                                                                                                                                                                 
      2600            2600$                                                                                                                                                                                                                                                                                 
      2500            2500$                                                                                                                                                                                                                                                                                 
     10500           10500$                                                                                                                                                                                                                                                                                 
     11000           11000$                                                                                                                                                                                                                                                                                 
      8600            8600$                                                                                                                                                                                                                                                                                 
      7000            7000$                                                                                                                                                                                                                                                                                 
      4400            4400$                                                                                                                                                                                                                                                                                 
     13000           13000$                                                                                                                                                                                                                                                                                 
      6000            6000$                                                                                                                                                                                                                                                                                 
     12000           12000$                                                                                                                                                                                                                                                                                 
      8300            8300$                                                                                                                                                                                                                                                                                 

20 rows selected.

SQL> SELECT SALARY , TO_CHAR(SALARY,'99999U') FROM EMPLOYEES;

    SALARY TO_CHAR(SALARY,'                                                                                                                                                                                                                                                                                 
---------- ----------------                                                                                                                                                                                                                                                                                 
     24000           24000$                                                                                                                                                                                                                                                                                 
     17000           17000$                                                                                                                                                                                                                                                                                 
     17000           17000$                                                                                                                                                                                                                                                                                 
      9000            9000$                                                                                                                                                                                                                                                                                 
      6000            6000$                                                                                                                                                                                                                                                                                 
      4200            4200$                                                                                                                                                                                                                                                                                 
      5800            5800$                                                                                                                                                                                                                                                                                 
      3500            3500$                                                                                                                                                                                                                                                                                 
      3100            3100$                                                                                                                                                                                                                                                                                 
      2600            2600$                                                                                                                                                                                                                                                                                 
      2500            2500$                                                                                                                                                                                                                                                                                 
     10500           10500$                                                                                                                                                                                                                                                                                 
     11000           11000$                                                                                                                                                                                                                                                                                 
      8600            8600$                                                                                                                                                                                                                                                                                 
      7000            7000$                                                                                                                                                                                                                                                                                 
      4400            4400$                                                                                                                                                                                                                                                                                 
     13000           13000$                                                                                                                                                                                                                                                                                 
      6000            6000$                                                                                                                                                                                                                                                                                 
     12000           12000$                                                                                                                                                                                                                                                                                 
      8300            8300$                                                                                                                                                                                                                                                                                 

20 rows selected.

SQL> REM 9 Rs.24,000.00+
SQL> 
SQL> ALTER SESSION SET NLS_CURRENCY = 'Rs.';

Session altered.

SQL> 
SQL> SELECT SALARY , TO_CHAR(SALARY,'L99,999.99S') FROM EMPLOYEES;

    SALARY TO_CHAR(SALARY,'L99,                                                                                                                                                                                                                                                                             
---------- --------------------                                                                                                                                                                                                                                                                             
     24000        Rs.24,000.00+                                                                                                                                                                                                                                                                             
     17000        Rs.17,000.00+                                                                                                                                                                                                                                                                             
     17000        Rs.17,000.00+                                                                                                                                                                                                                                                                             
      9000         Rs.9,000.00+                                                                                                                                                                                                                                                                             
      6000         Rs.6,000.00+                                                                                                                                                                                                                                                                             
      4200         Rs.4,200.00+                                                                                                                                                                                                                                                                             
      5800         Rs.5,800.00+                                                                                                                                                                                                                                                                             
      3500         Rs.3,500.00+                                                                                                                                                                                                                                                                             
      3100         Rs.3,100.00+                                                                                                                                                                                                                                                                             
      2600         Rs.2,600.00+                                                                                                                                                                                                                                                                             
      2500         Rs.2,500.00+                                                                                                                                                                                                                                                                             
     10500        Rs.10,500.00+                                                                                                                                                                                                                                                                             
     11000        Rs.11,000.00+                                                                                                                                                                                                                                                                             
      8600         Rs.8,600.00+                                                                                                                                                                                                                                                                             
      7000         Rs.7,000.00+                                                                                                                                                                                                                                                                             
      4400         Rs.4,400.00+                                                                                                                                                                                                                                                                             
     13000        Rs.13,000.00+                                                                                                                                                                                                                                                                             
      6000         Rs.6,000.00+                                                                                                                                                                                                                                                                             
     12000        Rs.12,000.00+                                                                                                                                                                                                                                                                             
      8300         Rs.8,300.00+                                                                                                                                                                                                                                                                             

20 rows selected.

SQL> REM 10 24(000)00
SQL> 
SQL> ALTER SESSION SET NLS_DUAL_CURRENCY = '';

Session altered.

SQL> ALTER SESSION SET NLS_NUMERIC_CHARACTERS = ')(';

Session altered.

SQL> SELECT SALARY , TO_CHAR(SALARY,'99G999D99U') FROM EMPLOYEES;

    SALARY TO_CHAR(SALARY,'99G9                                                                                                                                                                                                                                                                             
---------- --------------------                                                                                                                                                                                                                                                                             
     24000          24(000)00                                                                                                                                                                                                                                                                              
     17000          17(000)00                                                                                                                                                                                                                                                                              
     17000          17(000)00                                                                                                                                                                                                                                                                              
      9000           9(000)00                                                                                                                                                                                                                                                                              
      6000           6(000)00                                                                                                                                                                                                                                                                              
      4200           4(200)00                                                                                                                                                                                                                                                                              
      5800           5(800)00                                                                                                                                                                                                                                                                              
      3500           3(500)00                                                                                                                                                                                                                                                                              
      3100           3(100)00                                                                                                                                                                                                                                                                              
      2600           2(600)00                                                                                                                                                                                                                                                                              
      2500           2(500)00                                                                                                                                                                                                                                                                              
     10500          10(500)00                                                                                                                                                                                                                                                                              
     11000          11(000)00                                                                                                                                                                                                                                                                              
      8600           8(600)00                                                                                                                                                                                                                                                                              
      7000           7(000)00                                                                                                                                                                                                                                                                              
      4400           4(400)00                                                                                                                                                                                                                                                                              
     13000          13(000)00                                                                                                                                                                                                                                                                              
      6000           6(000)00                                                                                                                                                                                                                                                                              
     12000          12(000)00                                                                                                                                                                                                                                                                              
      8300           8(300)00                                                                                                                                                                                                                                                                              

20 rows selected.

SQL> SPOOL OFF
