SQL> 
SQL> REM SELECT SYNTAX : SELECT ... FROM ... WHERE ... ORDER BY ... OFFSET ... FETCH ...;
SQL> 
SQL> REM WHERE : IT IS USED FOR RESTRICTION/SELECTION PURPOSE.
SQL> 
SQL> REM RESTRICTION : DISPLAYING SOME OF THE ROWS WHICH SATISFY ATTACHED CONDITION(S)
SQL> 
SQL> SELECT * FROM EMPLOYEES;

EMPLOYEE_ID FIRST_NAME      LAST_NAME       EMAIL      PHONE_NUMBER         HIRE_DATE JOB_ID         SALARY COMMISSION_PCT MANAGER_ID DEPARTMENT_ID                                                     
----------- --------------- --------------- ---------- -------------------- --------- ---------- ---------- -------------- ---------- -------------                                                     
        100 Steven          King            SKING      515.123.4567         17-JUL-87 AD_PRES         24000                                      90                                                     
        101 Neena           Kochhar         NKOCHHAR   515.123.4568         21-SEP-89 AD_VP           17000                       100            90                                                     
        102 Lex             De Haan         LDEHAAN    515.123.4569         13-JAN-93 AD_VP           17000                       100            90                                                     
        103 Alexander       Hunold          AHUNOLD    590.423.4567         03-JAN-90 IT_PROG          9000                       102            60                                                     
        104 Bruce           Ernst           BERNST     590.423.4568         21-MAY-91 IT_PROG          6000                       103            60                                                     
        107 Diana           Lorentz         DLORENTZ   590.423.5567         07-FEB-99 IT_PROG          4200                       103            60                                                     
        124 Kevin           Mourgos         KMOURGOS   650.123.5234         16-NOV-99 ST_MAN           5800                       100            50                                                     
        141 Trenna          Rajs            TRAJS      650.121.8009         17-OCT-95 ST_CLERK         3500                       124            50                                                     
        142 Curtis          Davies          CDAVIES    650.121.2994         29-JAN-97 ST_CLERK         3100                       124            50                                                     
        143 Randall         Matos           RMATOS     650.121.2874         15-MAR-98 ST_CLERK         2600                       124            50                                                     
        144 Peter           Vargas          PVARGAS    650.121.2004         09-JUL-98 ST_CLERK         2500                       124            50                                                     
        149 Eleni           Zlotkey         EZLOTKEY   011.44.1344.429018   29-JAN-00 SA_MAN          10500             .2        100            80                                                     
        174 Ellen           Abel                       011.44.1644.429267   11-MAY-96 SA_REP          11000             .3        149            80                                                     
        176 Jonathon        Taylor          JTAYLOR    011.44.1644.429265   24-MAR-98 SA_REP           8600             .3        149            80                                                     
        178 Kimerely        Grant           KGRANT     011.44.1644.429263   24-MAY-99 SA_REP           7000            .15        149                                                                   
        200 Jennifer        Whalen          JWHALEN    515.123.4444         17-SEP-87 AD_ASST          4400                       101            10                                                     
        201 Michael         Hartstein       MHARTSTE   515.123.5555         17-FEB-96 MK_MAN          13000                       100            20                                                     
        202 Pat             Fay             PFAY       603.123.6666         17-AUG-97 MK_REP           6000                       201            20                                                     
        205 Shelley         Higgins         SHIGGINS   515.123.8080         07-JUN-94 AC_MGR          12000                       101           110                                                     
        206 William         Gietz           WGIETZ     515.123.8181         07-JUN-94 AC_ACCOUNT       8300                       205           110                                                     

20 rows selected.

SQL> REM DISPLAY THOSE WHO GET SALARY HIGHER THAN 10000
SQL> 
SQL> 
SQL> SELECT * FROM EMPLOYEES WHERE SALARY > 10000;

EMPLOYEE_ID FIRST_NAME      LAST_NAME       EMAIL      PHONE_NUMBER         HIRE_DATE JOB_ID         SALARY COMMISSION_PCT MANAGER_ID DEPARTMENT_ID                                                     
----------- --------------- --------------- ---------- -------------------- --------- ---------- ---------- -------------- ---------- -------------                                                     
        100 Steven          King            SKING      515.123.4567         17-JUL-87 AD_PRES         24000                                      90                                                     
        101 Neena           Kochhar         NKOCHHAR   515.123.4568         21-SEP-89 AD_VP           17000                       100            90                                                     
        102 Lex             De Haan         LDEHAAN    515.123.4569         13-JAN-93 AD_VP           17000                       100            90                                                     
        149 Eleni           Zlotkey         EZLOTKEY   011.44.1344.429018   29-JAN-00 SA_MAN          10500             .2        100            80                                                     
        174 Ellen           Abel                       011.44.1644.429267   11-MAY-96 SA_REP          11000             .3        149            80                                                     
        201 Michael         Hartstein       MHARTSTE   515.123.5555         17-FEB-96 MK_MAN          13000                       100            20                                                     
        205 Shelley         Higgins         SHIGGINS   515.123.8080         07-JUN-94 AC_MGR          12000                       101           110                                                     

7 rows selected.

SQL> REM WHERE SYNTAX : WHERE condition
SQL> 
SQL> REM condition : operand1 operator operand2
SQL> 
SQL> REM condition EXAMPLE : SALARY > 10000
SQL> 
SQL> REM SALARY is operand1
SQL> 
SQL> REM > IS OPERATOR
SQL> 
SQL> REM 10000 is operand2
SQL> 
SQL> REM SINGLE ROW COMPARISON OPERATORS : = < > <= >=    <> != ^=
SQL> 
SQL> 
SQL> REM CHARACTER VALUES MUST BE USED WITHING QUOTES.
SQL> 
SQL> REM CHARACTER VALUES ARE CASE SENSITIVE WHILE COMPARING.
SQL> 
SQL> REM DISPLAY THOSE WHO WORK AS IT_PROG
SQL> 
SQL> SELECT FIRST_NAME , JOB_ID FROM EMPLOYEES WHRE JOB_ID = 'IT_PROG';
SELECT FIRST_NAME , JOB_ID FROM EMPLOYEES WHRE JOB_ID = 'IT_PROG'
                                               *
ERROR at line 1:
ORA-00933: SQL command not properly ended 


SQL> SELECT FIRST_NAME , JOB_ID FROM EMPLOYEES WHERE JOB_ID = 'IT_PROG';

FIRST_NAME      JOB_ID                                                                                                                                                                                  
--------------- ----------                                                                                                                                                                              
Alexander       IT_PROG                                                                                                                                                                                 
Bruce           IT_PROG                                                                                                                                                                                 
Diana           IT_PROG                                                                                                                                                                                 

SQL> SELECT FIRST_NAME , JOB_ID FROM EMPLOYEES WHERE JOB_ID = IT_PROG;
SELECT FIRST_NAME , JOB_ID FROM EMPLOYEES WHERE JOB_ID = IT_PROG
                                                         *
ERROR at line 1:
ORA-00904: "IT_PROG": invalid identifier 


SQL> 
SQL> SELECT FIRST_NAME , JOB_ID FROM EMPLOYEES WHERE JOB_ID = 'IT_prog';

no rows selected

SQL> REM DATE VALUES MUST BE USED WITHIN SINGLE QUOTES.
SQL> 
SQL> REM DATE VALUES ARE SUPPORTED IN 1 DEFAULT 2 COMPATIBLE 3 INCOMPATIBLE (COVERED IN CHAPTER 4)
SQL> 
SQL> REM DATE DEFAULT FORMAT :DD-MON-RR
SQL> 
SQL> REM DATE COMPATIBLE FORMATS :DD/MON/RR DD/MON\RR DDMON/RR  DDMONRR   DDMONTHRR   DDmonthRR   DDMONRRRR   DDMOnthRRRR
SQL> 
SQL> 
SQL> REM DISPLAY THOSE WHO WERE JOINED AFTER YEAR 95
SQL> 
SQL> SELECT FIRST_NAME , HIRE_dATE FROM EMPLOYEES WHERE HIRE_DATE > 95;
SELECT FIRST_NAME , HIRE_dATE FROM EMPLOYEES WHERE HIRE_DATE > 95
                                                             *
ERROR at line 1:
ORA-00932: inconsistent datatypes: expected DATE got NUMBER 


SQL> SELECT FIRST_NAME , HIRE_dATE FROM EMPLOYEES WHERE HIRE_DATE > '95';
SELECT FIRST_NAME , HIRE_dATE FROM EMPLOYEES WHERE HIRE_DATE > '95'
                                                               *
ERROR at line 1:
ORA-01847: day of month must be between 1 and last day of month 


SQL> SELECT FIRST_NAME , HIRE_dATE FROM EMPLOYEES WHERE HIRE_DATE > '31-DEC-95';

FIRST_NAME      HIRE_DATE                                                                                                                                                                               
--------------- ---------                                                                                                                                                                               
Diana           07-FEB-99                                                                                                                                                                               
Kevin           16-NOV-99                                                                                                                                                                               
Curtis          29-JAN-97                                                                                                                                                                               
Randall         15-MAR-98                                                                                                                                                                               
Peter           09-JUL-98                                                                                                                                                                               
Eleni           29-JAN-00                                                                                                                                                                               
Ellen           11-MAY-96                                                                                                                                                                               
Jonathon        24-MAR-98                                                                                                                                                                               
Kimerely        24-MAY-99                                                                                                                                                                               
Michael         17-FEB-96                                                                                                                                                                               
Pat             17-AUG-97                                                                                                                                                                               

11 rows selected.

SQL> SELECT FIRST_NAME , HIRE_dATE FROM EMPLOYEES WHERE HIRE_DATE > '31-DEC-95' ORDER BY 2;

FIRST_NAME      HIRE_DATE                                                                                                                                                                               
--------------- ---------                                                                                                                                                                               
Michael         17-FEB-96                                                                                                                                                                               
Ellen           11-MAY-96                                                                                                                                                                               
Curtis          29-JAN-97                                                                                                                                                                               
Pat             17-AUG-97                                                                                                                                                                               
Randall         15-MAR-98                                                                                                                                                                               
Jonathon        24-MAR-98                                                                                                                                                                               
Peter           09-JUL-98                                                                                                                                                                               
Diana           07-FEB-99                                                                                                                                                                               
Kimerely        24-MAY-99                                                                                                                                                                               
Kevin           16-NOV-99                                                                                                                                                                               
Eleni           29-JAN-00                                                                                                                                                                               

11 rows selected.

SQL> SELECT FIRST_NAME , HIRE_dATE FROM EMPLOYEES WHERE HIRE_DATE > '31/DEC/95' ORDER BY 2;

FIRST_NAME      HIRE_DATE                                                                                                                                                                               
--------------- ---------                                                                                                                                                                               
Michael         17-FEB-96                                                                                                                                                                               
Ellen           11-MAY-96                                                                                                                                                                               
Curtis          29-JAN-97                                                                                                                                                                               
Pat             17-AUG-97                                                                                                                                                                               
Randall         15-MAR-98                                                                                                                                                                               
Jonathon        24-MAR-98                                                                                                                                                                               
Peter           09-JUL-98                                                                                                                                                                               
Diana           07-FEB-99                                                                                                                                                                               
Kimerely        24-MAY-99                                                                                                                                                                               
Kevin           16-NOV-99                                                                                                                                                                               
Eleni           29-JAN-00                                                                                                                                                                               

11 rows selected.

SQL> SELECT FIRST_NAME , HIRE_dATE FROM EMPLOYEES WHERE HIRE_DATE > '31/DEC\95' ORDER BY 2;

FIRST_NAME      HIRE_DATE                                                                                                                                                                               
--------------- ---------                                                                                                                                                                               
Michael         17-FEB-96                                                                                                                                                                               
Ellen           11-MAY-96                                                                                                                                                                               
Curtis          29-JAN-97                                                                                                                                                                               
Pat             17-AUG-97                                                                                                                                                                               
Randall         15-MAR-98                                                                                                                                                                               
Jonathon        24-MAR-98                                                                                                                                                                               
Peter           09-JUL-98                                                                                                                                                                               
Diana           07-FEB-99                                                                                                                                                                               
Kimerely        24-MAY-99                                                                                                                                                                               
Kevin           16-NOV-99                                                                                                                                                                               
Eleni           29-JAN-00                                                                                                                                                                               

11 rows selected.

SQL> SELECT FIRST_NAME , HIRE_dATE FROM EMPLOYEES WHERE HIRE_DATE > '31/DEC95' ORDER BY 2;

FIRST_NAME      HIRE_DATE                                                                                                                                                                               
--------------- ---------                                                                                                                                                                               
Michael         17-FEB-96                                                                                                                                                                               
Ellen           11-MAY-96                                                                                                                                                                               
Curtis          29-JAN-97                                                                                                                                                                               
Pat             17-AUG-97                                                                                                                                                                               
Randall         15-MAR-98                                                                                                                                                                               
Jonathon        24-MAR-98                                                                                                                                                                               
Peter           09-JUL-98                                                                                                                                                                               
Diana           07-FEB-99                                                                                                                                                                               
Kimerely        24-MAY-99                                                                                                                                                                               
Kevin           16-NOV-99                                                                                                                                                                               
Eleni           29-JAN-00                                                                                                                                                                               

11 rows selected.

SQL> SELECT FIRST_NAME , HIRE_dATE FROM EMPLOYEES WHERE HIRE_DATE > '31DEC95' ORDER BY 2;

FIRST_NAME      HIRE_DATE                                                                                                                                                                               
--------------- ---------                                                                                                                                                                               
Michael         17-FEB-96                                                                                                                                                                               
Ellen           11-MAY-96                                                                                                                                                                               
Curtis          29-JAN-97                                                                                                                                                                               
Pat             17-AUG-97                                                                                                                                                                               
Randall         15-MAR-98                                                                                                                                                                               
Jonathon        24-MAR-98                                                                                                                                                                               
Peter           09-JUL-98                                                                                                                                                                               
Diana           07-FEB-99                                                                                                                                                                               
Kimerely        24-MAY-99                                                                                                                                                                               
Kevin           16-NOV-99                                                                                                                                                                               
Eleni           29-JAN-00                                                                                                                                                                               

11 rows selected.

SQL> SELECT FIRST_NAME , HIRE_dATE FROM EMPLOYEES WHERE HIRE_DATE > '31DECember95' ORDER BY 2;

FIRST_NAME      HIRE_DATE                                                                                                                                                                               
--------------- ---------                                                                                                                                                                               
Michael         17-FEB-96                                                                                                                                                                               
Ellen           11-MAY-96                                                                                                                                                                               
Curtis          29-JAN-97                                                                                                                                                                               
Pat             17-AUG-97                                                                                                                                                                               
Randall         15-MAR-98                                                                                                                                                                               
Jonathon        24-MAR-98                                                                                                                                                                               
Peter           09-JUL-98                                                                                                                                                                               
Diana           07-FEB-99                                                                                                                                                                               
Kimerely        24-MAY-99                                                                                                                                                                               
Kevin           16-NOV-99                                                                                                                                                                               
Eleni           29-JAN-00                                                                                                                                                                               

11 rows selected.

SQL> SELECT FIRST_NAME , HIRE_dATE FROM EMPLOYEES WHERE HIRE_DATE > '31DECember1995' ORDER BY 2;

FIRST_NAME      HIRE_DATE                                                                                                                                                                               
--------------- ---------                                                                                                                                                                               
Michael         17-FEB-96                                                                                                                                                                               
Ellen           11-MAY-96                                                                                                                                                                               
Curtis          29-JAN-97                                                                                                                                                                               
Pat             17-AUG-97                                                                                                                                                                               
Randall         15-MAR-98                                                                                                                                                                               
Jonathon        24-MAR-98                                                                                                                                                                               
Peter           09-JUL-98                                                                                                                                                                               
Diana           07-FEB-99                                                                                                                                                                               
Kimerely        24-MAY-99                                                                                                                                                                               
Kevin           16-NOV-99                                                                                                                                                                               
Eleni           29-JAN-00                                                                                                                                                                               

11 rows selected.

SQL> REM DISPLAY THOSE WHO WORK IN DEPARTMENT 20
SQL> 
SQL> SELECT FIRST_NAME , DEPARTMENT_ID FROM EMPLOYEES WHERE DEPARTMENT_ID = 20;

FIRST_NAME      DEPARTMENT_ID                                                                                                                                                                           
--------------- -------------                                                                                                                                                                           
Michael                    20                                                                                                                                                                           
Pat                        20                                                                                                                                                                           

SQL> REM DISPLAY THOSE WHO WORK IN DEPARTMENT 60
SQL> 
SQL> SELECT FIRST_NAME , DEPARTMENT_ID FROM EMPLOYEES WHERE DEPARTMENT_ID = 60;

FIRST_NAME      DEPARTMENT_ID                                                                                                                                                                           
--------------- -------------                                                                                                                                                                           
Alexander                  60                                                                                                                                                                           
Bruce                      60                                                                                                                                                                           
Diana                      60                                                                                                                                                                           

SQL> REM DISPLAY THOSE WHO WORK IN DEPARTMENT 110
SQL> 
SQL> SELECT FIRST_NAME , DEPARTMENT_ID FROM EMPLOYEES WHERE DEPARTMENT_ID = 110;

FIRST_NAME      DEPARTMENT_ID                                                                                                                                                                           
--------------- -------------                                                                                                                                                                           
Shelley                   110                                                                                                                                                                           
William                   110                                                                                                                                                                           

SQL> REM DISPLAY THOSE WHO WORK IN ANY OF THE DEPARTMENTS 20 , 60 OR 110
SQL> 
SQL> 
SQL> SELECT FIRST_NAME , DEPARTMENT_ID FROM EMPLOYEES WHERE DEPARTMENT_ID = 20 60 110;
SELECT FIRST_NAME , DEPARTMENT_ID FROM EMPLOYEES WHERE DEPARTMENT_ID = 20 60 110
                                                                          *
ERROR at line 1:
ORA-00933: SQL command not properly ended 


SQL> SELECT FIRST_NAME , DEPARTMENT_ID FROM EMPLOYEES WHERE DEPARTMENT_ID = 20, 60, 110;
SELECT FIRST_NAME , DEPARTMENT_ID FROM EMPLOYEES WHERE DEPARTMENT_ID = 20, 60, 110
                                                                         *
ERROR at line 1:
ORA-00933: SQL command not properly ended 


SQL> SELECT FIRST_NAME , DEPARTMENT_ID FROM EMPLOYEES WHERE DEPARTMENT_ID = (20, 60, 110);
SELECT FIRST_NAME , DEPARTMENT_ID FROM EMPLOYEES WHERE DEPARTMENT_ID = (20, 60, 110)
                                                                     *
ERROR at line 1:
ORA-01797: this operator must be followed by ANY or ALL 


SQL> REM MULTI ROW OPERATORS :
SQL> 
SQL> REM MULTI ROW OPERATORS : TO COMPARE MULTIPLE VALUES WITHIN SINGLE CONDITION.
SQL> 
SQL> REM LIST OF MULTI ROW OPERATORS : 1 ANY/SOME 2 ALL
SQL> 
SQL> REM RULES FOR USING MULTI ROW OPERATORS :
SQL> 
SQL> REM 1 WE CAN'T USE ONLY MULTI ROW OPERATOR OPERATOR.
SQL> 
SQL> REM 2 IT IS ALWAYS USED WITH SINGLE ROW OPERATOR.
SQL> 
SQL> 
SQL> 
SQL> REM SHORT SYNTAX : single row operator multi row operator
SQL> 
SQL> REM SHORT EXAMPLE : = ANY , = SOME , <> ALL , != ALL , ^= ALL
SQL> 
SQL> REM FULL SYNTAX : operand1 single row operator multi row operator (list of operands)
SQL> 
SQL> REM FULL EXAMPLE : DEPARTMENT_ID = ANY (20 , 60 , 110)
SQL> 
SQL> REM SINGLE ROW OPERATORS : = < > <= >= <>
SQL> 
SQL> REM MULTI ROW OPERATORS : ANY/SOME ALL
SQL> 
SQL> REM 6 X 2 = 12 COMBINATIONS
SQL> 
SQL> 
SQL> REM TWO COMBINATIONS ARE NOT LOGICAL AND AVOID USING THOSE : = ALL , <> ANY/SOME
SQL> 
SQL> 
SQL> REM = ANY/SOME , <> ALL : CHAPTER 2
SQL> 
SQL> REM 8 COMBINATIONS WILL BE COVERED IN CHAPTER 7.
SQL> 
SQL> 
SQL> 
SQL> 
SQL> REM DISPLAY THOSE WHO WORK IN ANY OF THE DEPARTMENTS 20 , 60 OR 110
SQL> 
SQL> SELECT FIRST_NAME , DEPARTMENT_ID FROM EMPLOYEES WHERE DEPARTMENT_ID = ANY (20 , 60 , 110);

FIRST_NAME      DEPARTMENT_ID                                                                                                                                                                           
--------------- -------------                                                                                                                                                                           
Alexander                  60                                                                                                                                                                           
Bruce                      60                                                                                                                                                                           
Diana                      60                                                                                                                                                                           
Michael                    20                                                                                                                                                                           
Pat                        20                                                                                                                                                                           
Shelley                   110                                                                                                                                                                           
William                   110                                                                                                                                                                           

7 rows selected.

SQL> SELECT FIRST_NAME , DEPARTMENT_ID FROM EMPLOYEES WHERE DEPARTMENT_ID = SOME (20 , 60 , 110);

FIRST_NAME      DEPARTMENT_ID                                                                                                                                                                           
--------------- -------------                                                                                                                                                                           
Alexander                  60                                                                                                                                                                           
Bruce                      60                                                                                                                                                                           
Diana                      60                                                                                                                                                                           
Michael                    20                                                                                                                                                                           
Pat                        20                                                                                                                                                                           
Shelley                   110                                                                                                                                                                           
William                   110                                                                                                                                                                           

7 rows selected.

SQL> REM = ANY AND = SOME ARE USED FOR POSITIVE CONDITION CHECKING
SQL> 
SQL> REM <> ALL IS USED FOR NEGATIVE CONDITION CHECKING.
SQL> 
SQL> 
SQL> REM DISPLAY ALL EXCEPT THOSE WHO REPORT TO MANAGERS 100 124 AND 149
SQL> 
SQL> SELECT FIRST_NAME , MANAGER_ID FROM EMPLOYEES WHERE MANAGER_ID <> ALL (100,124,149);

FIRST_NAME      MANAGER_ID                                                                                                                                                                              
--------------- ----------                                                                                                                                                                              
Alexander              102                                                                                                                                                                              
Bruce                  103                                                                                                                                                                              
Diana                  103                                                                                                                                                                              
Jennifer               101                                                                                                                                                                              
Pat                    201                                                                                                                                                                              
Shelley                101                                                                                                                                                                              
William                205                                                                                                                                                                              

7 rows selected.

SQL> SELECT FIRST_NAME , MANAGER_ID FROM EMPLOYEES WHERE MANAGER_ID != ALL (100,124,149);

FIRST_NAME      MANAGER_ID                                                                                                                                                                              
--------------- ----------                                                                                                                                                                              
Alexander              102                                                                                                                                                                              
Bruce                  103                                                                                                                                                                              
Diana                  103                                                                                                                                                                              
Jennifer               101                                                                                                                                                                              
Pat                    201                                                                                                                                                                              
Shelley                101                                                                                                                                                                              
William                205                                                                                                                                                                              

7 rows selected.

SQL> SELECT FIRST_NAME , MANAGER_ID FROM EMPLOYEES WHERE MANAGER_ID ^= ALL (100,124,149);

FIRST_NAME      MANAGER_ID                                                                                                                                                                              
--------------- ----------                                                                                                                                                                              
Alexander              102                                                                                                                                                                              
Bruce                  103                                                                                                                                                                              
Diana                  103                                                                                                                                                                              
Jennifer               101                                                                                                                                                                              
Pat                    201                                                                                                                                                                              
Shelley                101                                                                                                                                                                              
William                205                                                                                                                                                                              

7 rows selected.

SQL> REM TWO COMBINATIONS ARE NOT LOGICAL AND AVOID USING THOSE : = ALL , <> ANY/SOME
SQL> 
SQL> SELECT FIRST_NAME , MANAGER_ID FROM EMPLOYEES WHERE MANAGER_ID = ALL (100,124,149);

no rows selected

SQL> SELECT FIRST_NAME , MANAGER_ID FROM EMPLOYEES WHERE MANAGER_ID <> ANY (100,124,149);

FIRST_NAME      MANAGER_ID                                                                                                                                                                              
--------------- ----------                                                                                                                                                                              
Neena                  100                                                                                                                                                                              
Lex                    100                                                                                                                                                                              
Alexander              102                                                                                                                                                                              
Bruce                  103                                                                                                                                                                              
Diana                  103                                                                                                                                                                              
Kevin                  100                                                                                                                                                                              
Trenna                 124                                                                                                                                                                              
Curtis                 124                                                                                                                                                                              
Randall                124                                                                                                                                                                              
Peter                  124                                                                                                                                                                              
Eleni                  100                                                                                                                                                                              
Ellen                  149                                                                                                                                                                              
Jonathon               149                                                                                                                                                                              
Kimerely               149                                                                                                                                                                              
Jennifer               101                                                                                                                                                                              
Michael                100                                                                                                                                                                              
Pat                    201                                                                                                                                                                              
Shelley                101                                                                                                                                                                              
William                205                                                                                                                                                                              

19 rows selected.

SQL> REM = ANY/SOME , <> ALL
SQL> 
SQL> SELECT * FROM EMPLOYEES;

EMPLOYEE_ID FIRST_NAME      LAST_NAME       EMAIL      PHONE_NUMBER         HIRE_DATE JOB_ID         SALARY COMMISSION_PCT MANAGER_ID DEPARTMENT_ID                                                     
----------- --------------- --------------- ---------- -------------------- --------- ---------- ---------- -------------- ---------- -------------                                                     
        100 Steven          King            SKING      515.123.4567         17-JUL-87 AD_PRES         24000                                      90                                                     
        101 Neena           Kochhar         NKOCHHAR   515.123.4568         21-SEP-89 AD_VP           17000                       100            90                                                     
        102 Lex             De Haan         LDEHAAN    515.123.4569         13-JAN-93 AD_VP           17000                       100            90                                                     
        103 Alexander       Hunold          AHUNOLD    590.423.4567         03-JAN-90 IT_PROG          9000                       102            60                                                     
        104 Bruce           Ernst           BERNST     590.423.4568         21-MAY-91 IT_PROG          6000                       103            60                                                     
        107 Diana           Lorentz         DLORENTZ   590.423.5567         07-FEB-99 IT_PROG          4200                       103            60                                                     
        124 Kevin           Mourgos         KMOURGOS   650.123.5234         16-NOV-99 ST_MAN           5800                       100            50                                                     
        141 Trenna          Rajs            TRAJS      650.121.8009         17-OCT-95 ST_CLERK         3500                       124            50                                                     
        142 Curtis          Davies          CDAVIES    650.121.2994         29-JAN-97 ST_CLERK         3100                       124            50                                                     
        143 Randall         Matos           RMATOS     650.121.2874         15-MAR-98 ST_CLERK         2600                       124            50                                                     
        144 Peter           Vargas          PVARGAS    650.121.2004         09-JUL-98 ST_CLERK         2500                       124            50                                                     
        149 Eleni           Zlotkey         EZLOTKEY   011.44.1344.429018   29-JAN-00 SA_MAN          10500             .2        100            80                                                     
        174 Ellen           Abel                       011.44.1644.429267   11-MAY-96 SA_REP          11000             .3        149            80                                                     
        176 Jonathon        Taylor          JTAYLOR    011.44.1644.429265   24-MAR-98 SA_REP           8600             .3        149            80                                                     
        178 Kimerely        Grant           KGRANT     011.44.1644.429263   24-MAY-99 SA_REP           7000            .15        149                                                                   
        200 Jennifer        Whalen          JWHALEN    515.123.4444         17-SEP-87 AD_ASST          4400                       101            10                                                     
        201 Michael         Hartstein       MHARTSTE   515.123.5555         17-FEB-96 MK_MAN          13000                       100            20                                                     
        202 Pat             Fay             PFAY       603.123.6666         17-AUG-97 MK_REP           6000                       201            20                                                     
        205 Shelley         Higgins         SHIGGINS   515.123.8080         07-JUN-94 AC_MGR          12000                       101           110                                                     
        206 William         Gietz           WGIETZ     515.123.8181         07-JUN-94 AC_ACCOUNT       8300                       205           110                                                     

20 rows selected.

SQL> REM 1 DISPLAY THOSE WHO WORKS AS IT_PROG , SA_REP OR AD_VP
SQL> 
SQL> REM 2 DISPLAY THOSE WHO REPORTS TO MANAGER 100 , 102 , 201
SQL> 
SQL> REM 3 DISPLAY ALL EXCEPT THOSE WHO WORK IN DEPARTMENT 10 50 90 110
SQL> 
SQL> REM 4 DISPLAY ALL OTHER THAN THOSE WHO REPORTS TO 149 , 103 , 124
SQL> 
SQL> REM 5 DISPLAY THOSE WHO GETS COMMISSION_PCT .2 OR .15
SQL> 
SQL> 
SQL> 
SQL> REM 1 DISPLAY THOSE WHO WORKS AS IT_PROG , SA_REP OR AD_VP
SQL> 
SQL> SELECT FIRST_NAME , JOB_ID FROM EMPLOYEES WHERE JOB_ID = ANY ('IT_PROG','SA_REP','AD_VP');

FIRST_NAME      JOB_ID                                                                                                                                                                                  
--------------- ----------                                                                                                                                                                              
Neena           AD_VP                                                                                                                                                                                   
Lex             AD_VP                                                                                                                                                                                   
Alexander       IT_PROG                                                                                                                                                                                 
Bruce           IT_PROG                                                                                                                                                                                 
Diana           IT_PROG                                                                                                                                                                                 
Ellen           SA_REP                                                                                                                                                                                  
Jonathon        SA_REP                                                                                                                                                                                  
Kimerely        SA_REP                                                                                                                                                                                  

8 rows selected.

SQL> REM 2 DISPLAY THOSE WHO REPORTS TO MANAGER 100 , 102 , 201
SQL> 
SQL> SELECT LAST_NAME , MANAGER_ID FROM EMPLOYEES WHERE MANAGER_ID = SOME (100,102,201);

LAST_NAME       MANAGER_ID                                                                                                                                                                              
--------------- ----------                                                                                                                                                                              
Kochhar                100                                                                                                                                                                              
De Haan                100                                                                                                                                                                              
Hunold                 102                                                                                                                                                                              
Mourgos                100                                                                                                                                                                              
Zlotkey                100                                                                                                                                                                              
Hartstein              100                                                                                                                                                                              
Fay                    201                                                                                                                                                                              

7 rows selected.

SQL> REM 3 DISPLAY ALL EXCEPT THOSE WHO WORK IN DEPARTMENT 10 50 90 110
SQL> 
SQL> SELECT FIRST_NAME , DEPARTMENT_ID FROM EMPLOYEES WHERE DEPARTMENT_ID <> ALL (10,50,90,110);

FIRST_NAME      DEPARTMENT_ID                                                                                                                                                                           
--------------- -------------                                                                                                                                                                           
Alexander                  60                                                                                                                                                                           
Bruce                      60                                                                                                                                                                           
Diana                      60                                                                                                                                                                           
Eleni                      80                                                                                                                                                                           
Ellen                      80                                                                                                                                                                           
Jonathon                   80                                                                                                                                                                           
Michael                    20                                                                                                                                                                           
Pat                        20                                                                                                                                                                           

8 rows selected.

SQL> REM 4 DISPLAY ALL OTHER THAN THOSE WHO REPORTS TO 149 , 103 , 124
SQL> 
SQL> SELECT FIRST_NAME , MANAGER_ID FROM EMPLOYEES WHERE MANAGER_ID != ALL (149,103,124);

FIRST_NAME      MANAGER_ID                                                                                                                                                                              
--------------- ----------                                                                                                                                                                              
Neena                  100                                                                                                                                                                              
Lex                    100                                                                                                                                                                              
Alexander              102                                                                                                                                                                              
Kevin                  100                                                                                                                                                                              
Eleni                  100                                                                                                                                                                              
Jennifer               101                                                                                                                                                                              
Michael                100                                                                                                                                                                              
Pat                    201                                                                                                                                                                              
Shelley                101                                                                                                                                                                              
William                205                                                                                                                                                                              

10 rows selected.

SQL> REM 5 DISPLAY THOSE WHO GETS COMMISSION_PCT .2 OR .15
SQL> 
SQL> SELECT FIRST_NAME || ' ' || LAST_NAME FULL_NAME , COMMISSION_PCT FROM EMPLOYEES WHERE COMMISSION_PCT = ANY (.2,.15);

FULL_NAME                       COMMISSION_PCT                                                                                                                                                          
------------------------------- --------------                                                                                                                                                          
Eleni Zlotkey                               .2                                                                                                                                                          
Kimerely Grant                             .15                                                                                                                                                          

SQL> REM DISPLAY THOSE WHO GETS COMMISSION_PCT .3
SQL> 
SQL> SELECT FIRST_NAME , COMMISSION_PCT FROM EMPLOYEES WHERE COMMISSION_PCT = .3;

FIRST_NAME      COMMISSION_PCT                                                                                                                                                                          
--------------- --------------                                                                                                                                                                          
Ellen                       .3                                                                                                                                                                          
Jonathon                    .3                                                                                                                                                                          

SQL> SELECT FIRST_NAME , COMMISSION_PCT FROM EMPLOYEES WHERE COMMISSION_PCT = ANY .3;

FIRST_NAME      COMMISSION_PCT                                                                                                                                                                          
--------------- --------------                                                                                                                                                                          
Ellen                       .3                                                                                                                                                                          
Jonathon                    .3                                                                                                                                                                          

SQL> SELECT FIRST_NAME , COMMISSION_PCT FROM EMPLOYEES WHERE COMMISSION_PCT = SOME .3;

FIRST_NAME      COMMISSION_PCT                                                                                                                                                                          
--------------- --------------                                                                                                                                                                          
Ellen                       .3                                                                                                                                                                          
Jonathon                    .3                                                                                                                                                                          

SQL> SELECT FIRST_NAME , COMMISSION_PCT FROM EMPLOYEES WHERE COMMISSION_PCT = ANY (.3);

FIRST_NAME      COMMISSION_PCT                                                                                                                                                                          
--------------- --------------                                                                                                                                                                          
Ellen                       .3                                                                                                                                                                          
Jonathon                    .3                                                                                                                                                                          

SQL> SELECT FIRST_NAME , COMMISSION_PCT FROM EMPLOYEES WHERE COMMISSION_PCT = SOME (.3);

FIRST_NAME      COMMISSION_PCT                                                                                                                                                                          
--------------- --------------                                                                                                                                                                          
Ellen                       .3                                                                                                                                                                          
Jonathon                    .3                                                                                                                                                                          

SQL> REM PAIR-WISE COMPARISON
SQL> 
SQL> SELECT DEPARTMENT_ID , MANAGER_ID , FIRST_NAME FROM EMPLOYEES ORDER BY 1,2;

DEPARTMENT_ID MANAGER_ID FIRST_NAME                                                                                                                                                                     
------------- ---------- ---------------                                                                                                                                                                
           10        101 Jennifer                                                                                                                                                                       
           20        100 Michael                                                                                                                                                                        
           20        201 Pat                                                                                                                                                                            
           50        100 Kevin                                                                                                                                                                          
           50        124 Curtis                                                                                                                                                                         
           50        124 Peter                                                                                                                                                                          
           50        124 Randall                                                                                                                                                                        
           50        124 Trenna                                                                                                                                                                         
           60        102 Alexander                                                                                                                                                                      
           60        103 Diana                                                                                                                                                                          
           60        103 Bruce                                                                                                                                                                          
           80        100 Eleni                                                                                                                                                                          
           80        149 Ellen                                                                                                                                                                          
           80        149 Jonathon                                                                                                                                                                       
           90        100 Lex                                                                                                                                                                            
           90        100 Neena                                                                                                                                                                          
           90            Steven                                                                                                                                                                         
          110        101 Shelley                                                                                                                                                                        
          110        205 William                                                                                                                                                                        
                     149 Kimerely                                                                                                                                                                       

20 rows selected.

SQL> REM DISPLAY COMBINATIONS : 20 201     50 124     60 103
SQL> 
SQL> REM DISPLAY COMBINATIONS (DEPARTMENT_ID , MANAGER_ID) : 20 201     50 124     60 103
SQL> 
SQL> SELECT DEPARTMENT_ID , MANAGER_ID , FIRST_NAME FROM EMPLOYEES
  2  WHERE ( DEPARTMENT_ID , MANAGER_ID ) = ANY ((20,201),(50,124),(60,103))
  3  ORDER BY 1,2;

DEPARTMENT_ID MANAGER_ID FIRST_NAME                                                                                                                                                                     
------------- ---------- ---------------                                                                                                                                                                
           20        201 Pat                                                                                                                                                                            
           50        124 Curtis                                                                                                                                                                         
           50        124 Peter                                                                                                                                                                          
           50        124 Trenna                                                                                                                                                                         
           50        124 Randall                                                                                                                                                                        
           60        103 Bruce                                                                                                                                                                          
           60        103 Diana                                                                                                                                                                          

7 rows selected.

SQL> SELECT DEPARTMENT_ID , MANAGER_ID , FIRST_NAME FROM EMPLOYEES
  2  WHERE ( DEPARTMENT_ID , MANAGER_ID ) = SOME ((20,201),(50,124),(60,103))
  3  ORDER BY 1,2;

DEPARTMENT_ID MANAGER_ID FIRST_NAME                                                                                                                                                                     
------------- ---------- ---------------                                                                                                                                                                
           20        201 Pat                                                                                                                                                                            
           50        124 Curtis                                                                                                                                                                         
           50        124 Peter                                                                                                                                                                          
           50        124 Trenna                                                                                                                                                                         
           50        124 Randall                                                                                                                                                                        
           60        103 Bruce                                                                                                                                                                          
           60        103 Diana                                                                                                                                                                          

7 rows selected.

SQL> REM DISPLAY COMBINATIONS EXCEPT (DEPARTMENT_ID , MANAGER_ID) : 20 201     50 124     60 103
SQL> 
SQL> SELECT DEPARTMENT_ID , MANAGER_ID , FIRST_NAME FROM EMPLOYEES
  2  WHERE ( DEPARTMENT_ID , MANAGER_ID ) != ALL ((20,201),(50,124),(60,103))
  3  ORDER BY 1,2;

DEPARTMENT_ID MANAGER_ID FIRST_NAME                                                                                                                                                                     
------------- ---------- ---------------                                                                                                                                                                
           10        101 Jennifer                                                                                                                                                                       
           20        100 Michael                                                                                                                                                                        
           50        100 Kevin                                                                                                                                                                          
           60        102 Alexander                                                                                                                                                                      
           80        100 Eleni                                                                                                                                                                          
           80        149 Ellen                                                                                                                                                                          
           80        149 Jonathon                                                                                                                                                                       
           90        100 Neena                                                                                                                                                                          
           90        100 Lex                                                                                                                                                                            
           90            Steven                                                                                                                                                                         
          110        101 Shelley                                                                                                                                                                        
          110        205 William                                                                                                                                                                        
                     149 Kimerely                                                                                                                                                                       

13 rows selected.

SQL> SELECT * FROM EMPLOYEES;

EMPLOYEE_ID FIRST_NAME      LAST_NAME       EMAIL      PHONE_NUMBER         HIRE_DATE JOB_ID         SALARY COMMISSION_PCT MANAGER_ID DEPARTMENT_ID                                                     
----------- --------------- --------------- ---------- -------------------- --------- ---------- ---------- -------------- ---------- -------------                                                     
        100 Steven          King            SKING      515.123.4567         17-JUL-87 AD_PRES         24000                                      90                                                     
        101 Neena           Kochhar         NKOCHHAR   515.123.4568         21-SEP-89 AD_VP           17000                       100            90                                                     
        102 Lex             De Haan         LDEHAAN    515.123.4569         13-JAN-93 AD_VP           17000                       100            90                                                     
        103 Alexander       Hunold          AHUNOLD    590.423.4567         03-JAN-90 IT_PROG          9000                       102            60                                                     
        104 Bruce           Ernst           BERNST     590.423.4568         21-MAY-91 IT_PROG          6000                       103            60                                                     
        107 Diana           Lorentz         DLORENTZ   590.423.5567         07-FEB-99 IT_PROG          4200                       103            60                                                     
        124 Kevin           Mourgos         KMOURGOS   650.123.5234         16-NOV-99 ST_MAN           5800                       100            50                                                     
        141 Trenna          Rajs            TRAJS      650.121.8009         17-OCT-95 ST_CLERK         3500                       124            50                                                     
        142 Curtis          Davies          CDAVIES    650.121.2994         29-JAN-97 ST_CLERK         3100                       124            50                                                     
        143 Randall         Matos           RMATOS     650.121.2874         15-MAR-98 ST_CLERK         2600                       124            50                                                     
        144 Peter           Vargas          PVARGAS    650.121.2004         09-JUL-98 ST_CLERK         2500                       124            50                                                     
        149 Eleni           Zlotkey         EZLOTKEY   011.44.1344.429018   29-JAN-00 SA_MAN          10500             .2        100            80                                                     
        174 Ellen           Abel                       011.44.1644.429267   11-MAY-96 SA_REP          11000             .3        149            80                                                     
        176 Jonathon        Taylor          JTAYLOR    011.44.1644.429265   24-MAR-98 SA_REP           8600             .3        149            80                                                     
        178 Kimerely        Grant           KGRANT     011.44.1644.429263   24-MAY-99 SA_REP           7000            .15        149                                                                   
        200 Jennifer        Whalen          JWHALEN    515.123.4444         17-SEP-87 AD_ASST          4400                       101            10                                                     
        201 Michael         Hartstein       MHARTSTE   515.123.5555         17-FEB-96 MK_MAN          13000                       100            20                                                     
        202 Pat             Fay             PFAY       603.123.6666         17-AUG-97 MK_REP           6000                       201            20                                                     
        205 Shelley         Higgins         SHIGGINS   515.123.8080         07-JUN-94 AC_MGR          12000                       101           110                                                     
        206 William         Gietz           WGIETZ     515.123.8181         07-JUN-94 AC_ACCOUNT       8300                       205           110                                                     

20 rows selected.

SQL> REM 1 DISPLAY COMBINATIONS : IT_PROG 103    ST_CLERK 124      SA_REP 149
SQL> 
SQL> REM 2 DISPLAY COMBINATIONS : 102 60 IT_PROG     149 80 SA_REP
SQL> 
SQL> REM 3 DISPLAY COMBINATIONS EXCEPT : 100 AD_VP    101 AD_ASST    205 AC_ACCOUNT
SQL> 
SQL> REM 4 DISPLAY COMBINATIONS EXCEPT : AC_MGR 101 110      AD_ASST 101 10     ST_MAN 100 50      AD_VP  100 90
SQL> 
SQL> REM 5 DISPLAY COMBINATIONS : .3 80 149 SA_REP     .2 80 100 SA_MAN
SQL> 
SQL> 
SQL> REM 1 DISPLAY COMBINATIONS : IT_PROG 103    ST_CLERK 124      SA_REP 149
SQL> 
SQL> SELECT FIRST_NAME , JOB_ID , MANAGER_ID
  2  FROM EMPLOYEES
  3  WHERE (JOB_ID , MANAGER_ID) = ANY (('IT_PROG',103),('ST_CLERK',124),('SA_REP',149))
  4  ORDER BY 2,3;

FIRST_NAME      JOB_ID     MANAGER_ID                                                                                                                                                                   
--------------- ---------- ----------                                                                                                                                                                   
Bruce           IT_PROG           103                                                                                                                                                                   
Diana           IT_PROG           103                                                                                                                                                                   
Jonathon        SA_REP            149                                                                                                                                                                   
Ellen           SA_REP            149                                                                                                                                                                   
Kimerely        SA_REP            149                                                                                                                                                                   
Peter           ST_CLERK          124                                                                                                                                                                   
Curtis          ST_CLERK          124                                                                                                                                                                   
Trenna          ST_CLERK          124                                                                                                                                                                   
Randall         ST_CLERK          124                                                                                                                                                                   

9 rows selected.

SQL> REM 2 DISPLAY COMBINATIONS : 102 60 IT_PROG     149 80 SA_REP
SQL> 
SQL> SELECT FIRST_NAME , MANAGER_ID , DEPARTMENT_ID , JOB_ID
  2  FROM EMPLOYEES
  3  WHERE (MANAGER_ID , DEPARTMENT_ID , JOB_ID) = ((102,60,'IT_PROG'),(149,80,'SA_REP'))
  4  ORDER BY 2,3,4;
WHERE (MANAGER_ID , DEPARTMENT_ID , JOB_ID) = ((102,60,'IT_PROG'),(149,80,'SA_REP'))
                                              *
ERROR at line 3:
ORA-00920: invalid relational operator 


SQL> SELECT FIRST_NAME , MANAGER_ID , DEPARTMENT_ID , JOB_ID
  2  FROM EMPLOYEES
  3  WHERE (MANAGER_ID , DEPARTMENT_ID , JOB_ID) = SOME ((102,60,'IT_PROG'),(149,80,'SA_REP'))
  4  ORDER BY 2,3,4;

FIRST_NAME      MANAGER_ID DEPARTMENT_ID JOB_ID                                                                                                                                                         
--------------- ---------- ------------- ----------                                                                                                                                                     
Alexander              102            60 IT_PROG                                                                                                                                                        
Jonathon               149            80 SA_REP                                                                                                                                                         
Ellen                  149            80 SA_REP                                                                                                                                                         

SQL> REM 3 DISPLAY COMBINATIONS EXCEPT : 100 AD_VP    101 AD_ASST    205 AC_ACCOUNT
SQL> 
SQL> SELECT FIRST_NAME , MANAGER_ID , JOB_ID
  2  FROM EMPLOYEES
  3  WHERE (MANAGER_ID , JOB_ID) != ((100,'AD_VP'),(101,'AD_ASST'),(205,'AC_ACCOUNT'))
  4  ORDER BY 2,3;
WHERE (MANAGER_ID , JOB_ID) != ((100,'AD_VP'),(101,'AD_ASST'),(205,'AC_ACCOUNT'))
                               *
ERROR at line 3:
ORA-00920: invalid relational operator 


SQL> SELECT FIRST_NAME , MANAGER_ID , JOB_ID
  2  FROM EMPLOYEES
  3  WHERE (MANAGER_ID , JOB_ID) != ALL ((100,'AD_VP'),(101,'AD_ASST'),(205,'AC_ACCOUNT'))
  4  ORDER BY 2,3;

FIRST_NAME      MANAGER_ID JOB_ID                                                                                                                                                                       
--------------- ---------- ----------                                                                                                                                                                   
Michael                100 MK_MAN                                                                                                                                                                       
Eleni                  100 SA_MAN                                                                                                                                                                       
Kevin                  100 ST_MAN                                                                                                                                                                       
Shelley                101 AC_MGR                                                                                                                                                                       
Alexander              102 IT_PROG                                                                                                                                                                      
Bruce                  103 IT_PROG                                                                                                                                                                      
Diana                  103 IT_PROG                                                                                                                                                                      
Peter                  124 ST_CLERK                                                                                                                                                                     
Curtis                 124 ST_CLERK                                                                                                                                                                     
Trenna                 124 ST_CLERK                                                                                                                                                                     
Randall                124 ST_CLERK                                                                                                                                                                     
Jonathon               149 SA_REP                                                                                                                                                                       
Kimerely               149 SA_REP                                                                                                                                                                       
Ellen                  149 SA_REP                                                                                                                                                                       
Pat                    201 MK_REP                                                                                                                                                                       
Steven                     AD_PRES                                                                                                                                                                      

16 rows selected.

SQL> REM 4 DISPLAY COMBINATIONS EXCEPT : AC_MGR 101 110      AD_ASST 101 10     ST_MAN 100 50      AD_VP  100 90
SQL> 
SQL> SELECT FIRST_NAME , JOB_ID , MANAGER_ID , DEPARTMENT_ID
  2  FROM EMPLOYEES
  3  WHERE (JOB_ID , MANAGER_ID , DEPARTMENT_ID) ^= ALL (('AC_MGR',101,110),('AD_ASST',101,10),('ST_MAN',100,50),('AD_VP',100,90))
  4  ORDER BY 2,3,4;

FIRST_NAME      JOB_ID     MANAGER_ID DEPARTMENT_ID                                                                                                                                                     
--------------- ---------- ---------- -------------                                                                                                                                                     
William         AC_ACCOUNT        205           110                                                                                                                                                     
Steven          AD_PRES                          90                                                                                                                                                     
Alexander       IT_PROG           102            60                                                                                                                                                     
Bruce           IT_PROG           103            60                                                                                                                                                     
Diana           IT_PROG           103            60                                                                                                                                                     
Michael         MK_MAN            100            20                                                                                                                                                     
Pat             MK_REP            201            20                                                                                                                                                     
Eleni           SA_MAN            100            80                                                                                                                                                     
Ellen           SA_REP            149            80                                                                                                                                                     
Jonathon        SA_REP            149            80                                                                                                                                                     
Kimerely        SA_REP            149                                                                                                                                                                   
Peter           ST_CLERK          124            50                                                                                                                                                     
Curtis          ST_CLERK          124            50                                                                                                                                                     
Trenna          ST_CLERK          124            50                                                                                                                                                     
Randall         ST_CLERK          124            50                                                                                                                                                     

15 rows selected.

SQL> REM 5 DISPLAY COMBINATIONS : .3 80 149 SA_REP     .2 80 100 SA_MAN
SQL> 
SQL> SELECT FIRST_NAME , COMMISSION_PCT , DEPARTMENT_ID , MANAGER_ID , JOB_ID
  2  FROM EMPLOYEES
  3  WHERE (COMMISSION_PCT , DEPARTMENT_ID , MANAGER_ID , JOB_ID) = SOME ((.3, 80, 149, 'SA_REP'),(.2, 80, 100, 'SA_MAN'))
  4  ORDER BY 2,3,4,5;

FIRST_NAME      COMMISSION_PCT DEPARTMENT_ID MANAGER_ID JOB_ID                                                                                                                                          
--------------- -------------- ------------- ---------- ----------                                                                                                                                      
Eleni                       .2            80        100 SA_MAN                                                                                                                                          
Jonathon                    .3            80        149 SA_REP                                                                                                                                          
Ellen                       .3            80        149 SA_REP                                                                                                                                          

SQL> SPOOL OFF
