SQL> 
SQL> REM INNER JOIN SYNTAX : FROM table1 INNER JOIN table2 USING (common column list)
SQL> 
SQL> REM INNER JOIN SYNTAX 1 : FROM table1 INNER JOIN table2 USING (common column list)
SQL> 
SQL> REM INNER JOIN SYNTAX 2 : FROM table1 INNER JOIN table2 ON join conditions
SQL> 
SQL> 
SQL> 
SQL> SELECT * FROM DEPARTMENTS;

DEPARTMENT_ID DEPARTMENT_NAME                MANAGER_ID LOCATION_ID                                                                                                                                     
------------- ------------------------------ ---------- -----------                                                                                                                                     
           10 Administration                        200        1700                                                                                                                                     
           20 Marketing                             201        1800                                                                                                                                     
           50 Shiping                               124        1500                                                                                                                                     
           60 IT                                    103        1400                                                                                                                                     
           80 Sales                                 149        2500                                                                                                                                     
           90 Executive                             100        1700                                                                                                                                     
          110 Accounting                            205        1700                                                                                                                                     
          190 Contracting                                      1700                                                                                                                                     

8 rows selected.

SQL> SELECT * FROM LOCATIONS;

LOCATION_ID STREET_ADRESS                            POSTAL_CODE  CITY                           STATE_PROVINCE            CO                                                                           
----------- ---------------------------------------- ------------ ------------------------------ ------------------------- --                                                                           
       1400 2014 Jabberwocky Rd                      26192        Southlake                      Texas                     US                                                                           
       1500 2011 Interiors Blvd                      99236        South San Francisco            California                US                                                                           
       1700 2004 Charade Rd                          98199        Seattle                        Washington                US                                                                           
       1800 460 Bloor St. W.                         ON M5S 1X8   Toronto                        Ontario                   CA                                                                           
       2500 Magdalen Centre, The Oxford Science Park OX9 9ZB      Oxford                         Oxford                    UK                                                                           

SQL> REM DEPARTMENT_NAME , CITY
SQL> 
SQL> REM NJ
SQL> 
SQL> SELECT DEPARTMENT_NAME , CITY
  2  FROM DEPARTMENTS
  3  NATURAL JOIN LOCATIONS;

DEPARTMENT_NAME                CITY                                                                                                                                                                     
------------------------------ ------------------------------                                                                                                                                           
Administration                 Seattle                                                                                                                                                                  
Marketing                      Toronto                                                                                                                                                                  
Shiping                        South San Francisco                                                                                                                                                      
IT                             Southlake                                                                                                                                                                
Sales                          Oxford                                                                                                                                                                   
Executive                      Seattle                                                                                                                                                                  
Accounting                     Seattle                                                                                                                                                                  
Contracting                    Seattle                                                                                                                                                                  

8 rows selected.

SQL> SELECT DEPARTMENT_NAME , CITY
  2  FROM DEPARTMENTS
  3  INNER JOIN LOCATIONS;
INNER JOIN LOCATIONS
                   *
ERROR at line 3:
ORA-00905: missing keyword 


SQL> SELECT DEPARTMENT_NAME , CITY
  2  FROM DEPARTMENTS
  3  INNER JOIN LOCATIONS USING (LOCATION_ID);

DEPARTMENT_NAME                CITY                                                                                                                                                                     
------------------------------ ------------------------------                                                                                                                                           
Administration                 Seattle                                                                                                                                                                  
Marketing                      Toronto                                                                                                                                                                  
Shiping                        South San Francisco                                                                                                                                                      
IT                             Southlake                                                                                                                                                                
Sales                          Oxford                                                                                                                                                                   
Executive                      Seattle                                                                                                                                                                  
Accounting                     Seattle                                                                                                                                                                  
Contracting                    Seattle                                                                                                                                                                  

8 rows selected.

SQL> SELECT * FROM DEPARTMENTS;

DEPARTMENT_ID DEPARTMENT_NAME                MANAGER_ID LOCATION_ID                                                                                                                                     
------------- ------------------------------ ---------- -----------                                                                                                                                     
           10 Administration                        200        1700                                                                                                                                     
           20 Marketing                             201        1800                                                                                                                                     
           50 Shiping                               124        1500                                                                                                                                     
           60 IT                                    103        1400                                                                                                                                     
           80 Sales                                 149        2500                                                                                                                                     
           90 Executive                             100        1700                                                                                                                                     
          110 Accounting                            205        1700                                                                                                                                     
          190 Contracting                                      1700                                                                                                                                     

8 rows selected.

SQL> SELECT * FROM LOCATIONS;

LOCATION_ID STREET_ADRESS                            POSTAL_CODE  CITY                           STATE_PROVINCE            CO                                                                           
----------- ---------------------------------------- ------------ ------------------------------ ------------------------- --                                                                           
       1400 2014 Jabberwocky Rd                      26192        Southlake                      Texas                     US                                                                           
       1500 2011 Interiors Blvd                      99236        South San Francisco            California                US                                                                           
       1700 2004 Charade Rd                          98199        Seattle                        Washington                US                                                                           
       1800 460 Bloor St. W.                         ON M5S 1X8   Toronto                        Ontario                   CA                                                                           
       2500 Magdalen Centre, The Oxford Science Park OX9 9ZB      Oxford                         Oxford                    UK                                                                           

SQL> SELECT * FROM COUNTRIES;

CO COUNTRY_NAME                              REGION_ID                                                                                                                                                  
-- ---------------------------------------- ----------                                                                                                                                                  
CA Canada                                            2                                                                                                                                                  
DE Germany                                           1                                                                                                                                                  
UK United Kingdom                                    1                                                                                                                                                  
US United States of America                          2                                                                                                                                                  

SQL> SELECT * FROM REGIONS;

 REGION_ID REGION_NAME                                                                                                                                                                                  
---------- -------------------------                                                                                                                                                                    
         1 Europe                                                                                                                                                                                       
         2 Americas                                                                                                                                                                                     
         3 Asia                                                                                                                                                                                         
         4 Middle East and Africa                                                                                                                                                                       

SQL> REM 1 DEPARTMENT_NAME , STATE_PROVINCE    2 CITY , COUNTRY_NAME
SQL> 
SQL> REM 3 STATE_PROVINCE , COUNTRY_NAME , REGION_NAME                          4 REGION_NAME , COUNTRY_NAME , DEPARTMENT_NAME
SQL> 
SQL> 
SQL> 
SQL> 
SQL> REM 1 DEPARTMENT_NAME , STATE_PROVINCE
SQL> 
SQL> SELECT DEPARTMENT_NAME , STATE_PROVINCE
  2  FROM DEPARTMENTS
  3  NATURAL JOIN LOCATIONS;

DEPARTMENT_NAME                STATE_PROVINCE                                                                                                                                                           
------------------------------ -------------------------                                                                                                                                                
Administration                 Washington                                                                                                                                                               
Marketing                      Ontario                                                                                                                                                                  
Shiping                        California                                                                                                                                                               
IT                             Texas                                                                                                                                                                    
Sales                          Oxford                                                                                                                                                                   
Executive                      Washington                                                                                                                                                               
Accounting                     Washington                                                                                                                                                               
Contracting                    Washington                                                                                                                                                               

8 rows selected.

SQL> SELECT DEPARTMENT_NAME , STATE_PROVINCE
  2  FROM DEPARTMENTS
  3  JOIN LOCATIONS   USING (LOCATION_ID);

DEPARTMENT_NAME                STATE_PROVINCE                                                                                                                                                           
------------------------------ -------------------------                                                                                                                                                
Administration                 Washington                                                                                                                                                               
Marketing                      Ontario                                                                                                                                                                  
Shiping                        California                                                                                                                                                               
IT                             Texas                                                                                                                                                                    
Sales                          Oxford                                                                                                                                                                   
Executive                      Washington                                                                                                                                                               
Accounting                     Washington                                                                                                                                                               
Contracting                    Washington                                                                                                                                                               

8 rows selected.

SQL> REM 2 CITY , COUNTRY_NAME
SQL> 
SQL> SELECT CITY , COUNTRY_NAME
  2  FROM LOCATIONS
  3  NATURAL JOIN COUNTRIES;

CITY                           COUNTRY_NAME                                                                                                                                                             
------------------------------ ----------------------------------------                                                                                                                                 
Southlake                      United States of America                                                                                                                                                 
South San Francisco            United States of America                                                                                                                                                 
Seattle                        United States of America                                                                                                                                                 
Toronto                        Canada                                                                                                                                                                   
Oxford                         United Kingdom                                                                                                                                                           

SQL> SELECT CITY , COUNTRY_NAME
  2  FROM LOCATIONS
  3  JOIN COUNTRIES USING (COUNTRY_ID);

CITY                           COUNTRY_NAME                                                                                                                                                             
------------------------------ ----------------------------------------                                                                                                                                 
Southlake                      United States of America                                                                                                                                                 
South San Francisco            United States of America                                                                                                                                                 
Seattle                        United States of America                                                                                                                                                 
Toronto                        Canada                                                                                                                                                                   
Oxford                         United Kingdom                                                                                                                                                           

SQL> REM 3 STATE_PROVINCE , COUNTRY_NAME , REGION_NAME
SQL> 
SQL> SELECT STATE_PROVINCE , COUNTRY_NAME , REGION_NAME
  2  FROM LOCATIONS
  3  NATURAL JOIN COUNTRIE
  4  NATURAL JOIN REGIONS
  5  
SQL> 
SQL> SELECT STATE_PROVINCE , COUNTRY_NAME , REGION_NAME
  2  FROM LOCATIONS
  3  NATURAL JOIN COUNTRIES
  4  NATURAL JOIN REGIONS;

STATE_PROVINCE            COUNTRY_NAME                             REGION_NAME                                                                                                                          
------------------------- ---------------------------------------- -------------------------                                                                                                            
Texas                     United States of America                 Americas                                                                                                                             
California                United States of America                 Americas                                                                                                                             
Washington                United States of America                 Americas                                                                                                                             
Ontario                   Canada                                   Americas                                                                                                                             
Oxford                    United Kingdom                           Europe                                                                                                                               

SQL> SELECT STATE_PROVINCE , COUNTRY_NAME , REGION_NAME
  2  FROM LOCATIONS
  3  JOIN COUNTRIES USING (COUNTRY_ID)
  4  JOIN REGIONS   USING (REGION_ID);

STATE_PROVINCE            COUNTRY_NAME                             REGION_NAME                                                                                                                          
------------------------- ---------------------------------------- -------------------------                                                                                                            
Texas                     United States of America                 Americas                                                                                                                             
California                United States of America                 Americas                                                                                                                             
Washington                United States of America                 Americas                                                                                                                             
Ontario                   Canada                                   Americas                                                                                                                             
Oxford                    United Kingdom                           Europe                                                                                                                               

SQL> REM 4 REGION_NAME , COUNTRY_NAME , DEPARTMENT_NAME
SQL> 
SQL> SELECT REGION_NAME , COUNTRY_NAME , DEPARTMENT_NAME
  2  FROM DEPARTMENTS
  3  NATURAL JOIN LOCATIONS
  4  NATURAL JOIN COUNTRIES
  5  NATURAL JOIN REGIONS;

REGION_NAME               COUNTRY_NAME                             DEPARTMENT_NAME                                                                                                                      
------------------------- ---------------------------------------- ------------------------------                                                                                                       
Americas                  United States of America                 Administration                                                                                                                       
Americas                  Canada                                   Marketing                                                                                                                            
Americas                  United States of America                 Shiping                                                                                                                              
Americas                  United States of America                 IT                                                                                                                                   
Europe                    United Kingdom                           Sales                                                                                                                                
Americas                  United States of America                 Executive                                                                                                                            
Americas                  United States of America                 Accounting                                                                                                                           
Americas                  United States of America                 Contracting                                                                                                                          

8 rows selected.

SQL> SELECT REGION_NAME , COUNTRY_NAME , DEPARTMENT_NAME
  2  FROM DEPARTMENTS
  3  JOIN LOCATIONS   USING (LOCATION_ID)
  4  JOIN COUNTRIES   USING (COUNTRY_ID)
  5  JOIN REGIONS     USING (REGION_ID);

REGION_NAME               COUNTRY_NAME                             DEPARTMENT_NAME                                                                                                                      
------------------------- ---------------------------------------- ------------------------------                                                                                                       
Americas                  United States of America                 Administration                                                                                                                       
Americas                  Canada                                   Marketing                                                                                                                            
Americas                  United States of America                 Shiping                                                                                                                              
Americas                  United States of America                 IT                                                                                                                                   
Europe                    United Kingdom                           Sales                                                                                                                                
Americas                  United States of America                 Executive                                                                                                                            
Americas                  United States of America                 Accounting                                                                                                                           
Americas                  United States of America                 Contracting                                                                                                                          

8 rows selected.

SQL> REM COMMON COLUMN : THE COLUMN WHICH EXIST IN BOTH THE TABLES.
SQL> 
SQL> REM NATURAL JOIN : REMOVES  DUPLICATION OF ALL COMMON COLUMNS
SQL> 
SQL> SET LINES 400
SQL> 
SQL> SELECT * FROM EMPLOYEES;

EMPLOYEE_ID FIRST_NAME      LAST_NAME       EMAIL      PHONE_NUMBER         HIRE_DATE JOB_ID         SALARY COMMISSION_PCT MANAGER_ID DEPARTMENT_ID                                                                                                                                                                                                                                                             
----------- --------------- --------------- ---------- -------------------- --------- ---------- ---------- -------------- ---------- -------------                                                                                                                                                                                                                                                             
        100 Steven          King            SKING      515.123.4567         17-JUL-87 AD_PRES         24000                                      90                                                                                                                                                                                                                                                             
        101 Neena           Kochhar         NKOCHHAR   515.123.4568         21-SEP-89 AD_VP           17000                       100            90                                                                                                                                                                                                                                                             
        102 Lex             De Haan         LDEHAAN    515.123.4569         13-JAN-93 AD_VP           17000                       100            90                                                                                                                                                                                                                                                             
        103 Alexander       Hunold          AHUNOLD    590.423.4567         03-JAN-90 IT_PROG          9000                       102            60                                                                                                                                                                                                                                                             
        104 Bruce           Ernst           BERNST     590.423.4568         21-MAY-91 IT_PROG          6000                       103            60                                                                                                                                                                                                                                                             
        107 Diana           Lorentz         DLORENTZ   590.423.5567         07-FEB-99 IT_PROG          4200                       103            60                                                                                                                                                                                                                                                             
        124 Kevin           Mourgos         KMOURGOS   650.123.5234         16-NOV-99 ST_MAN           5800                       100            50                                                                                                                                                                                                                                                             
        141 Trenna          Rajs            TRAJS      650.121.8009         17-OCT-95 ST_CLERK         3500                       124            50                                                                                                                                                                                                                                                             
        142 Curtis          Davies          CDAVIES    650.121.2994         29-JAN-97 ST_CLERK         3100                       124            50                                                                                                                                                                                                                                                             
        143 Randall         Matos           RMATOS     650.121.2874         15-MAR-98 ST_CLERK         2600                       124            50                                                                                                                                                                                                                                                             
        144 Peter           Vargas                     650.121.2004         09-JUL-98 ST_CLERK         2500                       124            50                                                                                                                                                                                                                                                             
        149 Eleni           Zlotkey         EZLOTKEY   011.44.1344.429018   29-JAN-00 SA_MAN          10500             .2        100            80                                                                                                                                                                                                                                                             
        174 Ellen           Abel            EABEL      011.44.1644.429267   11-MAY-96 SA_REP          11000             .3        149            80                                                                                                                                                                                                                                                             
        176 Jonathon        Taylor          JTAYLOR    011.44.1644.429265   24-MAR-98 SA_REP           8600             .3        149            80                                                                                                                                                                                                                                                             
        178 Kimerely        Grant           KGRANT     011.44.1644.429263   24-MAY-99 SA_REP           7000            .15        149                                                                                                                                                                                                                                                                           
        200 Jennifer        Whalen          JWHALEN    515.123.4444         17-SEP-87 AD_ASST          4400                       101            10                                                                                                                                                                                                                                                             
        201 Michael         Hartstein       MHARTSTE   515.123.5555         17-FEB-96 MK_MAN          13000                       100            20                                                                                                                                                                                                                                                             
        202 Pat             Fay             PFAY       603.123.6666         17-AUG-97 MK_REP           6000                       201            20                                                                                                                                                                                                                                                             
        205 Shelley         Higgins         SHIGGINS   515.123.8080         07-JUN-94 AC_MGR          12000                       101           110                                                                                                                                                                                                                                                             
        206 William         Gietz           WGIETZ     515.123.8181         07-JUN-94 AC_ACCOUNT       8300                       205           110                                                                                                                                                                                                                                                             

20 rows selected.

SQL> SELECT * FROM DEPARTMENTS;

DEPARTMENT_ID DEPARTMENT_NAME                MANAGER_ID LOCATION_ID                                                                                                                                                                                                                                                                                                                                             
------------- ------------------------------ ---------- -----------                                                                                                                                                                                                                                                                                                                                             
           10 Administration                        200        1700                                                                                                                                                                                                                                                                                                                                             
           20 Marketing                             201        1800                                                                                                                                                                                                                                                                                                                                             
           50 Shiping                               124        1500                                                                                                                                                                                                                                                                                                                                             
           60 IT                                    103        1400                                                                                                                                                                                                                                                                                                                                             
           80 Sales                                 149        2500                                                                                                                                                                                                                                                                                                                                             
           90 Executive                             100        1700                                                                                                                                                                                                                                                                                                                                             
          110 Accounting                            205        1700                                                                                                                                                                                                                                                                                                                                             
          190 Contracting                                      1700                                                                                                                                                                                                                                                                                                                                             

8 rows selected.

SQL> SELECT *
  2  FROM EMPLOYEES
  3  NATURAL JOIN DEPARTMENTS;

MANAGER_ID DEPARTMENT_ID EMPLOYEE_ID FIRST_NAME      LAST_NAME       EMAIL      PHONE_NUMBER         HIRE_DATE JOB_ID         SALARY COMMISSION_PCT DEPARTMENT_NAME                LOCATION_ID                                                                                                                                                                                                                  
---------- ------------- ----------- --------------- --------------- ---------- -------------------- --------- ---------- ---------- -------------- ------------------------------ -----------                                                                                                                                                                                                                  
       100            90         101 Neena           Kochhar         NKOCHHAR   515.123.4568         21-SEP-89 AD_VP           17000                Executive                             1700                                                                                                                                                                                                                  
       100            90         102 Lex             De Haan         LDEHAAN    515.123.4569         13-JAN-93 AD_VP           17000                Executive                             1700                                                                                                                                                                                                                  
       103            60         104 Bruce           Ernst           BERNST     590.423.4568         21-MAY-91 IT_PROG          6000                IT                                    1400                                                                                                                                                                                                                  
       103            60         107 Diana           Lorentz         DLORENTZ   590.423.5567         07-FEB-99 IT_PROG          4200                IT                                    1400                                                                                                                                                                                                                  
       124            50         141 Trenna          Rajs            TRAJS      650.121.8009         17-OCT-95 ST_CLERK         3500                Shiping                               1500                                                                                                                                                                                                                  
       124            50         142 Curtis          Davies          CDAVIES    650.121.2994         29-JAN-97 ST_CLERK         3100                Shiping                               1500                                                                                                                                                                                                                  
       124            50         143 Randall         Matos           RMATOS     650.121.2874         15-MAR-98 ST_CLERK         2600                Shiping                               1500                                                                                                                                                                                                                  
       124            50         144 Peter           Vargas                     650.121.2004         09-JUL-98 ST_CLERK         2500                Shiping                               1500                                                                                                                                                                                                                  
       149            80         174 Ellen           Abel            EABEL      011.44.1644.429267   11-MAY-96 SA_REP          11000             .3 Sales                                 2500                                                                                                                                                                                                                  
       149            80         176 Jonathon        Taylor          JTAYLOR    011.44.1644.429265   24-MAR-98 SA_REP           8600             .3 Sales                                 2500                                                                                                                                                                                                                  
       201            20         202 Pat             Fay             PFAY       603.123.6666         17-AUG-97 MK_REP           6000                Marketing                             1800                                                                                                                                                                                                                  
       205           110         206 William         Gietz           WGIETZ     515.123.8181         07-JUN-94 AC_ACCOUNT       8300                Accounting                            1700                                                                                                                                                                                                                  

12 rows selected.

SQL> SELECT E.FIRST_NAME , D.DEPARTMENT_NAME
  2  FROM EMPLOYEES
  3  NATURAL JOIN DEPARTMENTS;
SELECT E.FIRST_NAME , D.DEPARTMENT_NAME
                      *
ERROR at line 1:
ORA-00904: "D"."DEPARTMENT_NAME": invalid identifier 


SQL> SELECT E.FIRST_NAME , D.DEPARTMENT_NAME
  2  FROM EMPLOYEES E
  3  NATURAL JOIN DEPARTMENTS D;

FIRST_NAME      DEPARTMENT_NAME                                                                                                                                                                                                                                                                                                                                                                                 
--------------- ------------------------------                                                                                                                                                                                                                                                                                                                                                                  
Neena           Executive                                                                                                                                                                                                                                                                                                                                                                                       
Lex             Executive                                                                                                                                                                                                                                                                                                                                                                                       
Bruce           IT                                                                                                                                                                                                                                                                                                                                                                                              
Diana           IT                                                                                                                                                                                                                                                                                                                                                                                              
Trenna          Shiping                                                                                                                                                                                                                                                                                                                                                                                         
Curtis          Shiping                                                                                                                                                                                                                                                                                                                                                                                         
Randall         Shiping                                                                                                                                                                                                                                                                                                                                                                                         
Peter           Shiping                                                                                                                                                                                                                                                                                                                                                                                         
Ellen           Sales                                                                                                                                                                                                                                                                                                                                                                                           
Jonathon        Sales                                                                                                                                                                                                                                                                                                                                                                                           
Pat             Marketing                                                                                                                                                                                                                                                                                                                                                                                       
William         Accounting                                                                                                                                                                                                                                                                                                                                                                                      

12 rows selected.

SQL> SELECT E.DEPARTMENT_ID , E.FIRST_NAME , D.DEPARTMENT_NAME
  2  FROM EMPLOYEES E
  3  NATURAL JOIN DEPARTMENTS D;
SELECT E.DEPARTMENT_ID , E.FIRST_NAME , D.DEPARTMENT_NAME
       *
ERROR at line 1:
ORA-25155: column used in NATURAL join cannot have qualifier 


SQL> SELECT D.DEPARTMENT_ID , E.FIRST_NAME , D.DEPARTMENT_NAME
  2  FROM EMPLOYEES E
  3  NATURAL JOIN DEPARTMENTS D;
SELECT D.DEPARTMENT_ID , E.FIRST_NAME , D.DEPARTMENT_NAME
       *
ERROR at line 1:
ORA-25155: column used in NATURAL join cannot have qualifier 


SQL> SELECT E.MANAGER_ID , E.FIRST_NAME , D.DEPARTMENT_NAME
  2  FROM EMPLOYEES E
  3  NATURAL JOIN DEPARTMENTS D;
SELECT E.MANAGER_ID , E.FIRST_NAME , D.DEPARTMENT_NAME
       *
ERROR at line 1:
ORA-25155: column used in NATURAL join cannot have qualifier 


SQL> SELECT D.MANAGER_ID , E.FIRST_NAME , D.DEPARTMENT_NAME
  2  FROM EMPLOYEES E
  3  NATURAL JOIN DEPARTMENTS D;
SELECT D.MANAGER_ID , E.FIRST_NAME , D.DEPARTMENT_NAME
       *
ERROR at line 1:
ORA-25155: column used in NATURAL join cannot have qualifier 


SQL> SELECT MANAGER_ID , E.FIRST_NAME , D.DEPARTMENT_NAME
  2  
SQL> SELECT EMPLOYEES.MANAGER_ID , E.FIRST_NAME , D.DEPARTMENT_NAME
  2  FROM EMPLOYEES
  3  NATURAL JOIN DEPARTMENTS D;
SELECT EMPLOYEES.MANAGER_ID , E.FIRST_NAME , D.DEPARTMENT_NAME
                              *
ERROR at line 1:
ORA-00904: "E"."FIRST_NAME": invalid identifier 


SQL> SELECT EMPLOYEES.MANAGER_ID , EMPLOYEES.FIRST_NAME , D.DEPARTMENT_NAME
  2  FROM EMPLOYEES
  3  NATURAL JOIN DEPARTMENTS D;
SELECT EMPLOYEES.MANAGER_ID , EMPLOYEES.FIRST_NAME , D.DEPARTMENT_NAME
       *
ERROR at line 1:
ORA-25155: column used in NATURAL join cannot have qualifier 


SQL> REM WE CAN'T QUALIFY ANY COMMON COLUMNS WHEN WE USE NATURAL JOIN.
SQL> 
SQL> 
SQL> REM INNER JOIN USING :
SQL> 
SQL> SELECT *
  2  FROM EMPLOYEES
  3  INNER JOIN DEPARTMENTS USING (DEPARTMENT_ID , MANAGER_ID);

DEPARTMENT_ID MANAGER_ID EMPLOYEE_ID FIRST_NAME      LAST_NAME       EMAIL      PHONE_NUMBER         HIRE_DATE JOB_ID         SALARY COMMISSION_PCT DEPARTMENT_NAME                LOCATION_ID                                                                                                                                                                                                                  
------------- ---------- ----------- --------------- --------------- ---------- -------------------- --------- ---------- ---------- -------------- ------------------------------ -----------                                                                                                                                                                                                                  
           90        100         101 Neena           Kochhar         NKOCHHAR   515.123.4568         21-SEP-89 AD_VP           17000                Executive                             1700                                                                                                                                                                                                                  
           90        100         102 Lex             De Haan         LDEHAAN    515.123.4569         13-JAN-93 AD_VP           17000                Executive                             1700                                                                                                                                                                                                                  
           60        103         104 Bruce           Ernst           BERNST     590.423.4568         21-MAY-91 IT_PROG          6000                IT                                    1400                                                                                                                                                                                                                  
           60        103         107 Diana           Lorentz         DLORENTZ   590.423.5567         07-FEB-99 IT_PROG          4200                IT                                    1400                                                                                                                                                                                                                  
           50        124         141 Trenna          Rajs            TRAJS      650.121.8009         17-OCT-95 ST_CLERK         3500                Shiping                               1500                                                                                                                                                                                                                  
           50        124         142 Curtis          Davies          CDAVIES    650.121.2994         29-JAN-97 ST_CLERK         3100                Shiping                               1500                                                                                                                                                                                                                  
           50        124         143 Randall         Matos           RMATOS     650.121.2874         15-MAR-98 ST_CLERK         2600                Shiping                               1500                                                                                                                                                                                                                  
           50        124         144 Peter           Vargas                     650.121.2004         09-JUL-98 ST_CLERK         2500                Shiping                               1500                                                                                                                                                                                                                  
           80        149         174 Ellen           Abel            EABEL      011.44.1644.429267   11-MAY-96 SA_REP          11000             .3 Sales                                 2500                                                                                                                                                                                                                  
           80        149         176 Jonathon        Taylor          JTAYLOR    011.44.1644.429265   24-MAR-98 SA_REP           8600             .3 Sales                                 2500                                                                                                                                                                                                                  
           20        201         202 Pat             Fay             PFAY       603.123.6666         17-AUG-97 MK_REP           6000                Marketing                             1800                                                                                                                                                                                                                  
          110        205         206 William         Gietz           WGIETZ     515.123.8181         07-JUN-94 AC_ACCOUNT       8300                Accounting                            1700                                                                                                                                                                                                                  

12 rows selected.

SQL> SELECT E.FIRST_NAME , D.DEPARTMENT_NAME
  2  FROM EMPLOYEES E
  3  INNER JOIN DEPARTMENTS D USING (DEPARTMENT_ID , MANAGER_ID);

FIRST_NAME      DEPARTMENT_NAME                                                                                                                                                                                                                                                                                                                                                                                 
--------------- ------------------------------                                                                                                                                                                                                                                                                                                                                                                  
Neena           Executive                                                                                                                                                                                                                                                                                                                                                                                       
Lex             Executive                                                                                                                                                                                                                                                                                                                                                                                       
Bruce           IT                                                                                                                                                                                                                                                                                                                                                                                              
Diana           IT                                                                                                                                                                                                                                                                                                                                                                                              
Trenna          Shiping                                                                                                                                                                                                                                                                                                                                                                                         
Curtis          Shiping                                                                                                                                                                                                                                                                                                                                                                                         
Randall         Shiping                                                                                                                                                                                                                                                                                                                                                                                         
Peter           Shiping                                                                                                                                                                                                                                                                                                                                                                                         
Ellen           Sales                                                                                                                                                                                                                                                                                                                                                                                           
Jonathon        Sales                                                                                                                                                                                                                                                                                                                                                                                           
Pat             Marketing                                                                                                                                                                                                                                                                                                                                                                                       
William         Accounting                                                                                                                                                                                                                                                                                                                                                                                      

12 rows selected.

SQL> SELECT E.DEPARTMENT_ID , E.FIRST_NAME , D.DEPARTMENT_NAME
  2  FROM EMPLOYEES E
  3  INNER JOIN DEPARTMENTS D USING (DEPARTMENT_ID , MANAGER_ID);
SELECT E.DEPARTMENT_ID , E.FIRST_NAME , D.DEPARTMENT_NAME
       *
ERROR at line 1:
ORA-25154: column part of USING clause cannot have qualifier 


SQL> SELECT E.FIRST_NAME , D.DEPARTMENT_NAME
  2  FROM EMPLOYEES E
  3  INNER JOIN DEPARTMENTS D USING (DEPARTMENT_ID);

FIRST_NAME      DEPARTMENT_NAME                                                                                                                                                                                                                                                                                                                                                                                 
--------------- ------------------------------                                                                                                                                                                                                                                                                                                                                                                  
Jennifer        Administration                                                                                                                                                                                                                                                                                                                                                                                  
Michael         Marketing                                                                                                                                                                                                                                                                                                                                                                                       
Pat             Marketing                                                                                                                                                                                                                                                                                                                                                                                       
Kevin           Shiping                                                                                                                                                                                                                                                                                                                                                                                         
Peter           Shiping                                                                                                                                                                                                                                                                                                                                                                                         
Randall         Shiping                                                                                                                                                                                                                                                                                                                                                                                         
Curtis          Shiping                                                                                                                                                                                                                                                                                                                                                                                         
Trenna          Shiping                                                                                                                                                                                                                                                                                                                                                                                         
Diana           IT                                                                                                                                                                                                                                                                                                                                                                                              
Bruce           IT                                                                                                                                                                                                                                                                                                                                                                                              
Alexander       IT                                                                                                                                                                                                                                                                                                                                                                                              
Ellen           Sales                                                                                                                                                                                                                                                                                                                                                                                           
Eleni           Sales                                                                                                                                                                                                                                                                                                                                                                                           
Jonathon        Sales                                                                                                                                                                                                                                                                                                                                                                                           
Lex             Executive                                                                                                                                                                                                                                                                                                                                                                                       
Steven          Executive                                                                                                                                                                                                                                                                                                                                                                                       
Neena           Executive                                                                                                                                                                                                                                                                                                                                                                                       
William         Accounting                                                                                                                                                                                                                                                                                                                                                                                      
Shelley         Accounting                                                                                                                                                                                                                                                                                                                                                                                      

19 rows selected.

SQL> SELECT *
  2  FROM EMPLOYEES E
  3  INNER JOIN DEPARTMENTS D USING (DEPARTMENT_ID);

DEPARTMENT_ID EMPLOYEE_ID FIRST_NAME      LAST_NAME       EMAIL      PHONE_NUMBER         HIRE_DATE JOB_ID         SALARY COMMISSION_PCT MANAGER_ID DEPARTMENT_NAME                MANAGER_ID LOCATION_ID                                                                                                                                                                                                       
------------- ----------- --------------- --------------- ---------- -------------------- --------- ---------- ---------- -------------- ---------- ------------------------------ ---------- -----------                                                                                                                                                                                                       
           10         200 Jennifer        Whalen          JWHALEN    515.123.4444         17-SEP-87 AD_ASST          4400                       101 Administration                        200        1700                                                                                                                                                                                                       
           20         201 Michael         Hartstein       MHARTSTE   515.123.5555         17-FEB-96 MK_MAN          13000                       100 Marketing                             201        1800                                                                                                                                                                                                       
           20         202 Pat             Fay             PFAY       603.123.6666         17-AUG-97 MK_REP           6000                       201 Marketing                             201        1800                                                                                                                                                                                                       
           50         124 Kevin           Mourgos         KMOURGOS   650.123.5234         16-NOV-99 ST_MAN           5800                       100 Shiping                               124        1500                                                                                                                                                                                                       
           50         144 Peter           Vargas                     650.121.2004         09-JUL-98 ST_CLERK         2500                       124 Shiping                               124        1500                                                                                                                                                                                                       
           50         143 Randall         Matos           RMATOS     650.121.2874         15-MAR-98 ST_CLERK         2600                       124 Shiping                               124        1500                                                                                                                                                                                                       
           50         142 Curtis          Davies          CDAVIES    650.121.2994         29-JAN-97 ST_CLERK         3100                       124 Shiping                               124        1500                                                                                                                                                                                                       
           50         141 Trenna          Rajs            TRAJS      650.121.8009         17-OCT-95 ST_CLERK         3500                       124 Shiping                               124        1500                                                                                                                                                                                                       
           60         107 Diana           Lorentz         DLORENTZ   590.423.5567         07-FEB-99 IT_PROG          4200                       103 IT                                    103        1400                                                                                                                                                                                                       
           60         104 Bruce           Ernst           BERNST     590.423.4568         21-MAY-91 IT_PROG          6000                       103 IT                                    103        1400                                                                                                                                                                                                       
           60         103 Alexander       Hunold          AHUNOLD    590.423.4567         03-JAN-90 IT_PROG          9000                       102 IT                                    103        1400                                                                                                                                                                                                       
           80         174 Ellen           Abel            EABEL      011.44.1644.429267   11-MAY-96 SA_REP          11000             .3        149 Sales                                 149        2500                                                                                                                                                                                                       
           80         149 Eleni           Zlotkey         EZLOTKEY   011.44.1344.429018   29-JAN-00 SA_MAN          10500             .2        100 Sales                                 149        2500                                                                                                                                                                                                       
           80         176 Jonathon        Taylor          JTAYLOR    011.44.1644.429265   24-MAR-98 SA_REP           8600             .3        149 Sales                                 149        2500                                                                                                                                                                                                       
           90         102 Lex             De Haan         LDEHAAN    515.123.4569         13-JAN-93 AD_VP           17000                       100 Executive                             100        1700                                                                                                                                                                                                       
           90         100 Steven          King            SKING      515.123.4567         17-JUL-87 AD_PRES         24000                           Executive                             100        1700                                                                                                                                                                                                       
           90         101 Neena           Kochhar         NKOCHHAR   515.123.4568         21-SEP-89 AD_VP           17000                       100 Executive                             100        1700                                                                                                                                                                                                       
          110         206 William         Gietz           WGIETZ     515.123.8181         07-JUN-94 AC_ACCOUNT       8300                       205 Accounting                            205        1700                                                                                                                                                                                                       
          110         205 Shelley         Higgins         SHIGGINS   515.123.8080         07-JUN-94 AC_MGR          12000                       101 Accounting                            205        1700                                                                                                                                                                                                       

19 rows selected.

SQL> SELECT DEPARTMENT_ID , MANAGER_ID , E.FIRST_NAME , D.DEPARTMENT_NAME
  2  FROM EMPLOYEES E
  3  INNER JOIN DEPARTMENTS D USING (DEPARTMENT_ID);
SELECT DEPARTMENT_ID , MANAGER_ID , E.FIRST_NAME , D.DEPARTMENT_NAME
                       *
ERROR at line 1:
ORA-00918: column ambiguously defined 


SQL> SELECT DEPARTMENT_ID , E.MANAGER_ID , E.FIRST_NAME , D.DEPARTMENT_NAME
  2  FROM EMPLOYEES E
  3  INNER JOIN DEPARTMENTS D USING (DEPARTMENT_ID);

DEPARTMENT_ID MANAGER_ID FIRST_NAME      DEPARTMENT_NAME                                                                                                                                                                                                                                                                                                                                                        
------------- ---------- --------------- ------------------------------                                                                                                                                                                                                                                                                                                                                         
           10        101 Jennifer        Administration                                                                                                                                                                                                                                                                                                                                                         
           20        100 Michael         Marketing                                                                                                                                                                                                                                                                                                                                                              
           20        201 Pat             Marketing                                                                                                                                                                                                                                                                                                                                                              
           50        100 Kevin           Shiping                                                                                                                                                                                                                                                                                                                                                                
           50        124 Peter           Shiping                                                                                                                                                                                                                                                                                                                                                                
           50        124 Randall         Shiping                                                                                                                                                                                                                                                                                                                                                                
           50        124 Curtis          Shiping                                                                                                                                                                                                                                                                                                                                                                
           50        124 Trenna          Shiping                                                                                                                                                                                                                                                                                                                                                                
           60        103 Diana           IT                                                                                                                                                                                                                                                                                                                                                                     
           60        103 Bruce           IT                                                                                                                                                                                                                                                                                                                                                                     
           60        102 Alexander       IT                                                                                                                                                                                                                                                                                                                                                                     
           80        149 Ellen           Sales                                                                                                                                                                                                                                                                                                                                                                  
           80        100 Eleni           Sales                                                                                                                                                                                                                                                                                                                                                                  
           80        149 Jonathon        Sales                                                                                                                                                                                                                                                                                                                                                                  
           90        100 Lex             Executive                                                                                                                                                                                                                                                                                                                                                              
           90            Steven          Executive                                                                                                                                                                                                                                                                                                                                                              
           90        100 Neena           Executive                                                                                                                                                                                                                                                                                                                                                              
          110        205 William         Accounting                                                                                                                                                                                                                                                                                                                                                             
          110        101 Shelley         Accounting                                                                                                                                                                                                                                                                                                                                                             

19 rows selected.

SQL> SELECT DEPARTMENT_ID , E.MANAGER_ID , D.MANAGER_ID , E.FIRST_NAME , D.DEPARTMENT_NAME
  2  FROM EMPLOYEES E
  3  INNER JOIN DEPARTMENTS D USING (DEPARTMENT_ID);

DEPARTMENT_ID MANAGER_ID MANAGER_ID FIRST_NAME      DEPARTMENT_NAME                                                                                                                                                                                                                                                                                                                                             
------------- ---------- ---------- --------------- ------------------------------                                                                                                                                                                                                                                                                                                                              
           10        101        200 Jennifer        Administration                                                                                                                                                                                                                                                                                                                                              
           20        100        201 Michael         Marketing                                                                                                                                                                                                                                                                                                                                                   
           20        201        201 Pat             Marketing                                                                                                                                                                                                                                                                                                                                                   
           50        100        124 Kevin           Shiping                                                                                                                                                                                                                                                                                                                                                     
           50        124        124 Peter           Shiping                                                                                                                                                                                                                                                                                                                                                     
           50        124        124 Randall         Shiping                                                                                                                                                                                                                                                                                                                                                     
           50        124        124 Curtis          Shiping                                                                                                                                                                                                                                                                                                                                                     
           50        124        124 Trenna          Shiping                                                                                                                                                                                                                                                                                                                                                     
           60        103        103 Diana           IT                                                                                                                                                                                                                                                                                                                                                          
           60        103        103 Bruce           IT                                                                                                                                                                                                                                                                                                                                                          
           60        102        103 Alexander       IT                                                                                                                                                                                                                                                                                                                                                          
           80        149        149 Ellen           Sales                                                                                                                                                                                                                                                                                                                                                       
           80        100        149 Eleni           Sales                                                                                                                                                                                                                                                                                                                                                       
           80        149        149 Jonathon        Sales                                                                                                                                                                                                                                                                                                                                                       
           90        100        100 Lex             Executive                                                                                                                                                                                                                                                                                                                                                   
           90                   100 Steven          Executive                                                                                                                                                                                                                                                                                                                                                   
           90        100        100 Neena           Executive                                                                                                                                                                                                                                                                                                                                                   
          110        205        205 William         Accounting                                                                                                                                                                                                                                                                                                                                                  
          110        101        205 Shelley         Accounting                                                                                                                                                                                                                                                                                                                                                  

19 rows selected.

SQL> SELECT DEPARTMENT_ID , E.MANAGER_ID EMP_MGR, D.MANAGER_ID DEPT_MGR, E.FIRST_NAME , D.DEPARTMENT_NAME
  2  FROM EMPLOYEES E
  3  INNER JOIN DEPARTMENTS D USING (DEPARTMENT_ID);

DEPARTMENT_ID    EMP_MGR   DEPT_MGR FIRST_NAME      DEPARTMENT_NAME                                                                                                                                                                                                                                                                                                                                             
------------- ---------- ---------- --------------- ------------------------------                                                                                                                                                                                                                                                                                                                              
           10        101        200 Jennifer        Administration                                                                                                                                                                                                                                                                                                                                              
           20        100        201 Michael         Marketing                                                                                                                                                                                                                                                                                                                                                   
           20        201        201 Pat             Marketing                                                                                                                                                                                                                                                                                                                                                   
           50        100        124 Kevin           Shiping                                                                                                                                                                                                                                                                                                                                                     
           50        124        124 Peter           Shiping                                                                                                                                                                                                                                                                                                                                                     
           50        124        124 Randall         Shiping                                                                                                                                                                                                                                                                                                                                                     
           50        124        124 Curtis          Shiping                                                                                                                                                                                                                                                                                                                                                     
           50        124        124 Trenna          Shiping                                                                                                                                                                                                                                                                                                                                                     
           60        103        103 Diana           IT                                                                                                                                                                                                                                                                                                                                                          
           60        103        103 Bruce           IT                                                                                                                                                                                                                                                                                                                                                          
           60        102        103 Alexander       IT                                                                                                                                                                                                                                                                                                                                                          
           80        149        149 Ellen           Sales                                                                                                                                                                                                                                                                                                                                                       
           80        100        149 Eleni           Sales                                                                                                                                                                                                                                                                                                                                                       
           80        149        149 Jonathon        Sales                                                                                                                                                                                                                                                                                                                                                       
           90        100        100 Lex             Executive                                                                                                                                                                                                                                                                                                                                                   
           90                   100 Steven          Executive                                                                                                                                                                                                                                                                                                                                                   
           90        100        100 Neena           Executive                                                                                                                                                                                                                                                                                                                                                   
          110        205        205 William         Accounting                                                                                                                                                                                                                                                                                                                                                  
          110        101        205 Shelley         Accounting                                                                                                                                                                                                                                                                                                                                                  

19 rows selected.

SQL> REM WHEN WE USE INNER JOIN USING, COLUMNS LISTED IN 'USING' CLAUSE CAN'T BE QUALIFIED BUT OTHER COMMON COLUMNS MUST BE QUALIFIED.
SQL> 
SQL> REM WE CAN QUALIFY COLUMNS WITH EITHER TABLE NAME OR TABLE ALIAS.
SQL> 
SQL> 
SQL> REM INNER JOIN 'ON' : IT KEEPS DUPLICATION ALL COMMON COLUMNS, SO EACH COMMON COLUMN MUST BE QUALIFIED.
SQL> 
SQL> 
SQL> SELECT *
  2  FROM EMPLOYEES E
  3  JOIN DEPARTMENTS D ON E.DEPARTMENT_ID = D.DEPARTMENT_ID;

EMPLOYEE_ID FIRST_NAME      LAST_NAME       EMAIL      PHONE_NUMBER         HIRE_DATE JOB_ID         SALARY COMMISSION_PCT MANAGER_ID DEPARTMENT_ID DEPARTMENT_ID DEPARTMENT_NAME                MANAGER_ID LOCATION_ID                                                                                                                                                                                         
----------- --------------- --------------- ---------- -------------------- --------- ---------- ---------- -------------- ---------- ------------- ------------- ------------------------------ ---------- -----------                                                                                                                                                                                         
        200 Jennifer        Whalen          JWHALEN    515.123.4444         17-SEP-87 AD_ASST          4400                       101            10            10 Administration                        200        1700                                                                                                                                                                                         
        201 Michael         Hartstein       MHARTSTE   515.123.5555         17-FEB-96 MK_MAN          13000                       100            20            20 Marketing                             201        1800                                                                                                                                                                                         
        202 Pat             Fay             PFAY       603.123.6666         17-AUG-97 MK_REP           6000                       201            20            20 Marketing                             201        1800                                                                                                                                                                                         
        124 Kevin           Mourgos         KMOURGOS   650.123.5234         16-NOV-99 ST_MAN           5800                       100            50            50 Shiping                               124        1500                                                                                                                                                                                         
        144 Peter           Vargas                     650.121.2004         09-JUL-98 ST_CLERK         2500                       124            50            50 Shiping                               124        1500                                                                                                                                                                                         
        143 Randall         Matos           RMATOS     650.121.2874         15-MAR-98 ST_CLERK         2600                       124            50            50 Shiping                               124        1500                                                                                                                                                                                         
        142 Curtis          Davies          CDAVIES    650.121.2994         29-JAN-97 ST_CLERK         3100                       124            50            50 Shiping                               124        1500                                                                                                                                                                                         
        141 Trenna          Rajs            TRAJS      650.121.8009         17-OCT-95 ST_CLERK         3500                       124            50            50 Shiping                               124        1500                                                                                                                                                                                         
        107 Diana           Lorentz         DLORENTZ   590.423.5567         07-FEB-99 IT_PROG          4200                       103            60            60 IT                                    103        1400                                                                                                                                                                                         
        104 Bruce           Ernst           BERNST     590.423.4568         21-MAY-91 IT_PROG          6000                       103            60            60 IT                                    103        1400                                                                                                                                                                                         
        103 Alexander       Hunold          AHUNOLD    590.423.4567         03-JAN-90 IT_PROG          9000                       102            60            60 IT                                    103        1400                                                                                                                                                                                         
        174 Ellen           Abel            EABEL      011.44.1644.429267   11-MAY-96 SA_REP          11000             .3        149            80            80 Sales                                 149        2500                                                                                                                                                                                         
        149 Eleni           Zlotkey         EZLOTKEY   011.44.1344.429018   29-JAN-00 SA_MAN          10500             .2        100            80            80 Sales                                 149        2500                                                                                                                                                                                         
        176 Jonathon        Taylor          JTAYLOR    011.44.1644.429265   24-MAR-98 SA_REP           8600             .3        149            80            80 Sales                                 149        2500                                                                                                                                                                                         
        102 Lex             De Haan         LDEHAAN    515.123.4569         13-JAN-93 AD_VP           17000                       100            90            90 Executive                             100        1700                                                                                                                                                                                         
        100 Steven          King            SKING      515.123.4567         17-JUL-87 AD_PRES         24000                                      90            90 Executive                             100        1700                                                                                                                                                                                         
        101 Neena           Kochhar         NKOCHHAR   515.123.4568         21-SEP-89 AD_VP           17000                       100            90            90 Executive                             100        1700                                                                                                                                                                                         
        206 William         Gietz           WGIETZ     515.123.8181         07-JUN-94 AC_ACCOUNT       8300                       205           110           110 Accounting                            205        1700                                                                                                                                                                                         
        205 Shelley         Higgins         SHIGGINS   515.123.8080         07-JUN-94 AC_MGR          12000                       101           110           110 Accounting                            205        1700                                                                                                                                                                                         

19 rows selected.

SQL> SELECT *
  2  FROM EMPLOYEES
  3  JOIN DEPARTMENTS ON EMPLOYEES.DEPARTMENT_ID = DEPARTMENTS.DEPARTMENT_ID;

EMPLOYEE_ID FIRST_NAME      LAST_NAME       EMAIL      PHONE_NUMBER         HIRE_DATE JOB_ID         SALARY COMMISSION_PCT MANAGER_ID DEPARTMENT_ID DEPARTMENT_ID DEPARTMENT_NAME                MANAGER_ID LOCATION_ID                                                                                                                                                                                         
----------- --------------- --------------- ---------- -------------------- --------- ---------- ---------- -------------- ---------- ------------- ------------- ------------------------------ ---------- -----------                                                                                                                                                                                         
        200 Jennifer        Whalen          JWHALEN    515.123.4444         17-SEP-87 AD_ASST          4400                       101            10            10 Administration                        200        1700                                                                                                                                                                                         
        201 Michael         Hartstein       MHARTSTE   515.123.5555         17-FEB-96 MK_MAN          13000                       100            20            20 Marketing                             201        1800                                                                                                                                                                                         
        202 Pat             Fay             PFAY       603.123.6666         17-AUG-97 MK_REP           6000                       201            20            20 Marketing                             201        1800                                                                                                                                                                                         
        124 Kevin           Mourgos         KMOURGOS   650.123.5234         16-NOV-99 ST_MAN           5800                       100            50            50 Shiping                               124        1500                                                                                                                                                                                         
        144 Peter           Vargas                     650.121.2004         09-JUL-98 ST_CLERK         2500                       124            50            50 Shiping                               124        1500                                                                                                                                                                                         
        143 Randall         Matos           RMATOS     650.121.2874         15-MAR-98 ST_CLERK         2600                       124            50            50 Shiping                               124        1500                                                                                                                                                                                         
        142 Curtis          Davies          CDAVIES    650.121.2994         29-JAN-97 ST_CLERK         3100                       124            50            50 Shiping                               124        1500                                                                                                                                                                                         
        141 Trenna          Rajs            TRAJS      650.121.8009         17-OCT-95 ST_CLERK         3500                       124            50            50 Shiping                               124        1500                                                                                                                                                                                         
        107 Diana           Lorentz         DLORENTZ   590.423.5567         07-FEB-99 IT_PROG          4200                       103            60            60 IT                                    103        1400                                                                                                                                                                                         
        104 Bruce           Ernst           BERNST     590.423.4568         21-MAY-91 IT_PROG          6000                       103            60            60 IT                                    103        1400                                                                                                                                                                                         
        103 Alexander       Hunold          AHUNOLD    590.423.4567         03-JAN-90 IT_PROG          9000                       102            60            60 IT                                    103        1400                                                                                                                                                                                         
        174 Ellen           Abel            EABEL      011.44.1644.429267   11-MAY-96 SA_REP          11000             .3        149            80            80 Sales                                 149        2500                                                                                                                                                                                         
        149 Eleni           Zlotkey         EZLOTKEY   011.44.1344.429018   29-JAN-00 SA_MAN          10500             .2        100            80            80 Sales                                 149        2500                                                                                                                                                                                         
        176 Jonathon        Taylor          JTAYLOR    011.44.1644.429265   24-MAR-98 SA_REP           8600             .3        149            80            80 Sales                                 149        2500                                                                                                                                                                                         
        102 Lex             De Haan         LDEHAAN    515.123.4569         13-JAN-93 AD_VP           17000                       100            90            90 Executive                             100        1700                                                                                                                                                                                         
        100 Steven          King            SKING      515.123.4567         17-JUL-87 AD_PRES         24000                                      90            90 Executive                             100        1700                                                                                                                                                                                         
        101 Neena           Kochhar         NKOCHHAR   515.123.4568         21-SEP-89 AD_VP           17000                       100            90            90 Executive                             100        1700                                                                                                                                                                                         
        206 William         Gietz           WGIETZ     515.123.8181         07-JUN-94 AC_ACCOUNT       8300                       205           110           110 Accounting                            205        1700                                                                                                                                                                                         
        205 Shelley         Higgins         SHIGGINS   515.123.8080         07-JUN-94 AC_MGR          12000                       101           110           110 Accounting                            205        1700                                                                                                                                                                                         

19 rows selected.

SQL> SELECT FIRST_NAME , DEPARTMENT_NAME
  2  FROM EMPLOYEES
  3  JOIN DEPARTMENTS ON EMPLOYEES.DEPARTMENT_ID = DEPARTMENTS.DEPARTMENT_ID;

FIRST_NAME      DEPARTMENT_NAME                                                                                                                                                                                                                                                                                                                                                                                 
--------------- ------------------------------                                                                                                                                                                                                                                                                                                                                                                  
Jennifer        Administration                                                                                                                                                                                                                                                                                                                                                                                  
Michael         Marketing                                                                                                                                                                                                                                                                                                                                                                                       
Pat             Marketing                                                                                                                                                                                                                                                                                                                                                                                       
Kevin           Shiping                                                                                                                                                                                                                                                                                                                                                                                         
Peter           Shiping                                                                                                                                                                                                                                                                                                                                                                                         
Randall         Shiping                                                                                                                                                                                                                                                                                                                                                                                         
Curtis          Shiping                                                                                                                                                                                                                                                                                                                                                                                         
Trenna          Shiping                                                                                                                                                                                                                                                                                                                                                                                         
Diana           IT                                                                                                                                                                                                                                                                                                                                                                                              
Bruce           IT                                                                                                                                                                                                                                                                                                                                                                                              
Alexander       IT                                                                                                                                                                                                                                                                                                                                                                                              
Ellen           Sales                                                                                                                                                                                                                                                                                                                                                                                           
Eleni           Sales                                                                                                                                                                                                                                                                                                                                                                                           
Jonathon        Sales                                                                                                                                                                                                                                                                                                                                                                                           
Lex             Executive                                                                                                                                                                                                                                                                                                                                                                                       
Steven          Executive                                                                                                                                                                                                                                                                                                                                                                                       
Neena           Executive                                                                                                                                                                                                                                                                                                                                                                                       
William         Accounting                                                                                                                                                                                                                                                                                                                                                                                      
Shelley         Accounting                                                                                                                                                                                                                                                                                                                                                                                      

19 rows selected.

SQL> SELECT DEPARTMENT_ID , MANAGER_ID , FIRST_NAME , DEPARTMENT_NAME
  2  FROM EMPLOYEES
  3  JOIN DEPARTMENTS ON EMPLOYEES.DEPARTMENT_ID = DEPARTMENTS.DEPARTMENT_ID;
SELECT DEPARTMENT_ID , MANAGER_ID , FIRST_NAME , DEPARTMENT_NAME
                       *
ERROR at line 1:
ORA-00918: column ambiguously defined 


SQL> SELECT E.DEPARTMENT_ID , D.DEPARTMENT_ID , E.MANAGER_ID , D.MANAGER_ID , FIRST_NAME , DEPARTMENT_NAME
  2  FROM EMPLOYEES E
  3  JOIN DEPARTMENTS D ON E.DEPARTMENT_ID = D.DEPARTMENT_ID;

DEPARTMENT_ID DEPARTMENT_ID MANAGER_ID MANAGER_ID FIRST_NAME      DEPARTMENT_NAME                                                                                                                                                                                                                                                                                                                               
------------- ------------- ---------- ---------- --------------- ------------------------------                                                                                                                                                                                                                                                                                                                
           10            10        101        200 Jennifer        Administration                                                                                                                                                                                                                                                                                                                                
           20            20        100        201 Michael         Marketing                                                                                                                                                                                                                                                                                                                                     
           20            20        201        201 Pat             Marketing                                                                                                                                                                                                                                                                                                                                     
           50            50        100        124 Kevin           Shiping                                                                                                                                                                                                                                                                                                                                       
           50            50        124        124 Peter           Shiping                                                                                                                                                                                                                                                                                                                                       
           50            50        124        124 Randall         Shiping                                                                                                                                                                                                                                                                                                                                       
           50            50        124        124 Curtis          Shiping                                                                                                                                                                                                                                                                                                                                       
           50            50        124        124 Trenna          Shiping                                                                                                                                                                                                                                                                                                                                       
           60            60        103        103 Diana           IT                                                                                                                                                                                                                                                                                                                                            
           60            60        103        103 Bruce           IT                                                                                                                                                                                                                                                                                                                                            
           60            60        102        103 Alexander       IT                                                                                                                                                                                                                                                                                                                                            
           80            80        149        149 Ellen           Sales                                                                                                                                                                                                                                                                                                                                         
           80            80        100        149 Eleni           Sales                                                                                                                                                                                                                                                                                                                                         
           80            80        149        149 Jonathon        Sales                                                                                                                                                                                                                                                                                                                                         
           90            90        100        100 Lex             Executive                                                                                                                                                                                                                                                                                                                                     
           90            90                   100 Steven          Executive                                                                                                                                                                                                                                                                                                                                     
           90            90        100        100 Neena           Executive                                                                                                                                                                                                                                                                                                                                     
          110           110        205        205 William         Accounting                                                                                                                                                                                                                                                                                                                                    
          110           110        101        205 Shelley         Accounting                                                                                                                                                                                                                                                                                                                                    

19 rows selected.

SQL> SELECT * FROM EMPLOYEES;

EMPLOYEE_ID FIRST_NAME      LAST_NAME       EMAIL      PHONE_NUMBER         HIRE_DATE JOB_ID         SALARY COMMISSION_PCT MANAGER_ID DEPARTMENT_ID                                                                                                                                                                                                                                                             
----------- --------------- --------------- ---------- -------------------- --------- ---------- ---------- -------------- ---------- -------------                                                                                                                                                                                                                                                             
        100 Steven          King            SKING      515.123.4567         17-JUL-87 AD_PRES         24000                                      90                                                                                                                                                                                                                                                             
        101 Neena           Kochhar         NKOCHHAR   515.123.4568         21-SEP-89 AD_VP           17000                       100            90                                                                                                                                                                                                                                                             
        102 Lex             De Haan         LDEHAAN    515.123.4569         13-JAN-93 AD_VP           17000                       100            90                                                                                                                                                                                                                                                             
        103 Alexander       Hunold          AHUNOLD    590.423.4567         03-JAN-90 IT_PROG          9000                       102            60                                                                                                                                                                                                                                                             
        104 Bruce           Ernst           BERNST     590.423.4568         21-MAY-91 IT_PROG          6000                       103            60                                                                                                                                                                                                                                                             
        107 Diana           Lorentz         DLORENTZ   590.423.5567         07-FEB-99 IT_PROG          4200                       103            60                                                                                                                                                                                                                                                             
        124 Kevin           Mourgos         KMOURGOS   650.123.5234         16-NOV-99 ST_MAN           5800                       100            50                                                                                                                                                                                                                                                             
        141 Trenna          Rajs            TRAJS      650.121.8009         17-OCT-95 ST_CLERK         3500                       124            50                                                                                                                                                                                                                                                             
        142 Curtis          Davies          CDAVIES    650.121.2994         29-JAN-97 ST_CLERK         3100                       124            50                                                                                                                                                                                                                                                             
        143 Randall         Matos           RMATOS     650.121.2874         15-MAR-98 ST_CLERK         2600                       124            50                                                                                                                                                                                                                                                             
        144 Peter           Vargas                     650.121.2004         09-JUL-98 ST_CLERK         2500                       124            50                                                                                                                                                                                                                                                             
        149 Eleni           Zlotkey         EZLOTKEY   011.44.1344.429018   29-JAN-00 SA_MAN          10500             .2        100            80                                                                                                                                                                                                                                                             
        174 Ellen           Abel            EABEL      011.44.1644.429267   11-MAY-96 SA_REP          11000             .3        149            80                                                                                                                                                                                                                                                             
        176 Jonathon        Taylor          JTAYLOR    011.44.1644.429265   24-MAR-98 SA_REP           8600             .3        149            80                                                                                                                                                                                                                                                             
        178 Kimerely        Grant           KGRANT     011.44.1644.429263   24-MAY-99 SA_REP           7000            .15        149                                                                                                                                                                                                                                                                           
        200 Jennifer        Whalen          JWHALEN    515.123.4444         17-SEP-87 AD_ASST          4400                       101            10                                                                                                                                                                                                                                                             
        201 Michael         Hartstein       MHARTSTE   515.123.5555         17-FEB-96 MK_MAN          13000                       100            20                                                                                                                                                                                                                                                             
        202 Pat             Fay             PFAY       603.123.6666         17-AUG-97 MK_REP           6000                       201            20                                                                                                                                                                                                                                                             
        205 Shelley         Higgins         SHIGGINS   515.123.8080         07-JUN-94 AC_MGR          12000                       101           110                                                                                                                                                                                                                                                             
        206 William         Gietz           WGIETZ     515.123.8181         07-JUN-94 AC_ACCOUNT       8300                       205           110                                                                                                                                                                                                                                                             

20 rows selected.

SQL> SELECT * FROM DEPARTMENTS;

DEPARTMENT_ID DEPARTMENT_NAME                MANAGER_ID LOCATION_ID                                                                                                                                                                                                                                                                                                                                             
------------- ------------------------------ ---------- -----------                                                                                                                                                                                                                                                                                                                                             
           10 Administration                        200        1700                                                                                                                                                                                                                                                                                                                                             
           20 Marketing                             201        1800                                                                                                                                                                                                                                                                                                                                             
           50 Shiping                               124        1500                                                                                                                                                                                                                                                                                                                                             
           60 IT                                    103        1400                                                                                                                                                                                                                                                                                                                                             
           80 Sales                                 149        2500                                                                                                                                                                                                                                                                                                                                             
           90 Executive                             100        1700                                                                                                                                                                                                                                                                                                                                             
          110 Accounting                            205        1700                                                                                                                                                                                                                                                                                                                                             
          190 Contracting                                      1700                                                                                                                                                                                                                                                                                                                                             

8 rows selected.

SQL> REM 1 FIRST_NAME , DEPARTMENT_NAME , DEPARTMENT_ID , MANAGER_ID (EMP_HEAD) , MANAGER_ID (DEPT_HEAD)
SQL> 
SQL> REM 1 USING 2 ON
SQL> 
SQL> 
SQL> 
SQL> REM 1 FIRST_NAME , DEPARTMENT_NAME , DEPARTMENT_ID , MANAGER_ID (EMP_HEAD) , MANAGER_ID (DEPT_HEAD)
SQL> 
SQL> SELECT FIRST_NAME , DEPARTMENT_NAME , DEPARTMENT_ID , E.MANAGER_ID EMP_HEAD , D.MANAGER_ID DEPT_HEAD
  2  FROM EMPLOYEES
  3  JOIN DEPARTMENTS USING (DEPARTMENT_ID);
SELECT FIRST_NAME , DEPARTMENT_NAME , DEPARTMENT_ID , E.MANAGER_ID EMP_HEAD , D.MANAGER_ID DEPT_HEAD
                                                                              *
ERROR at line 1:
ORA-00904: "D"."MANAGER_ID": invalid identifier 


SQL> 
SQL> SELECT FIRST_NAME , DEPARTMENT_NAME , DEPARTMENT_ID , E.MANAGER_ID EMP_HEAD , D.MANAGER_ID DEPT_HEAD
  2  FROM EMPLOYEES E
  3  JOIN DEPARTMENTS D USING (DEPARTMENT_ID);

FIRST_NAME      DEPARTMENT_NAME                DEPARTMENT_ID   EMP_HEAD  DEPT_HEAD                                                                                                                                                                                                                                                                                                                              
--------------- ------------------------------ ------------- ---------- ----------                                                                                                                                                                                                                                                                                                                              
Jennifer        Administration                            10        101        200                                                                                                                                                                                                                                                                                                                              
Michael         Marketing                                 20        100        201                                                                                                                                                                                                                                                                                                                              
Pat             Marketing                                 20        201        201                                                                                                                                                                                                                                                                                                                              
Kevin           Shiping                                   50        100        124                                                                                                                                                                                                                                                                                                                              
Peter           Shiping                                   50        124        124                                                                                                                                                                                                                                                                                                                              
Randall         Shiping                                   50        124        124                                                                                                                                                                                                                                                                                                                              
Curtis          Shiping                                   50        124        124                                                                                                                                                                                                                                                                                                                              
Trenna          Shiping                                   50        124        124                                                                                                                                                                                                                                                                                                                              
Diana           IT                                        60        103        103                                                                                                                                                                                                                                                                                                                              
Bruce           IT                                        60        103        103                                                                                                                                                                                                                                                                                                                              
Alexander       IT                                        60        102        103                                                                                                                                                                                                                                                                                                                              
Ellen           Sales                                     80        149        149                                                                                                                                                                                                                                                                                                                              
Eleni           Sales                                     80        100        149                                                                                                                                                                                                                                                                                                                              
Jonathon        Sales                                     80        149        149                                                                                                                                                                                                                                                                                                                              
Lex             Executive                                 90        100        100                                                                                                                                                                                                                                                                                                                              
Steven          Executive                                 90                   100                                                                                                                                                                                                                                                                                                                              
Neena           Executive                                 90        100        100                                                                                                                                                                                                                                                                                                                              
William         Accounting                               110        205        205                                                                                                                                                                                                                                                                                                                              
Shelley         Accounting                               110        101        205                                                                                                                                                                                                                                                                                                                              

19 rows selected.

SQL> SELECT FIRST_NAME , DEPARTMENT_NAME , E.DEPARTMENT_ID , E.MANAGER_ID EMP_HEAD , D.MANAGER_ID DEPT_HEAD
  2  FROM EMPLOYEES E
  3  JOIN DEPARTMENTS D ON E.DEPARTMENT_ID = D.DEPARTMENT_ID;

FIRST_NAME      DEPARTMENT_NAME                DEPARTMENT_ID   EMP_HEAD  DEPT_HEAD                                                                                                                                                                                                                                                                                                                              
--------------- ------------------------------ ------------- ---------- ----------                                                                                                                                                                                                                                                                                                                              
Jennifer        Administration                            10        101        200                                                                                                                                                                                                                                                                                                                              
Michael         Marketing                                 20        100        201                                                                                                                                                                                                                                                                                                                              
Pat             Marketing                                 20        201        201                                                                                                                                                                                                                                                                                                                              
Kevin           Shiping                                   50        100        124                                                                                                                                                                                                                                                                                                                              
Peter           Shiping                                   50        124        124                                                                                                                                                                                                                                                                                                                              
Randall         Shiping                                   50        124        124                                                                                                                                                                                                                                                                                                                              
Curtis          Shiping                                   50        124        124                                                                                                                                                                                                                                                                                                                              
Trenna          Shiping                                   50        124        124                                                                                                                                                                                                                                                                                                                              
Diana           IT                                        60        103        103                                                                                                                                                                                                                                                                                                                              
Bruce           IT                                        60        103        103                                                                                                                                                                                                                                                                                                                              
Alexander       IT                                        60        102        103                                                                                                                                                                                                                                                                                                                              
Ellen           Sales                                     80        149        149                                                                                                                                                                                                                                                                                                                              
Eleni           Sales                                     80        100        149                                                                                                                                                                                                                                                                                                                              
Jonathon        Sales                                     80        149        149                                                                                                                                                                                                                                                                                                                              
Lex             Executive                                 90        100        100                                                                                                                                                                                                                                                                                                                              
Steven          Executive                                 90                   100                                                                                                                                                                                                                                                                                                                              
Neena           Executive                                 90        100        100                                                                                                                                                                                                                                                                                                                              
William         Accounting                               110        205        205                                                                                                                                                                                                                                                                                                                              
Shelley         Accounting                               110        101        205                                                                                                                                                                                                                                                                                                                              

19 rows selected.

SQL> SELECT * FROM DEPARTMENTS;

DEPARTMENT_ID DEPARTMENT_NAME                MANAGER_ID LOCATION_ID                                                                                                                                                                                                                                                                                                                                             
------------- ------------------------------ ---------- -----------                                                                                                                                                                                                                                                                                                                                             
           10 Administration                        200        1700                                                                                                                                                                                                                                                                                                                                             
           20 Marketing                             201        1800                                                                                                                                                                                                                                                                                                                                             
           50 Shiping                               124        1500                                                                                                                                                                                                                                                                                                                                             
           60 IT                                    103        1400                                                                                                                                                                                                                                                                                                                                             
           80 Sales                                 149        2500                                                                                                                                                                                                                                                                                                                                             
           90 Executive                             100        1700                                                                                                                                                                                                                                                                                                                                             
          110 Accounting                            205        1700                                                                                                                                                                                                                                                                                                                                             
          190 Contracting                                      1700                                                                                                                                                                                                                                                                                                                                             

8 rows selected.

SQL> SELECT * FROM LOCATIONS;

LOCATION_ID STREET_ADRESS                            POSTAL_CODE  CITY                           STATE_PROVINCE            CO                                                                                                                                                                                                                                                                                   
----------- ---------------------------------------- ------------ ------------------------------ ------------------------- --                                                                                                                                                                                                                                                                                   
       1400 2014 Jabberwocky Rd                      26192        Southlake                      Texas                     US                                                                                                                                                                                                                                                                                   
       1500 2011 Interiors Blvd                      99236        South San Francisco            California                US                                                                                                                                                                                                                                                                                   
       1700 2004 Charade Rd                          98199        Seattle                        Washington                US                                                                                                                                                                                                                                                                                   
       1800 460 Bloor St. W.                         ON M5S 1X8   Toronto                        Ontario                   CA                                                                                                                                                                                                                                                                                   
       2500 Magdalen Centre, The Oxford Science Park OX9 9ZB      Oxford                         Oxford                    UK                                                                                                                                                                                                                                                                                   

SQL> SELECT * FROM COUNTRIES;

CO COUNTRY_NAME                              REGION_ID                                                                                                                                                                                                                                                                                                                                                          
-- ---------------------------------------- ----------                                                                                                                                                                                                                                                                                                                                                          
CA Canada                                            2                                                                                                                                                                                                                                                                                                                                                          
DE Germany                                           1                                                                                                                                                                                                                                                                                                                                                          
UK United Kingdom                                    1                                                                                                                                                                                                                                                                                                                                                          
US United States of America                          2                                                                                                                                                                                                                                                                                                                                                          

SQL> SELECT * FROM REGIONS;

 REGION_ID REGION_NAME                                                                                                                                                                                                                                                                                                                                                                                          
---------- -------------------------                                                                                                                                                                                                                                                                                                                                                                            
         1 Europe                                                                                                                                                                                                                                                                                                                                                                                               
         2 Americas                                                                                                                                                                                                                                                                                                                                                                                             
         3 Asia                                                                                                                                                                                                                                                                                                                                                                                                 
         4 Middle East and Africa                                                                                                                                                                                                                                                                                                                                                                               

SQL> REM 1 DEPARTMENT_NAME , CITY       2 STATE_PROVINCE , REGION_NAME        3 REGION_NAME , COUNTRY_ID , CITY , DEPARTMENT_ID
SQL> 
SQL> REM 1 NATURAL JOIN 2 INNER JOIN 'USING' 3 INNER JOIN 'ON
SQL> 
SQL> 
SQL> REM 1 DEPARTMENT_NAME , CITY
SQL> 
SQL> SELECT DEPARTMENT_NAME , CITY
  2  FROM DEPARTMENTS
  3  NATURAL JOIN LOCATIONS;

DEPARTMENT_NAME                CITY                                                                                                                                                                                                                                                                                                                                                                             
------------------------------ ------------------------------                                                                                                                                                                                                                                                                                                                                                   
Administration                 Seattle                                                                                                                                                                                                                                                                                                                                                                          
Marketing                      Toronto                                                                                                                                                                                                                                                                                                                                                                          
Shiping                        South San Francisco                                                                                                                                                                                                                                                                                                                                                              
IT                             Southlake                                                                                                                                                                                                                                                                                                                                                                        
Sales                          Oxford                                                                                                                                                                                                                                                                                                                                                                           
Executive                      Seattle                                                                                                                                                                                                                                                                                                                                                                          
Accounting                     Seattle                                                                                                                                                                                                                                                                                                                                                                          
Contracting                    Seattle                                                                                                                                                                                                                                                                                                                                                                          

8 rows selected.

SQL> SELECT DEPARTMENT_NAME , CITY
  2  FROM DEPARTMENTS
  3  JOIN LOCATIONS USING (LOCATION_ID);

DEPARTMENT_NAME                CITY                                                                                                                                                                                                                                                                                                                                                                             
------------------------------ ------------------------------                                                                                                                                                                                                                                                                                                                                                   
Administration                 Seattle                                                                                                                                                                                                                                                                                                                                                                          
Marketing                      Toronto                                                                                                                                                                                                                                                                                                                                                                          
Shiping                        South San Francisco                                                                                                                                                                                                                                                                                                                                                              
IT                             Southlake                                                                                                                                                                                                                                                                                                                                                                        
Sales                          Oxford                                                                                                                                                                                                                                                                                                                                                                           
Executive                      Seattle                                                                                                                                                                                                                                                                                                                                                                          
Accounting                     Seattle                                                                                                                                                                                                                                                                                                                                                                          
Contracting                    Seattle                                                                                                                                                                                                                                                                                                                                                                          

8 rows selected.

SQL> SELECT DEPARTMENT_NAME , CITY
  2  FROM DEPARTMENTS D
  3  JOIN LOCATIONS   L ON D.LOCATION_ID = L.LOCATION_ID;

DEPARTMENT_NAME                CITY                                                                                                                                                                                                                                                                                                                                                                             
------------------------------ ------------------------------                                                                                                                                                                                                                                                                                                                                                   
Administration                 Seattle                                                                                                                                                                                                                                                                                                                                                                          
Marketing                      Toronto                                                                                                                                                                                                                                                                                                                                                                          
Shiping                        South San Francisco                                                                                                                                                                                                                                                                                                                                                              
IT                             Southlake                                                                                                                                                                                                                                                                                                                                                                        
Sales                          Oxford                                                                                                                                                                                                                                                                                                                                                                           
Executive                      Seattle                                                                                                                                                                                                                                                                                                                                                                          
Accounting                     Seattle                                                                                                                                                                                                                                                                                                                                                                          
Contracting                    Seattle                                                                                                                                                                                                                                                                                                                                                                          

8 rows selected.

SQL> REM 2 STATE_PROVINCE , REGION_NAME
SQL> 
SQL> SELECT STATE_PROVINCE , REGION_NAME
  2  FROM LOCATIONS
  3  NATURAL JOIN COUNTRIES
  4  NATURAL JOIN REGIONS;

STATE_PROVINCE            REGION_NAME                                                                                                                                                                                                                                                                                                                                                                           
------------------------- -------------------------                                                                                                                                                                                                                                                                                                                                                             
Texas                     Americas                                                                                                                                                                                                                                                                                                                                                                              
California                Americas                                                                                                                                                                                                                                                                                                                                                                              
Washington                Americas                                                                                                                                                                                                                                                                                                                                                                              
Ontario                   Americas                                                                                                                                                                                                                                                                                                                                                                              
Oxford                    Europe                                                                                                                                                                                                                                                                                                                                                                                

SQL> SELECT STATE_PROVINCE , REGION_NAME
  2  FROM LOCATIONS
  3  JOIN COUNTRIES USING (COUNTRY_ID)
  4  JOIN REGIONS   USING (REGION_ID);

STATE_PROVINCE            REGION_NAME                                                                                                                                                                                                                                                                                                                                                                           
------------------------- -------------------------                                                                                                                                                                                                                                                                                                                                                             
Texas                     Americas                                                                                                                                                                                                                                                                                                                                                                              
California                Americas                                                                                                                                                                                                                                                                                                                                                                              
Washington                Americas                                                                                                                                                                                                                                                                                                                                                                              
Ontario                   Americas                                                                                                                                                                                                                                                                                                                                                                              
Oxford                    Europe                                                                                                                                                                                                                                                                                                                                                                                

SQL> SELECT STATE_PROVINCE , REGION_NAME
  2  FROM LOCATIONS L
  3  JOIN COUNTRIES C ON L.COUNTRY_ID = C.COUNTRY_ID
  4  JOIN REGIONS   R ON C.REGION_ID  = R.REGION_ID;

STATE_PROVINCE            REGION_NAME                                                                                                                                                                                                                                                                                                                                                                           
------------------------- -------------------------                                                                                                                                                                                                                                                                                                                                                             
Texas                     Americas                                                                                                                                                                                                                                                                                                                                                                              
California                Americas                                                                                                                                                                                                                                                                                                                                                                              
Washington                Americas                                                                                                                                                                                                                                                                                                                                                                              
Ontario                   Americas                                                                                                                                                                                                                                                                                                                                                                              
Oxford                    Europe                                                                                                                                                                                                                                                                                                                                                                                

SQL> REM 3 REGION_NAME , COUNTRY_ID , CITY , DEPARTMENT_ID
SQL> 
SQL> SELECT REGION_NAME , COUNTRY_ID , CITY , DEPARTMENT_ID
  2  FROM DEPARTMENTS
  3  NATURAL JOIN LOCATIONS
  4  NATURAL JOIN COUNTRIES
  5  NATURAL JOIN REGIONS;

REGION_NAME               CO CITY                           DEPARTMENT_ID                                                                                                                                                                                                                                                                                                                                       
------------------------- -- ------------------------------ -------------                                                                                                                                                                                                                                                                                                                                       
Americas                  US Seattle                                   10                                                                                                                                                                                                                                                                                                                                       
Americas                  CA Toronto                                   20                                                                                                                                                                                                                                                                                                                                       
Americas                  US South San Francisco                       50                                                                                                                                                                                                                                                                                                                                       
Americas                  US Southlake                                 60                                                                                                                                                                                                                                                                                                                                       
Europe                    UK Oxford                                    80                                                                                                                                                                                                                                                                                                                                       
Americas                  US Seattle                                   90                                                                                                                                                                                                                                                                                                                                       
Americas                  US Seattle                                  110                                                                                                                                                                                                                                                                                                                                       
Americas                  US Seattle                                  190                                                                                                                                                                                                                                                                                                                                       

8 rows selected.

SQL> SELECT REGION_NAME , COUNTRY_ID , CITY , DEPARTMENT_ID
  2  FROM DEPARTMENTS
  3  JOIN LOCATIONS   USING (COUNTRY_ID)
  4  JOIN COUNTRIES   USING (COUNTRY_ID)
  5  JOIN REGIONS     USING (REGION_ID)
  6  
SQL> 
SQL> SELECT REGION_NAME , COUNTRY_ID , CITY , DEPARTMENT_ID
  2  FROM DEPARTMENTS
  3  JOIN LOCATIONS   USING (LOCATION_ID)
  4  JOIN COUNTRIES   USING (COUNTRY_ID)
  5  JOIN REGIONS     USING (REGION_ID);

REGION_NAME               CO CITY                           DEPARTMENT_ID                                                                                                                                                                                                                                                                                                                                       
------------------------- -- ------------------------------ -------------                                                                                                                                                                                                                                                                                                                                       
Americas                  US Seattle                                   10                                                                                                                                                                                                                                                                                                                                       
Americas                  CA Toronto                                   20                                                                                                                                                                                                                                                                                                                                       
Americas                  US South San Francisco                       50                                                                                                                                                                                                                                                                                                                                       
Americas                  US Southlake                                 60                                                                                                                                                                                                                                                                                                                                       
Europe                    UK Oxford                                    80                                                                                                                                                                                                                                                                                                                                       
Americas                  US Seattle                                   90                                                                                                                                                                                                                                                                                                                                       
Americas                  US Seattle                                  110                                                                                                                                                                                                                                                                                                                                       
Americas                  US Seattle                                  190                                                                                                                                                                                                                                                                                                                                       

8 rows selected.

SQL> SELECT REGION_NAME , C.COUNTRY_ID , CITY , DEPARTMENT_ID
  2  FROM DEPARTMENTS D
  3  JOIN LOCATIONS   L ON D.LOCATION_ID = L.LOCATION_ID
  4  JOIN COUNTRIES   C ON L.COUNTRY_ID  = C.COUNTRY_ID
  5  JOIN REGIONS     R ON C.REGION_ID   = R.REGION_ID;

REGION_NAME               CO CITY                           DEPARTMENT_ID                                                                                                                                                                                                                                                                                                                                       
------------------------- -- ------------------------------ -------------                                                                                                                                                                                                                                                                                                                                       
Americas                  US Seattle                                   10                                                                                                                                                                                                                                                                                                                                       
Americas                  CA Toronto                                   20                                                                                                                                                                                                                                                                                                                                       
Americas                  US South San Francisco                       50                                                                                                                                                                                                                                                                                                                                       
Americas                  US Southlake                                 60                                                                                                                                                                                                                                                                                                                                       
Europe                    UK Oxford                                    80                                                                                                                                                                                                                                                                                                                                       
Americas                  US Seattle                                   90                                                                                                                                                                                                                                                                                                                                       
Americas                  US Seattle                                  110                                                                                                                                                                                                                                                                                                                                       
Americas                  US Seattle                                  190                                                                                                                                                                                                                                                                                                                                       

8 rows selected.

SQL> SPOOL OFF
