SQL> 
SQL> REM DISPLAY COUNT OF THOSE WHO WERE HIRED IN ODD MONTHS
SQL> 
SQL> SELECT COUNT(*) FROM EMPLOYEES WHERE MOD(TO_CHAR(HIRE_DATE,'MM'),2) = 1;

  COUNT(*)                                                                      
----------                                                                      
        14                                                                      

SQL> REM DISPLAY COUNT OF THOSE WHO WERE HIRED IN 2nd MONTH OF ANY QUARTER.
SQL> 
SQL> REM 2 5 8 11
SQL> 
SQL> SELECT COUNT(*) FROM EMPLOYEES WHERE TO_CHAR(HIRE_DATE,'MM') IN (2,5,8,11);

  COUNT(*)                                                                      
----------                                                                      
         7                                                                      

SQL> REM DISPLAY COUNT OF THOSE WHO WERE HIRED IN ODD MONTHS OF EVEN QUARTERS OR EVEN MONTHS OF ODD QUARTERS.
SQL> 
SQL> REM 2 : 4 5 6 : 5
SQL> 
SQL> REM 4 : 10 11 12 : 11
SQL> 
SQL> REM 1 : 1 2 3 : 2
SQL> 
SQL> REM 3 : 7 8 9 : 8
SQL> 
SQL> SELECT COUNT(*) FROM EMPLOYEES WHERE TO_CHAR(HIRE_DATE,'MM') IN (2,5,8,11);

  COUNT(*)                                                                      
----------                                                                      
         7                                                                      

SQL> REM DISPLAY SALARY IN SCIENTIFIC NOTATION/EXPONENT FORMAT.
SQL> 
SQL> SELECT SALARY , TO_CHAR(SALARY,'99.99EEEE') FROM EMPLOYEES;

    SALARY TO_CHAR(SA                                                           
---------- ----------                                                           
     24000   2.40E+04                                                           
     17000   1.70E+04                                                           
     17000   1.70E+04                                                           
      9000   9.00E+03                                                           
      6000   6.00E+03                                                           
      4200   4.20E+03                                                           
      5800   5.80E+03                                                           
      3500   3.50E+03                                                           
      3100   3.10E+03                                                           
      2600   2.60E+03                                                           
      2500   2.50E+03                                                           

    SALARY TO_CHAR(SA                                                           
---------- ----------                                                           
     10500   1.05E+04                                                           
     11000   1.10E+04                                                           
      8600   8.60E+03                                                           
      7000   7.00E+03                                                           
      4400   4.40E+03                                                           
     13000   1.30E+04                                                           
      6000   6.00E+03                                                           
     12000   1.20E+04                                                           
      8300   8.30E+03                                                           

20 rows selected.

SQL> SET LINES 200 PAGES 24 SERVEROUT ON FORMAT WRA
SQL> 
SQL> REM ADD 600 + '99]999[99$' - 'Ÿ77.777,77' (USING 3 PARAMETERS)
SQL> 
SQL> 
SQL> SELECT 600 + TO_NUMBER('99]999[99$','99G999D99L','NLS_NUMERIC_CHARACTERS=[]') -
> TO_NUMBER('Ÿ77.777,77','U99G999D99','NLS_DUAL_CURRENCY=Ÿ NLS_NUMERIC_CHARACTERS=,.') FROM DUAL;
SELECT 600 + TO_NUMBER('99]999[99$','99G999D99L','NLS_NUMERIC_CHARACTERS=[]')  TO_NUMBER('Ÿ77.777,77','U99G999D99','NLS_DUAL_CURRENCY=Ÿ NLS_NUMERIC_CHARACTERS=,.') FROM DUAL
                                                                                        *
ERROR at line 1:
ORA-00923: FROM keyword not found where expected 


SQL> SELECT 600 + TO_NUMBER('99]999[99$','99G999D99L','NLS_NUMERIC_CHARACTERS=[]')
  2  - TO_NUMBER('Ÿ77.777,77','U99G999D99','NLS_DUAL_CURRENCY=Ÿ NLS_NUMERIC_CHARACTERS=,.') FROM DUAL;

600+TO_NUMBER('99]999[99$','99G999D99L','NLS_NUMERIC_CHARACTERS=[]')-TO_NUMBER('Ÿ77.777,77','U99G999D99','NLS_DUAL_CURRENCY=ŸNLS_NUMERIC_CHARACTERS=,.')                                                
--------------------------------------------------------------------------------------------------------------------------------------------------------                                                
                                                                                                                                                22822.22                                                

SQL> SELECT 600 + TO_NUMBER('99]999[99$','99G999D99L','NLS_NUMERIC_CHARACTERS=[]')
  2  - TO_NUMBER('Ÿ77.777,77','U99G999D99','NLS_DUAL_CURRENCY=Ÿ NLS_NUMERIC_CHARACTERS=,.') RESULT FROM DUAL;

    RESULT                                                                                                                                                                                              
----------                                                                                                                                                                                              
  22822.22                                                                                                                                                                                              

SQL> REM DISPLAY SALARY WITH NUMBER OF * EQUIVALENT TO THOUSANDS
SQL> 
SQL> SELECT SALARY , LPAD('*',TRUNC(SALARY/1000),'*') SALARY_GRAPH FROM EMPLOYEES;

    SALARY                                                                                                                                                                                              
----------                                                                                                                                                                                              
SALARY_GRAPH                                                                                                                                                                                            
--------------------------------------------------------------------------------------------------------------------------------------------------------------------------------------------------------
     24000                                                                                                                                                                                              
************************                                                                                                                                                                                
                                                                                                                                                                                                        
     17000                                                                                                                                                                                              
*****************                                                                                                                                                                                       
                                                                                                                                                                                                        
     17000                                                                                                                                                                                              
*****************                                                                                                                                                                                       
                                                                                                                                                                                                        
      9000                                                                                                                                                                                              
*********                                                                                                                                                                                               
                                                                                                                                                                                                        
      6000                                                                                                                                                                                              
******                                                                                                                                                                                                  
                                                                                                                                                                                                        
      4200                                                                                                                                                                                              
****                                                                                                                                                                                                    
                                                                                                                                                                                                        
      5800                                                                                                                                                                                              

    SALARY                                                                                                                                                                                              
----------                                                                                                                                                                                              
SALARY_GRAPH                                                                                                                                                                                            
--------------------------------------------------------------------------------------------------------------------------------------------------------------------------------------------------------
*****                                                                                                                                                                                                   
                                                                                                                                                                                                        
      3500                                                                                                                                                                                              
***                                                                                                                                                                                                     
                                                                                                                                                                                                        
      3100                                                                                                                                                                                              
***                                                                                                                                                                                                     
                                                                                                                                                                                                        
      2600                                                                                                                                                                                              
**                                                                                                                                                                                                      
                                                                                                                                                                                                        
      2500                                                                                                                                                                                              
**                                                                                                                                                                                                      
                                                                                                                                                                                                        
     10500                                                                                                                                                                                              
**********                                                                                                                                                                                              
                                                                                                                                                                                                        
     11000                                                                                                                                                                                              
***********                                                                                                                                                                                             

    SALARY                                                                                                                                                                                              
----------                                                                                                                                                                                              
SALARY_GRAPH                                                                                                                                                                                            
--------------------------------------------------------------------------------------------------------------------------------------------------------------------------------------------------------
                                                                                                                                                                                                        
      8600                                                                                                                                                                                              
********                                                                                                                                                                                                
                                                                                                                                                                                                        
      7000                                                                                                                                                                                              
*******                                                                                                                                                                                                 
                                                                                                                                                                                                        
      4400                                                                                                                                                                                              
****                                                                                                                                                                                                    
                                                                                                                                                                                                        
     13000                                                                                                                                                                                              
*************                                                                                                                                                                                           
                                                                                                                                                                                                        
      6000                                                                                                                                                                                              
******                                                                                                                                                                                                  
                                                                                                                                                                                                        
     12000                                                                                                                                                                                              
************                                                                                                                                                                                            
                                                                                                                                                                                                        

    SALARY                                                                                                                                                                                              
----------                                                                                                                                                                                              
SALARY_GRAPH                                                                                                                                                                                            
--------------------------------------------------------------------------------------------------------------------------------------------------------------------------------------------------------
      8300                                                                                                                                                                                              
********                                                                                                                                                                                                
                                                                                                                                                                                                        

20 rows selected.

SQL> COL SALARY_GRAPH FORMAT A30
SQL> 
SQL> R
  1* SELECT SALARY , LPAD('*',TRUNC(SALARY/1000),'*') SALARY_GRAPH FROM EMPLOYEES

    SALARY SALARY_GRAPH                                                                                                                                                                                 
---------- ------------------------------                                                                                                                                                               
     24000 ************************                                                                                                                                                                     
     17000 *****************                                                                                                                                                                            
     17000 *****************                                                                                                                                                                            
      9000 *********                                                                                                                                                                                    
      6000 ******                                                                                                                                                                                       
      4200 ****                                                                                                                                                                                         
      5800 *****                                                                                                                                                                                        
      3500 ***                                                                                                                                                                                          
      3100 ***                                                                                                                                                                                          
      2600 **                                                                                                                                                                                           
      2500 **                                                                                                                                                                                           
     10500 **********                                                                                                                                                                                   
     11000 ***********                                                                                                                                                                                  
      8600 ********                                                                                                                                                                                     
      7000 *******                                                                                                                                                                                      
      4400 ****                                                                                                                                                                                         
     13000 *************                                                                                                                                                                                
      6000 ******                                                                                                                                                                                       
     12000 ************                                                                                                                                                                                 
      8300 ********                                                                                                                                                                                     

20 rows selected.

SQL> SELECT SALARY , RPAD('*',TRUNC(SALARY/1000),'*') SALARY_GRAPH FROM EMPLOYEES;

    SALARY SALARY_GRAPH                                                                                                                                                                                 
---------- ------------------------------                                                                                                                                                               
     24000 ************************                                                                                                                                                                     
     17000 *****************                                                                                                                                                                            
     17000 *****************                                                                                                                                                                            
      9000 *********                                                                                                                                                                                    
      6000 ******                                                                                                                                                                                       
      4200 ****                                                                                                                                                                                         
      5800 *****                                                                                                                                                                                        
      3500 ***                                                                                                                                                                                          
      3100 ***                                                                                                                                                                                          
      2600 **                                                                                                                                                                                           
      2500 **                                                                                                                                                                                           
     10500 **********                                                                                                                                                                                   
     11000 ***********                                                                                                                                                                                  
      8600 ********                                                                                                                                                                                     
      7000 *******                                                                                                                                                                                      
      4400 ****                                                                                                                                                                                         
     13000 *************                                                                                                                                                                                
      6000 ******                                                                                                                                                                                       
     12000 ************                                                                                                                                                                                 
      8300 ********                                                                                                                                                                                     

20 rows selected.

SQL> SELECT SALARY , RPAD('#',TRUNC(SALARY/1000),'#') SALARY_GRAPH FROM EMPLOYEES;

    SALARY SALARY_GRAPH                                                                                                                                                                                 
---------- ------------------------------                                                                                                                                                               
     24000 ########################                                                                                                                                                                     
     17000 #################                                                                                                                                                                            
     17000 #################                                                                                                                                                                            
      9000 #########                                                                                                                                                                                    
      6000 ######                                                                                                                                                                                       
      4200 ####                                                                                                                                                                                         
      5800 #####                                                                                                                                                                                        
      3500 ###                                                                                                                                                                                          
      3100 ###                                                                                                                                                                                          
      2600 ##                                                                                                                                                                                           
      2500 ##                                                                                                                                                                                           
     10500 ##########                                                                                                                                                                                   
     11000 ###########                                                                                                                                                                                  
      8600 ########                                                                                                                                                                                     
      7000 #######                                                                                                                                                                                      
      4400 ####                                                                                                                                                                                         
     13000 #############                                                                                                                                                                                
      6000 ######                                                                                                                                                                                       
     12000 ############                                                                                                                                                                                 
      8300 ########                                                                                                                                                                                     

20 rows selected.

SQL> REM GROUP BY :
SQL> 
SQL> REM DISPLAY HIGHEST SALARY PAID BY COMPANY
SQL> 
SQL> SELECT MAX(SALARY) FROM EMPLOYEES;

MAX(SALARY)                                                                                                                                                                                             
-----------                                                                                                                                                                                             
      24000                                                                                                                                                                                             

SQL> REM DISPLAY HIGHEST SALARY PAID BY COMPANY TO DEPARTMENT 80
SQL> 
SQL> SELECT MAX(SALARY) FROM EMPLOYEES WHERE DEPARTMENT_ID = 80;

MAX(SALARY)                                                                                                                                                                                             
-----------                                                                                                                                                                                             
      11000                                                                                                                                                                                             

SQL> 
SQL> REM DISPLAY HIGHEST SALARY PAID BY COMPANY TO DEPARTMENT 20
SQL> 
SQL> SELECT MAX(SALARY) FROM EMPLOYEES WHERE DEPARTMENT_ID = 20;

MAX(SALARY)                                                                                                                                                                                             
-----------                                                                                                                                                                                             
      13000                                                                                                                                                                                             

SQL> 
SQL> REM DISPLAY HIGHEST SALARY PAID BY COMPANY TO DEPARTMENT 110
SQL> 
SQL> SELECT MAX(SALARY) FROM EMPLOYEES WHERE DEPARTMENT_ID = 110;

MAX(SALARY)                                                                                                                                                                                             
-----------                                                                                                                                                                                             
      12000                                                                                                                                                                                             

SQL> 
SQL> REM DISPLAY HIGHEST SALARY FOR EACH DEPARTMENT.
SQL> 
SQL> SELECT DEPARTMENT_ID , MAX(SALARY) FROM EMPLOYEES;
SELECT DEPARTMENT_ID , MAX(SALARY) FROM EMPLOYEES
       *
ERROR at line 1:
ORA-00937: not a single-group group function 


SQL> SELECT DEPARTMENT_ID FROM EMPLOYEES;

DEPARTMENT_ID                                                                                                                                                                                           
-------------                                                                                                                                                                                           
           90                                                                                                                                                                                           
           90                                                                                                                                                                                           
           90                                                                                                                                                                                           
           60                                                                                                                                                                                           
           60                                                                                                                                                                                           
           60                                                                                                                                                                                           
           50                                                                                                                                                                                           
           50                                                                                                                                                                                           
           50                                                                                                                                                                                           
           50                                                                                                                                                                                           
           50                                                                                                                                                                                           
           80                                                                                                                                                                                           
           80                                                                                                                                                                                           
           80                                                                                                                                                                                           
                                                                                                                                                                                                        
           10                                                                                                                                                                                           
           20                                                                                                                                                                                           
           20                                                                                                                                                                                           
          110                                                                                                                                                                                           
          110                                                                                                                                                                                           

20 rows selected.

SQL> SELECT MAX(SALARY) FROM EMPLOYEES;

MAX(SALARY)                                                                                                                                                                                             
-----------                                                                                                                                                                                             
      24000                                                                                                                                                                                             

SQL> SELECT DEPARTMENT_ID , MAX(SALARY) FROM EMPLOYEES GROUP BY DEPARTMENT_ID ORDER BY 1;

DEPARTMENT_ID MAX(SALARY)                                                                                                                                                                               
------------- -----------                                                                                                                                                                               
           10        4400                                                                                                                                                                               
           20       13000                                                                                                                                                                               
           50        5800                                                                                                                                                                               
           60        9000                                                                                                                                                                               
           80       11000                                                                                                                                                                               
           90       24000                                                                                                                                                                               
          110       12000                                                                                                                                                                               
                     7000                                                                                                                                                                               

8 rows selected.

SQL> SELECT DEPARTMENT_ID , SALARY FROM EMPLOYEES ORDER BY 1,2 DESC;

DEPARTMENT_ID     SALARY                                                                                                                                                                                
------------- ----------                                                                                                                                                                                
           10       4400                                                                                                                                                                                
           20      13000                                                                                                                                                                                
           20       6000                                                                                                                                                                                
           50       5800                                                                                                                                                                                
           50       3500                                                                                                                                                                                
           50       3100                                                                                                                                                                                
           50       2600                                                                                                                                                                                
           50       2500                                                                                                                                                                                
           60       9000                                                                                                                                                                                
           60       6000                                                                                                                                                                                
           60       4200                                                                                                                                                                                
           80      11000                                                                                                                                                                                
           80      10500                                                                                                                                                                                
           80       8600                                                                                                                                                                                
           90      24000                                                                                                                                                                                
           90      17000                                                                                                                                                                                
           90      17000                                                                                                                                                                                
          110      12000                                                                                                                                                                                
          110       8300                                                                                                                                                                                
                    7000                                                                                                                                                                                

20 rows selected.

SQL> SELECT MAX(SALARY) FROM EMPLOYEES GROUP BY DEPARTMENT_ID ORDER BY 1;

MAX(SALARY)                                                                                                                                                                                             
-----------                                                                                                                                                                                             
       4400                                                                                                                                                                                             
       5800                                                                                                                                                                                             
       7000                                                                                                                                                                                             
       9000                                                                                                                                                                                             
      11000                                                                                                                                                                                             
      12000                                                                                                                                                                                             
      13000                                                                                                                                                                                             
      24000                                                                                                                                                                                             

8 rows selected.

SQL> REM DISPLAY DEPARTMENT_ID AND MANAGER_ID WISE COUNT OF EMPLOYEES
SQL> 
SQL> SELECT DEPARTMENT_ID , MANAGER_ID FROM EMPLOYEES ORDER BY 1,2;

DEPARTMENT_ID MANAGER_ID                                                                                                                                                                                
------------- ----------                                                                                                                                                                                
           10        101                                                                                                                                                                                
           20        100                                                                                                                                                                                
           20        201                                                                                                                                                                                
           50        100                                                                                                                                                                                
           50        124                                                                                                                                                                                
           50        124                                                                                                                                                                                
           50        124                                                                                                                                                                                
           50        124                                                                                                                                                                                
           60        102                                                                                                                                                                                
           60        103                                                                                                                                                                                
           60        103                                                                                                                                                                                
           80        100                                                                                                                                                                                
           80        149                                                                                                                                                                                
           80        149                                                                                                                                                                                
           90        100                                                                                                                                                                                
           90        100                                                                                                                                                                                
           90                                                                                                                                                                                           
          110        101                                                                                                                                                                                
          110        205                                                                                                                                                                                
                     149                                                                                                                                                                                

20 rows selected.

SQL> SELECT DEPARTMENT_ID , MANAGER_ID , COUNT(*) FROM EMPLOYEES GROUP BY DEPARTMENT_ID , MANAGER_ID ORDER BY 1,2;

DEPARTMENT_ID MANAGER_ID   COUNT(*)                                                                                                                                                                     
------------- ---------- ----------                                                                                                                                                                     
           10        101          1                                                                                                                                                                     
           20        100          1                                                                                                                                                                     
           20        201          1                                                                                                                                                                     
           50        100          1                                                                                                                                                                     
           50        124          4                                                                                                                                                                     
           60        102          1                                                                                                                                                                     
           60        103          2                                                                                                                                                                     
           80        100          1                                                                                                                                                                     
           80        149          2                                                                                                                                                                     
           90        100          2                                                                                                                                                                     
           90                     1                                                                                                                                                                     
          110        101          1                                                                                                                                                                     
          110        205          1                                                                                                                                                                     
                     149          1                                                                                                                                                                     

14 rows selected.

SQL> SELECT * FROM EMPLOYEES
  2  ;

EMPLOYEE_ID FIRST_NAME      LAST_NAME       EMAIL      PHONE_NUMBER         HIRE_DATE JOB_ID         SALARY COMMISSION_PCT MANAGER_ID DEPARTMENT_ID                                                     
----------- --------------- --------------- ---------- -------------------- --------- ---------- ---------- -------------- ---------- -------------                                                     
        100 Steven          King            SKING      515.123.4567         17-JUL-87 AD_PRES         24000                                      90                                                     
        101 Neena           Kochhar         NKOCHHAR   515.123.4568         21-SEP-89 AD_VP           17000                       100            90                                                     
        102 Lex             De Haan         LDEHAAN    515.123.4569         13-JAN-93 AD_VP           17000                       100            90                                                     
        103 Alexander       Hunold          AHUNOLD    590.423.4567         03-JAN-90 IT_PROG          9000                       102            60                                                     
        104 Bruce           Ernst           BERNST     590.423.4568         21-MAY-91 IT_PROG          6000                       103            60                                                     
        107 Diana           Lorentz         DLORENTZ   590.423.5567         07-FEB-99 IT_PROG          4200                       103            60                                                     
        124 Kevin           Mourgos         KMOURGOS   650.123.5234         16-NOV-99 ST_MAN           5800                       100            50                                                     
        141 Trenna          Rajs            TRAJS      650.121.8009         17-OCT-95 ST_CLERK         3500                       124            50                                                     
        142 Curtis          Davies          CDAVIES    650.121.2994         29-JAN-97 ST_CLERK         3100                       124            50                                                     
        143 Randall         Matos           RMATOS     650.121.2874         15-MAR-98 ST_CLERK         2600                       124            50                                                     
        144 Peter           Vargas                     650.121.2004         09-JUL-98 ST_CLERK         2500                       124            50                                                     
        149 Eleni           Zlotkey         EZLOTKEY   011.44.1344.429018   29-JAN-00 SA_MAN          10500             .2        100            80                                                     
        174 Ellen           Abel            EABEL      011.44.1644.429267   11-MAY-96 SA_REP          11000             .3        149            80                                                     
        176 Jonathon        Taylor          JTAYLOR    011.44.1644.429265   24-MAR-98 SA_REP           8600             .3        149            80                                                     
        178 Kimerely        Grant           KGRANT     011.44.1644.429263   24-MAY-99 SA_REP           7000            .15        149                                                                   
        200 Jennifer        Whalen          JWHALEN    515.123.4444         17-SEP-87 AD_ASST          4400                       101            10                                                     
        201 Michael         Hartstein       MHARTSTE   515.123.5555         17-FEB-96 MK_MAN          13000                       100            20                                                     
        202 Pat             Fay             PFAY       603.123.6666         17-AUG-97 MK_REP           6000                       201            20                                                     
        205 Shelley         Higgins         SHIGGINS   515.123.8080         07-JUN-94 AC_MGR          12000                       101           110                                                     
        206 William         Gietz           WGIETZ     515.123.8181         07-JUN-94 AC_ACCOUNT       8300                       205           110                                                     

20 rows selected.

SQL> REM 1 DISPLAY MANAGER_ID WISE LOWEST SALARY PAID
SQL> 
SQL> REM 2 DISPLAY JOB_ID WISE TOTAL SALARY PAID
SQL> 
SQL> REM 3 DISPLAY DEPARTMENT_ID WISE HIGHEST AND LOWEST SALARY
SQL> 
SQL> REM 4 DISPLAY HIRE YEAR WISE COUNT OF EMPLOYEES HIRED
SQL> 
SQL> REM 5 DISPLAY HIRE QUARTER WISE TOTAL AND AVERAGE SALARY PAID
SQL> 
SQL> 
SQL> 
SQL> REM 1 DISPLAY MANAGER_ID WISE LOWEST SALARY PAID
SQL> 
SQL> SELECT MANAGER_ID , MIN(SALARY) FROM EMPLOYEES GROUP BY MANAGER_ID ORDER BY 1;

MANAGER_ID MIN(SALARY)                                                                                                                                                                                  
---------- -----------                                                                                                                                                                                  
       100        5800                                                                                                                                                                                  
       101        4400                                                                                                                                                                                  
       102        9000                                                                                                                                                                                  
       103        4200                                                                                                                                                                                  
       124        2500                                                                                                                                                                                  
       149        7000                                                                                                                                                                                  
       201        6000                                                                                                                                                                                  
       205        8300                                                                                                                                                                                  
                 24000                                                                                                                                                                                  

9 rows selected.

SQL> REM 2 DISPLAY JOB_ID WISE TOTAL SALARY PAID
SQL> 
SQL> SELECT JOB_ID , SUM(SALARY) FROM EMPLOYEES GROUP JOB_ID ORDER BY 1;
SELECT JOB_ID , SUM(SALARY) FROM EMPLOYEES GROUP JOB_ID ORDER BY 1
                                                 *
ERROR at line 1:
ORA-00924: missing BY keyword 


SQL> SELECT JOB_ID , SUM(SALARY) FROM EMPLOYEES GROUP BY JOB_ID ORDER BY 1;

JOB_ID     SUM(SALARY)                                                                                                                                                                                  
---------- -----------                                                                                                                                                                                  
AC_ACCOUNT        8300                                                                                                                                                                                  
AC_MGR           12000                                                                                                                                                                                  
AD_ASST           4400                                                                                                                                                                                  
AD_PRES          24000                                                                                                                                                                                  
AD_VP            34000                                                                                                                                                                                  
IT_PROG          19200                                                                                                                                                                                  
MK_MAN           13000                                                                                                                                                                                  
MK_REP            6000                                                                                                                                                                                  
SA_MAN           10500                                                                                                                                                                                  
SA_REP           26600                                                                                                                                                                                  
ST_CLERK         11700                                                                                                                                                                                  
ST_MAN            5800                                                                                                                                                                                  

12 rows selected.

SQL> REM 3 DISPLAY DEPARTMENT_ID WISE HIGHEST AND LOWEST SALARY
SQL> 
SQL> SELECT DEPARTMENT_ID , MAX(SALARY) , MIN(SALARY) FROM EMPLOYEES GROUP BY DEPARTMENT_ID ORDER BY 1;

DEPARTMENT_ID MAX(SALARY) MIN(SALARY)                                                                                                                                                                   
------------- ----------- -----------                                                                                                                                                                   
           10        4400        4400                                                                                                                                                                   
           20       13000        6000                                                                                                                                                                   
           50        5800        2500                                                                                                                                                                   
           60        9000        4200                                                                                                                                                                   
           80       11000        8600                                                                                                                                                                   
           90       24000       17000                                                                                                                                                                   
          110       12000        8300                                                                                                                                                                   
                     7000        7000                                                                                                                                                                   

8 rows selected.

SQL> SELECT DEPARTMENT_ID , MAX(SALARY) , MIN(SALARY) , MAX(SALARY) - MIN(SALARY) DIFF FROM EMPLOYEES GROUP BY DEPARTMENT_ID ORDER BY 1;

DEPARTMENT_ID MAX(SALARY) MIN(SALARY)       DIFF                                                                                                                                                        
------------- ----------- ----------- ----------                                                                                                                                                        
           10        4400        4400          0                                                                                                                                                        
           20       13000        6000       7000                                                                                                                                                        
           50        5800        2500       3300                                                                                                                                                        
           60        9000        4200       4800                                                                                                                                                        
           80       11000        8600       2400                                                                                                                                                        
           90       24000       17000       7000                                                                                                                                                        
          110       12000        8300       3700                                                                                                                                                        
                     7000        7000          0                                                                                                                                                        

8 rows selected.

SQL> REM 4 DISPLAY HIRE YEAR WISE COUNT OF EMPLOYEES HIRED
SQL> 
SQL> SELECT TO_CHAR(HIRE_DATE,'RRRR') YEAR , COUNT(*) FROM EMPLOYEES GROUP BY TO_CHAR(HIRE_DATE,'RRRR') ORDER BY 1;

YEAR   COUNT(*)                                                                                                                                                                                         
---- ----------                                                                                                                                                                                         
1987          2                                                                                                                                                                                         
1989          1                                                                                                                                                                                         
1990          1                                                                                                                                                                                         
1991          1                                                                                                                                                                                         
1993          1                                                                                                                                                                                         
1994          2                                                                                                                                                                                         
1995          1                                                                                                                                                                                         
1996          2                                                                                                                                                                                         
1997          2                                                                                                                                                                                         
1998          3                                                                                                                                                                                         
1999          3                                                                                                                                                                                         
2000          1                                                                                                                                                                                         

12 rows selected.

SQL> REM 5 DISPLAY HIRE QUARTER WISE TOTAL AND AVERAGE SALARY PAID
SQL> 
SQL> SELECT TO_CHAR(HIRE_dATE,'Q') , SUM(SALARY) , AVG(SALARY) FROM EMPLOYEES GROUP BY TO_CHAR(HIRE_DATE,'Q') ORDER BY 1;

T SUM(SALARY) AVG(SALARY)                                                                                                                                                                               
- ----------- -----------                                                                                                                                                                               
1       68000        8500                                                                                                                                                                               
2       44300        8860                                                                                                                                                                               
3       53900       10780                                                                                                                                                                               
4        9300        4650                                                                                                                                                                               

SQL> 
SQL> 
SQL> SELECT JOB_ID , MAX(SALARY) FROM EMPLOYEES GROUP BY JOB_ID;

JOB_ID     MAX(SALARY)                                                                                                                                                                                  
---------- -----------                                                                                                                                                                                  
IT_PROG           9000                                                                                                                                                                                  
AC_MGR           12000                                                                                                                                                                                  
AC_ACCOUNT        8300                                                                                                                                                                                  
ST_MAN            5800                                                                                                                                                                                  
AD_ASST           4400                                                                                                                                                                                  
AD_VP            17000                                                                                                                                                                                  
SA_MAN           10500                                                                                                                                                                                  
MK_MAN           13000                                                                                                                                                                                  
AD_PRES          24000                                                                                                                                                                                  
SA_REP           11000                                                                                                                                                                                  
MK_REP            6000                                                                                                                                                                                  
ST_CLERK          3500                                                                                                                                                                                  

12 rows selected.

SQL> SELECT INITCAP(JOB_ID) , MAX(SALARY) FROM EMPLOYEES GROUP BY JOB_ID;

INITCAP(JO MAX(SALARY)                                                                                                                                                                                  
---------- -----------                                                                                                                                                                                  
It_Prog           9000                                                                                                                                                                                  
Ac_Mgr           12000                                                                                                                                                                                  
Ac_Account        8300                                                                                                                                                                                  
St_Man            5800                                                                                                                                                                                  
Ad_Asst           4400                                                                                                                                                                                  
Ad_Vp            17000                                                                                                                                                                                  
Sa_Man           10500                                                                                                                                                                                  
Mk_Man           13000                                                                                                                                                                                  
Ad_Pres          24000                                                                                                                                                                                  
Sa_Rep           11000                                                                                                                                                                                  
Mk_Rep            6000                                                                                                                                                                                  
St_Clerk          3500                                                                                                                                                                                  

12 rows selected.

SQL> SELECT INITCAP(JOB_ID) , MAX(SALARY) FROM EMPLOYEES GROUP BY INITCAP(JOB_ID);

INITCAP(JO MAX(SALARY)                                                                                                                                                                                  
---------- -----------                                                                                                                                                                                  
Ad_Vp            17000                                                                                                                                                                                  
Ad_Asst           4400                                                                                                                                                                                  
Mk_Rep            6000                                                                                                                                                                                  
Mk_Man           13000                                                                                                                                                                                  
Ac_Mgr           12000                                                                                                                                                                                  
Ad_Pres          24000                                                                                                                                                                                  
It_Prog           9000                                                                                                                                                                                  
St_Man            5800                                                                                                                                                                                  
Ac_Account        8300                                                                                                                                                                                  
St_Clerk          3500                                                                                                                                                                                  
Sa_Man           10500                                                                                                                                                                                  
Sa_Rep           11000                                                                                                                                                                                  

12 rows selected.

SQL> SELECT TO_CHAR(HIRE_DATE,'RRRR') , SUM(SALARY) FROM EMPLOYEES GROUP BY HIRE_DATE;

TO_C SUM(SALARY)                                                                                                                                                                                        
---- -----------                                                                                                                                                                                        
1997        3100                                                                                                                                                                                        
1998        2500                                                                                                                                                                                        
1987       24000                                                                                                                                                                                        
1993       17000                                                                                                                                                                                        
1999        4200                                                                                                                                                                                        
1997        6000                                                                                                                                                                                        
1998        2600                                                                                                                                                                                        
1994       20300                                                                                                                                                                                        
1996       11000                                                                                                                                                                                        
1987        4400                                                                                                                                                                                        
1996       13000                                                                                                                                                                                        
1991        6000                                                                                                                                                                                        
1995        3500                                                                                                                                                                                        
1998        8600                                                                                                                                                                                        
1999        5800                                                                                                                                                                                        
1999        7000                                                                                                                                                                                        
1989       17000                                                                                                                                                                                        
2000       10500                                                                                                                                                                                        
1990        9000                                                                                                                                                                                        

19 rows selected.

SQL> SELECT TO_CHAR(HIRE_DATE,'RRRR') , SUM(SALARY) FROM EMPLOYEES GROUP BY TO_CHAR(HIRE_DATE,'RRRR');

TO_C SUM(SALARY)                                                                                                                                                                                        
---- -----------                                                                                                                                                                                        
1987       28400                                                                                                                                                                                        
1997        9100                                                                                                                                                                                        
2000       10500                                                                                                                                                                                        
1994       20300                                                                                                                                                                                        
1991        6000                                                                                                                                                                                        
1995        3500                                                                                                                                                                                        
1990        9000                                                                                                                                                                                        
1989       17000                                                                                                                                                                                        
1993       17000                                                                                                                                                                                        
1999       17000                                                                                                                                                                                        
1996       24000                                                                                                                                                                                        
1998       13700                                                                                                                                                                                        

12 rows selected.

SQL> SELECT TO_CHAR(HIRE_DATE,'RRRR') , SUM(SALARY) FROM EMPLOYEES GROUP BY TO_CHAR(HIRE_DATE,'YYYY');
SELECT TO_CHAR(HIRE_DATE,'RRRR') , SUM(SALARY) FROM EMPLOYEES GROUP BY TO_CHAR(HIRE_DATE,'YYYY')
               *
ERROR at line 1:
ORA-00979: not a GROUP BY expression 


SQL> SELECT TO_CHAR(HIRE_DATE,'RR') , SUM(SALARY) FROM EMPLOYEES GROUP BY TO_CHAR(HIRE_DATE,'YY');
SELECT TO_CHAR(HIRE_DATE,'RR') , SUM(SALARY) FROM EMPLOYEES GROUP BY TO_CHAR(HIRE_DATE,'YY')
               *
ERROR at line 1:
ORA-00979: not a GROUP BY expression 


SQL> SELECT TO_CHAR(HIRE_DATE,'RR') , SUM(SALARY) FROM EMPLOYEES GROUP BY SUBSTR(HIRE_dATE,-2);
SELECT TO_CHAR(HIRE_DATE,'RR') , SUM(SALARY) FROM EMPLOYEES GROUP BY SUBSTR(HIRE_dATE,-2)
               *
ERROR at line 1:
ORA-00979: not a GROUP BY expression 


SQL> SELECT SUBSTR(HIRE_DATE,-2) , SUM(SALARY) FROM EMPLOYEES GROUP BY SUBSTR(HIRE_dATE,-2);

SUBSTR(H SUM(SALARY)                                                                                                                                                                                    
-------- -----------                                                                                                                                                                                    
99             17000                                                                                                                                                                                    
87             28400                                                                                                                                                                                    
93             17000                                                                                                                                                                                    
97              9100                                                                                                                                                                                    
00             10500                                                                                                                                                                                    
89             17000                                                                                                                                                                                    
95              3500                                                                                                                                                                                    
94             20300                                                                                                                                                                                    
98             13700                                                                                                                                                                                    
90              9000                                                                                                                                                                                    
91              6000                                                                                                                                                                                    
96             24000                                                                                                                                                                                    

12 rows selected.

SQL> SELECT SUBSTR(HIRE_DATE,-2) , SUM(SALARY) FROM EMPLOYEES GROUP BY SUBSTR(HIRE_dATE,8);
SELECT SUBSTR(HIRE_DATE,-2) , SUM(SALARY) FROM EMPLOYEES GROUP BY SUBSTR(HIRE_dATE,8)
              *
ERROR at line 1:
ORA-00979: not a GROUP BY expression 


SQL> SELECT DEPARTMENT_ID , MANAGER_ID , SUM(SALARY) FROM EMPLOYEES GROUP BY DEPARTMENT_ID , MANAGER_ID;

DEPARTMENT_ID MANAGER_ID SUM(SALARY)                                                                                                                                                                    
------------- ---------- -----------                                                                                                                                                                    
           60        103       10200                                                                                                                                                                    
           80        149       19600                                                                                                                                                                    
                     149        7000                                                                                                                                                                    
           50        100        5800                                                                                                                                                                    
          110        205        8300                                                                                                                                                                    
           90        100       34000                                                                                                                                                                    
           90                  24000                                                                                                                                                                    
           10        101        4400                                                                                                                                                                    
           60        102        9000                                                                                                                                                                    
           50        124       11700                                                                                                                                                                    
           80        100       10500                                                                                                                                                                    
           20        100       13000                                                                                                                                                                    
           20        201        6000                                                                                                                                                                    
          110        101       12000                                                                                                                                                                    

14 rows selected.

SQL> SELECT DEPARTMENT_ID , MANAGER_ID , SUM(SALARY) FROM EMPLOYEES GROUP BY MANAGER_ID , DEPARTMENT_ID;

DEPARTMENT_ID MANAGER_ID SUM(SALARY)                                                                                                                                                                    
------------- ---------- -----------                                                                                                                                                                    
           90                  24000                                                                                                                                                                    
                     149        7000                                                                                                                                                                    
           90        100       34000                                                                                                                                                                    
           60        102        9000                                                                                                                                                                    
           60        103       10200                                                                                                                                                                    
           50        100        5800                                                                                                                                                                    
          110        101       12000                                                                                                                                                                    
          110        205        8300                                                                                                                                                                    
           80        149       19600                                                                                                                                                                    
           10        101        4400                                                                                                                                                                    
           50        124       11700                                                                                                                                                                    
           80        100       10500                                                                                                                                                                    
           20        100       13000                                                                                                                                                                    
           20        201        6000                                                                                                                                                                    

14 rows selected.

SQL> SELECT DEPARTMENT_ID , MANAGER_ID , SUM(SALARY) FROM EMPLOYEES GROUP BY DEPARTMENT_ID || MANAGER_ID;
SELECT DEPARTMENT_ID , MANAGER_ID , SUM(SALARY) FROM EMPLOYEES GROUP BY DEPARTMENT_ID || MANAGER_ID
       *
ERROR at line 1:
ORA-00979: not a GROUP BY expression 


SQL> SELECT DEPARTMENT_ID || MANAGER_ID , SUM(SALARY) FROM EMPLOYEES GROUP BY DEPARTMENT_ID || MANAGER_ID;

DEPARTMENT_ID||MANAGER_ID                                                        SUM(SALARY)                                                                                                            
-------------------------------------------------------------------------------- -----------                                                                                                            
90100                                                                                  34000                                                                                                            
80149                                                                                  19600                                                                                                            
60102                                                                                   9000                                                                                                            
60103                                                                                  10200                                                                                                            
110205                                                                                  8300                                                                                                            
20100                                                                                  13000                                                                                                            
20201                                                                                   6000                                                                                                            
110101                                                                                 12000                                                                                                            
50100                                                                                   5800                                                                                                            
80100                                                                                  10500                                                                                                            
10101                                                                                   4400                                                                                                            
90                                                                                     24000                                                                                                            
149                                                                                     7000                                                                                                            
50124                                                                                  11700                                                                                                            

14 rows selected.

SQL> SELECT DEPARTMENT_ID || MANAGER_ID , SUM(SALARY) FROM EMPLOYEES GROUP BY DEPARTMENT_ID , MANAGER_ID;

DEPARTMENT_ID||MANAGER_ID                                                        SUM(SALARY)                                                                                                            
-------------------------------------------------------------------------------- -----------                                                                                                            
60103                                                                                  10200                                                                                                            
80149                                                                                  19600                                                                                                            
149                                                                                     7000                                                                                                            
50100                                                                                   5800                                                                                                            
110205                                                                                  8300                                                                                                            
90100                                                                                  34000                                                                                                            
90                                                                                     24000                                                                                                            
10101                                                                                   4400                                                                                                            
60102                                                                                   9000                                                                                                            
50124                                                                                  11700                                                                                                            
80100                                                                                  10500                                                                                                            
20100                                                                                  13000                                                                                                            
20201                                                                                   6000                                                                                                            
110101                                                                                 12000                                                                                                            

14 rows selected.

SQL> SELECT DEPARTMENT_ID || MANAGER_ID , SUM(SALARY) FROM EMPLOYEES GROUP BY MANAGER_ID , DEPARTMENT_ID;

DEPARTMENT_ID||MANAGER_ID                                                        SUM(SALARY)                                                                                                            
-------------------------------------------------------------------------------- -----------                                                                                                            
90                                                                                     24000                                                                                                            
149                                                                                     7000                                                                                                            
90100                                                                                  34000                                                                                                            
60102                                                                                   9000                                                                                                            
60103                                                                                  10200                                                                                                            
50100                                                                                   5800                                                                                                            
110101                                                                                 12000                                                                                                            
110205                                                                                  8300                                                                                                            
80149                                                                                  19600                                                                                                            
10101                                                                                   4400                                                                                                            
50124                                                                                  11700                                                                                                            
80100                                                                                  10500                                                                                                            
20100                                                                                  13000                                                                                                            
20201                                                                                   6000                                                                                                            

14 rows selected.

SQL> SELECT DEPARTMENT_ID || MANAGER_ID , SUM(SALARY) FROM EMPLOYEES GROUP BY MANAGER_ID || DEPARTMENT_ID;
SELECT DEPARTMENT_ID || MANAGER_ID , SUM(SALARY) FROM EMPLOYEES GROUP BY MANAGER_ID || DEPARTMENT_ID
       *
ERROR at line 1:
ORA-00979: not a GROUP BY expression 


SQL> SELECT CONCAT(DEPARTMENT_ID , MANAGER_ID) , SUM(SALARY) FROM EMPLOYEES GROUP BY CONCAT(DEPARTMENT_ID,MANAGER_ID);

CONCAT(DEPARTMENT_ID,MANAGER_ID)                                                 SUM(SALARY)                                                                                                            
-------------------------------------------------------------------------------- -----------                                                                                                            
90100                                                                                  34000                                                                                                            
80149                                                                                  19600                                                                                                            
60102                                                                                   9000                                                                                                            
60103                                                                                  10200                                                                                                            
110205                                                                                  8300                                                                                                            
20100                                                                                  13000                                                                                                            
20201                                                                                   6000                                                                                                            
110101                                                                                 12000                                                                                                            
50100                                                                                   5800                                                                                                            
80100                                                                                  10500                                                                                                            
10101                                                                                   4400                                                                                                            
90                                                                                     24000                                                                                                            
149                                                                                     7000                                                                                                            
50124                                                                                  11700                                                                                                            

14 rows selected.

SQL> SELECT CONCAT(DEPARTMENT_ID , MANAGER_ID) , SUM(SALARY) FROM EMPLOYEES GROUP BY DEPARTMENT_ID || MANAGER_ID;

CONCAT(DEPARTMENT_ID,MANAGER_ID)                                                 SUM(SALARY)                                                                                                            
-------------------------------------------------------------------------------- -----------                                                                                                            
90100                                                                                  34000                                                                                                            
80149                                                                                  19600                                                                                                            
60102                                                                                   9000                                                                                                            
60103                                                                                  10200                                                                                                            
110205                                                                                  8300                                                                                                            
20100                                                                                  13000                                                                                                            
20201                                                                                   6000                                                                                                            
110101                                                                                 12000                                                                                                            
50100                                                                                   5800                                                                                                            
80100                                                                                  10500                                                                                                            
10101                                                                                   4400                                                                                                            
90                                                                                     24000                                                                                                            
149                                                                                     7000                                                                                                            
50124                                                                                  11700                                                                                                            

14 rows selected.

SQL> SELECT DEPARTMENT_ID || MANAGER_ID , SUM(SALARY) FROM EMPLOYEES GROUP BY DEPARTMENT_ID || MANAGER_ID;

DEPARTMENT_ID||MANAGER_ID                                                        SUM(SALARY)                                                                                                            
-------------------------------------------------------------------------------- -----------                                                                                                            
90100                                                                                  34000                                                                                                            
80149                                                                                  19600                                                                                                            
60102                                                                                   9000                                                                                                            
60103                                                                                  10200                                                                                                            
110205                                                                                  8300                                                                                                            
20100                                                                                  13000                                                                                                            
20201                                                                                   6000                                                                                                            
110101                                                                                 12000                                                                                                            
50100                                                                                   5800                                                                                                            
80100                                                                                  10500                                                                                                            
10101                                                                                   4400                                                                                                            
90                                                                                     24000                                                                                                            
149                                                                                     7000                                                                                                            
50124                                                                                  11700                                                                                                            

14 rows selected.

SQL> SELECT DEPARTMENT_ID || MANAGER_ID , SUM(SALARY) FROM EMPLOYEES GROUP BY CONCAT(DEPARTMENT_ID , MANAGER_ID);

DEPARTMENT_ID||MANAGER_ID                                                        SUM(SALARY)                                                                                                            
-------------------------------------------------------------------------------- -----------                                                                                                            
90100                                                                                  34000                                                                                                            
80149                                                                                  19600                                                                                                            
60102                                                                                   9000                                                                                                            
60103                                                                                  10200                                                                                                            
110205                                                                                  8300                                                                                                            
20100                                                                                  13000                                                                                                            
20201                                                                                   6000                                                                                                            
110101                                                                                 12000                                                                                                            
50100                                                                                   5800                                                                                                            
80100                                                                                  10500                                                                                                            
10101                                                                                   4400                                                                                                            
90                                                                                     24000                                                                                                            
149                                                                                     7000                                                                                                            
50124                                                                                  11700                                                                                                            

14 rows selected.

SQL> SELECT * FROM EMPLOYEES;

EMPLOYEE_ID FIRST_NAME      LAST_NAME       EMAIL      PHONE_NUMBER         HIRE_DATE JOB_ID         SALARY COMMISSION_PCT MANAGER_ID DEPARTMENT_ID                                                     
----------- --------------- --------------- ---------- -------------------- --------- ---------- ---------- -------------- ---------- -------------                                                     
        100 Steven          King            SKING      515.123.4567         17-JUL-87 AD_PRES         24000                                      90                                                     
        101 Neena           Kochhar         NKOCHHAR   515.123.4568         21-SEP-89 AD_VP           17000                       100            90                                                     
        102 Lex             De Haan         LDEHAAN    515.123.4569         13-JAN-93 AD_VP           17000                       100            90                                                     
        103 Alexander       Hunold          AHUNOLD    590.423.4567         03-JAN-90 IT_PROG          9000                       102            60                                                     
        104 Bruce           Ernst           BERNST     590.423.4568         21-MAY-91 IT_PROG          6000                       103            60                                                     
        107 Diana           Lorentz         DLORENTZ   590.423.5567         07-FEB-99 IT_PROG          4200                       103            60                                                     
        124 Kevin           Mourgos         KMOURGOS   650.123.5234         16-NOV-99 ST_MAN           5800                       100            50                                                     
        141 Trenna          Rajs            TRAJS      650.121.8009         17-OCT-95 ST_CLERK         3500                       124            50                                                     
        142 Curtis          Davies          CDAVIES    650.121.2994         29-JAN-97 ST_CLERK         3100                       124            50                                                     
        143 Randall         Matos           RMATOS     650.121.2874         15-MAR-98 ST_CLERK         2600                       124            50                                                     
        144 Peter           Vargas                     650.121.2004         09-JUL-98 ST_CLERK         2500                       124            50                                                     
        149 Eleni           Zlotkey         EZLOTKEY   011.44.1344.429018   29-JAN-00 SA_MAN          10500             .2        100            80                                                     
        174 Ellen           Abel            EABEL      011.44.1644.429267   11-MAY-96 SA_REP          11000             .3        149            80                                                     
        176 Jonathon        Taylor          JTAYLOR    011.44.1644.429265   24-MAR-98 SA_REP           8600             .3        149            80                                                     
        178 Kimerely        Grant           KGRANT     011.44.1644.429263   24-MAY-99 SA_REP           7000            .15        149                                                                   
        200 Jennifer        Whalen          JWHALEN    515.123.4444         17-SEP-87 AD_ASST          4400                       101            10                                                     
        201 Michael         Hartstein       MHARTSTE   515.123.5555         17-FEB-96 MK_MAN          13000                       100            20                                                     
        202 Pat             Fay             PFAY       603.123.6666         17-AUG-97 MK_REP           6000                       201            20                                                     
        205 Shelley         Higgins         SHIGGINS   515.123.8080         07-JUN-94 AC_MGR          12000                       101           110                                                     
        206 William         Gietz           WGIETZ     515.123.8181         07-JUN-94 AC_ACCOUNT       8300                       205           110                                                     

20 rows selected.

SQL> REM 1 DISPLAY HIRE MONTH WISE AVERAGE SALARY
SQL> 
SQL> REM 2 DISPLAY DEPARTMENT_ID , JOB_ID WISE COUNT OF EMPLOYEES
SQL> 
SQL> REM 3 DISPLAY LENGTH OF FIRST_NAME WISE COUNT OF EMPLOYEES
SQL> 
SQL> REM 4 DISPLAY NUMBER OF VOWELS IN LAST_NAME WISE TOTAL SALARY
SQL> 
SQL> REM 5 DISPLAY RIGHT MOST VOWEL OF EMAIL WISE COUNT
SQL> 
SQL> 
SQL> 
SQL> REM 1 DISPLAY HIRE MONTH WISE AVERAGE SALARY
SQL> 
SQL> SELECT TO_CHAR(HIRE_DATE,'MONTH') , AVG(SALARY) FROM EMPLOYEES GROUP BY TO_CHAR(HIRE_DATE,'MONTH') ORDER BY 1;

TO_CHAR(HIRE_DATE,'MONTH')           AVG(SALARY)                                                                                                                                                        
------------------------------------ -----------                                                                                                                                                        
AUGUST                                      6000                                                                                                                                                        
FEBRUARY                                    8600                                                                                                                                                        
JANUARY                                     9900                                                                                                                                                        
JULY                                       13250                                                                                                                                                        
JUNE                                       10150                                                                                                                                                        
MARCH                                       5600                                                                                                                                                        
MAY                                         8000                                                                                                                                                        
NOVEMBER                                    5800                                                                                                                                                        
OCTOBER                                     3500                                                                                                                                                        
SEPTEMBER                                  10700                                                                                                                                                        

10 rows selected.

SQL> SELECT TO_CHAR(HIRE_DATE,'MONTH') MONTH , AVG(SALARY) FROM EMPLOYEES GROUP BY TO_CHAR(HIRE_DATE,'MONTH') ORDER BY 1;

MONTH                                AVG(SALARY)                                                                                                                                                        
------------------------------------ -----------                                                                                                                                                        
AUGUST                                      6000                                                                                                                                                        
FEBRUARY                                    8600                                                                                                                                                        
JANUARY                                     9900                                                                                                                                                        
JULY                                       13250                                                                                                                                                        
JUNE                                       10150                                                                                                                                                        
MARCH                                       5600                                                                                                                                                        
MAY                                         8000                                                                                                                                                        
NOVEMBER                                    5800                                                                                                                                                        
OCTOBER                                     3500                                                                                                                                                        
SEPTEMBER                                  10700                                                                                                                                                        

10 rows selected.

SQL> SELECT TO_CHAR(HIRE_DATE,'MONTH') MONTH , AVG(SALARY) FROM EMPLOYEES GROUP BY TO_CHAR(HIRE_DATE,'MM') ORDER BY 1;
SELECT TO_CHAR(HIRE_DATE,'MONTH') MONTH , AVG(SALARY) FROM EMPLOYEES GROUP BY TO_CHAR(HIRE_DATE,'MM') ORDER BY 1
               *
ERROR at line 1:
ORA-00979: not a GROUP BY expression 


SQL> SELECT TO_CHAR(HIRE_DATE,'MONTH') MONTH , TO_CHAR(HIRE_DATE,'MM') , AVG(SALARY) FROM EMPLOYEES GROUP BY TO_CHAR(HIRE_DATE,'MM') ORDER BY 1;
SELECT TO_CHAR(HIRE_DATE,'MONTH') MONTH , TO_CHAR(HIRE_DATE,'MM') , AVG(SALARY) FROM EMPLOYEES GROUP BY TO_CHAR(HIRE_DATE,'MM') ORDER BY 1
               *
ERROR at line 1:
ORA-00979: not a GROUP BY expression 


SQL> SELECT TO_CHAR(HIRE_DATE,'MONTH') MONTH , AVG(SALARY) FROM EMPLOYEES GROUP BY TO_CHAR(HIRE_DATE,'MONTH') , TO_CHAR(HIRE_DATE,'MM') ORDER BY TO_CHAR(HIRE_DATE,'MM');

MONTH                                AVG(SALARY)                                                                                                                                                        
------------------------------------ -----------                                                                                                                                                        
JANUARY                                     9900                                                                                                                                                        
FEBRUARY                                    8600                                                                                                                                                        
MARCH                                       5600                                                                                                                                                        
MAY                                         8000                                                                                                                                                        
JUNE                                       10150                                                                                                                                                        
JULY                                       13250                                                                                                                                                        
AUGUST                                      6000                                                                                                                                                        
SEPTEMBER                                  10700                                                                                                                                                        
OCTOBER                                     3500                                                                                                                                                        
NOVEMBER                                    5800                                                                                                                                                        

10 rows selected.

SQL> REM 2 DISPLAY DEPARTMENT_ID , JOB_ID WISE COUNT OF EMPLOYEES
SQL> 
SQL> SELECT DEPARTMENT_ID , JOB_ID , COUNT(*) FROM EMPLOYEES GROUP BY DEPARTMENT_ID , JOB_ID ORDER BY 1,2;

DEPARTMENT_ID JOB_ID       COUNT(*)                                                                                                                                                                     
------------- ---------- ----------                                                                                                                                                                     
           10 AD_ASST             1                                                                                                                                                                     
           20 MK_MAN              1                                                                                                                                                                     
           20 MK_REP              1                                                                                                                                                                     
           50 ST_CLERK            4                                                                                                                                                                     
           50 ST_MAN              1                                                                                                                                                                     
           60 IT_PROG             3                                                                                                                                                                     
           80 SA_MAN              1                                                                                                                                                                     
           80 SA_REP              2                                                                                                                                                                     
           90 AD_PRES             1                                                                                                                                                                     
           90 AD_VP               2                                                                                                                                                                     
          110 AC_ACCOUNT          1                                                                                                                                                                     
          110 AC_MGR              1                                                                                                                                                                     
              SA_REP              1                                                                                                                                                                     

13 rows selected.

SQL> REM 3 DISPLAY LENGTH OF FIRST_NAME WISE COUNT OF EMPLOYEES
SQL> 
SQL> SELECT LENGTH(FIRST_NAME) LENGTH , COUNT(*) FROM EMPLOYEES GROUP BY LENGTH(FIRST_NAME) ORDER BY 1;

    LENGTH   COUNT(*)                                                                                                                                                                                   
---------- ----------                                                                                                                                                                                   
         3          2                                                                                                                                                                                   
         5          7                                                                                                                                                                                   
         6          3                                                                                                                                                                                   
         7          4                                                                                                                                                                                   
         8          3                                                                                                                                                                                   
         9          1                                                                                                                                                                                   

6 rows selected.

SQL> REM 4 DISPLAY NUMBER OF VOWELS IN LAST_NAME WISE TOTAL SALARY
SQL> 
SQL> SELECT LENGTH(TRANSLATE(UPPER(LAST_NAME),'#QWRTYPSDFGHJKLZXCVBNM','#')) LENGTH_OF_VOWELS , SUM(SALARY)
  2  FROM EMPLOYEES
  3  GROUP BY LENGTH(TRANSLATE(UPPER(LAST_NAME),'#QWRTYPSDFGHJKLZXCVBNM','#'))
  4  ORDER BY 1;

LENGTH_OF_VOWELS SUM(SALARY)                                                                                                                                                                            
---------------- -----------                                                                                                                                                                            
               1       46500                                                                                                                                                                            
               2       90100                                                                                                                                                                            
               3       21900                                                                                                                                                                            
               4       17000                                                                                                                                                                            

SQL> REM 5 DISPLAY RIGHT MOST VOWEL OF EMAIL WISE COUNT
SQL> 
SQL> SELECT SUBSTR(RTRIM(EMAIL,'QWRTYPSDFGHJKLZXCVBNM'),-1) VOWEL , COUNT(*)
  2  FROM EMPLOYEES;
SELECT SUBSTR(RTRIM(EMAIL,'QWRTYPSDFGHJKLZXCVBNM'),-1) VOWEL , COUNT(*)
                    *
ERROR at line 1:
ORA-00937: not a single-group group function 


SQL> SELECT SUBSTR(RTRIM(EMAIL,'QWRTYPSDFGHJKLZXCVBNM'),-1) VOWEL , COUNT(*)
  2  FROM EMPLOYEES;
SELECT SUBSTR(RTRIM(EMAIL,'QWRTYPSDFGHJKLZXCVBNM'),-1) VOWEL , COUNT(*)
                    *
ERROR at line 1:
ORA-00937: not a single-group group function 


SQL> SELECT SUBSTR(RTRIM(EMAIL,'QWRTYPSDFGHJKLZXCVBNM'),-1) VOWEL , COUNT(*)
  2  FROM EMPLOYEES
  3  GROUP BY SUBSTR(RTRIM(EMAIL,'QWRTYPSDFGHJKLZXCVBNM'),-1)
  4  ORDER BY 1;

VOWE   COUNT(*)                                                                                                                                                                                         
---- ----------                                                                                                                                                                                         
A             5                                                                                                                                                                                         
E             8                                                                                                                                                                                         
I             2                                                                                                                                                                                         
O             4                                                                                                                                                                                         
              1                                                                                                                                                                                         

SQL> SELECT * FROM EMPLOYEES;

EMPLOYEE_ID FIRST_NAME      LAST_NAME       EMAIL      PHONE_NUMBER         HIRE_DATE JOB_ID         SALARY COMMISSION_PCT MANAGER_ID DEPARTMENT_ID                                                     
----------- --------------- --------------- ---------- -------------------- --------- ---------- ---------- -------------- ---------- -------------                                                     
        100 Steven          King            SKING      515.123.4567         17-JUL-87 AD_PRES         24000                                      90                                                     
        101 Neena           Kochhar         NKOCHHAR   515.123.4568         21-SEP-89 AD_VP           17000                       100            90                                                     
        102 Lex             De Haan         LDEHAAN    515.123.4569         13-JAN-93 AD_VP           17000                       100            90                                                     
        103 Alexander       Hunold          AHUNOLD    590.423.4567         03-JAN-90 IT_PROG          9000                       102            60                                                     
        104 Bruce           Ernst           BERNST     590.423.4568         21-MAY-91 IT_PROG          6000                       103            60                                                     
        107 Diana           Lorentz         DLORENTZ   590.423.5567         07-FEB-99 IT_PROG          4200                       103            60                                                     
        124 Kevin           Mourgos         KMOURGOS   650.123.5234         16-NOV-99 ST_MAN           5800                       100            50                                                     
        141 Trenna          Rajs            TRAJS      650.121.8009         17-OCT-95 ST_CLERK         3500                       124            50                                                     
        142 Curtis          Davies          CDAVIES    650.121.2994         29-JAN-97 ST_CLERK         3100                       124            50                                                     
        143 Randall         Matos           RMATOS     650.121.2874         15-MAR-98 ST_CLERK         2600                       124            50                                                     
        144 Peter           Vargas                     650.121.2004         09-JUL-98 ST_CLERK         2500                       124            50                                                     
        149 Eleni           Zlotkey         EZLOTKEY   011.44.1344.429018   29-JAN-00 SA_MAN          10500             .2        100            80                                                     
        174 Ellen           Abel            EABEL      011.44.1644.429267   11-MAY-96 SA_REP          11000             .3        149            80                                                     
        176 Jonathon        Taylor          JTAYLOR    011.44.1644.429265   24-MAR-98 SA_REP           8600             .3        149            80                                                     
        178 Kimerely        Grant           KGRANT     011.44.1644.429263   24-MAY-99 SA_REP           7000            .15        149                                                                   
        200 Jennifer        Whalen          JWHALEN    515.123.4444         17-SEP-87 AD_ASST          4400                       101            10                                                     
        201 Michael         Hartstein       MHARTSTE   515.123.5555         17-FEB-96 MK_MAN          13000                       100            20                                                     
        202 Pat             Fay             PFAY       603.123.6666         17-AUG-97 MK_REP           6000                       201            20                                                     
        205 Shelley         Higgins         SHIGGINS   515.123.8080         07-JUN-94 AC_MGR          12000                       101           110                                                     
        206 William         Gietz           WGIETZ     515.123.8181         07-JUN-94 AC_ACCOUNT       8300                       205           110                                                     

20 rows selected.

SQL> SELECT * FROM EMPLOYEES ORDER BY 1;

EMPLOYEE_ID FIRST_NAME      LAST_NAME       EMAIL      PHONE_NUMBER         HIRE_DATE JOB_ID         SALARY COMMISSION_PCT MANAGER_ID DEPARTMENT_ID                                                     
----------- --------------- --------------- ---------- -------------------- --------- ---------- ---------- -------------- ---------- -------------                                                     
        100 Steven          King            SKING      515.123.4567         17-JUL-87 AD_PRES         24000                                      90                                                     
        101 Neena           Kochhar         NKOCHHAR   515.123.4568         21-SEP-89 AD_VP           17000                       100            90                                                     
        102 Lex             De Haan         LDEHAAN    515.123.4569         13-JAN-93 AD_VP           17000                       100            90                                                     
        103 Alexander       Hunold          AHUNOLD    590.423.4567         03-JAN-90 IT_PROG          9000                       102            60                                                     
        104 Bruce           Ernst           BERNST     590.423.4568         21-MAY-91 IT_PROG          6000                       103            60                                                     
        107 Diana           Lorentz         DLORENTZ   590.423.5567         07-FEB-99 IT_PROG          4200                       103            60                                                     
        124 Kevin           Mourgos         KMOURGOS   650.123.5234         16-NOV-99 ST_MAN           5800                       100            50                                                     
        141 Trenna          Rajs            TRAJS      650.121.8009         17-OCT-95 ST_CLERK         3500                       124            50                                                     
        142 Curtis          Davies          CDAVIES    650.121.2994         29-JAN-97 ST_CLERK         3100                       124            50                                                     
        143 Randall         Matos           RMATOS     650.121.2874         15-MAR-98 ST_CLERK         2600                       124            50                                                     
        144 Peter           Vargas                     650.121.2004         09-JUL-98 ST_CLERK         2500                       124            50                                                     
        149 Eleni           Zlotkey         EZLOTKEY   011.44.1344.429018   29-JAN-00 SA_MAN          10500             .2        100            80                                                     
        174 Ellen           Abel            EABEL      011.44.1644.429267   11-MAY-96 SA_REP          11000             .3        149            80                                                     
        176 Jonathon        Taylor          JTAYLOR    011.44.1644.429265   24-MAR-98 SA_REP           8600             .3        149            80                                                     
        178 Kimerely        Grant           KGRANT     011.44.1644.429263   24-MAY-99 SA_REP           7000            .15        149                                                                   
        200 Jennifer        Whalen          JWHALEN    515.123.4444         17-SEP-87 AD_ASST          4400                       101            10                                                     
        201 Michael         Hartstein       MHARTSTE   515.123.5555         17-FEB-96 MK_MAN          13000                       100            20                                                     
        202 Pat             Fay             PFAY       603.123.6666         17-AUG-97 MK_REP           6000                       201            20                                                     
        205 Shelley         Higgins         SHIGGINS   515.123.8080         07-JUN-94 AC_MGR          12000                       101           110                                                     
        206 William         Gietz           WGIETZ     515.123.8181         07-JUN-94 AC_ACCOUNT       8300                       205           110                                                     

20 rows selected.

SQL> SELECT * FROM EMPLOYEES ORDER BY 2;

EMPLOYEE_ID FIRST_NAME      LAST_NAME       EMAIL      PHONE_NUMBER         HIRE_DATE JOB_ID         SALARY COMMISSION_PCT MANAGER_ID DEPARTMENT_ID                                                     
----------- --------------- --------------- ---------- -------------------- --------- ---------- ---------- -------------- ---------- -------------                                                     
        103 Alexander       Hunold          AHUNOLD    590.423.4567         03-JAN-90 IT_PROG          9000                       102            60                                                     
        104 Bruce           Ernst           BERNST     590.423.4568         21-MAY-91 IT_PROG          6000                       103            60                                                     
        142 Curtis          Davies          CDAVIES    650.121.2994         29-JAN-97 ST_CLERK         3100                       124            50                                                     
        107 Diana           Lorentz         DLORENTZ   590.423.5567         07-FEB-99 IT_PROG          4200                       103            60                                                     
        149 Eleni           Zlotkey         EZLOTKEY   011.44.1344.429018   29-JAN-00 SA_MAN          10500             .2        100            80                                                     
        174 Ellen           Abel            EABEL      011.44.1644.429267   11-MAY-96 SA_REP          11000             .3        149            80                                                     
        200 Jennifer        Whalen          JWHALEN    515.123.4444         17-SEP-87 AD_ASST          4400                       101            10                                                     
        176 Jonathon        Taylor          JTAYLOR    011.44.1644.429265   24-MAR-98 SA_REP           8600             .3        149            80                                                     
        124 Kevin           Mourgos         KMOURGOS   650.123.5234         16-NOV-99 ST_MAN           5800                       100            50                                                     
        178 Kimerely        Grant           KGRANT     011.44.1644.429263   24-MAY-99 SA_REP           7000            .15        149                                                                   
        102 Lex             De Haan         LDEHAAN    515.123.4569         13-JAN-93 AD_VP           17000                       100            90                                                     
        201 Michael         Hartstein       MHARTSTE   515.123.5555         17-FEB-96 MK_MAN          13000                       100            20                                                     
        101 Neena           Kochhar         NKOCHHAR   515.123.4568         21-SEP-89 AD_VP           17000                       100            90                                                     
        202 Pat             Fay             PFAY       603.123.6666         17-AUG-97 MK_REP           6000                       201            20                                                     
        144 Peter           Vargas                     650.121.2004         09-JUL-98 ST_CLERK         2500                       124            50                                                     
        143 Randall         Matos           RMATOS     650.121.2874         15-MAR-98 ST_CLERK         2600                       124            50                                                     
        205 Shelley         Higgins         SHIGGINS   515.123.8080         07-JUN-94 AC_MGR          12000                       101           110                                                     
        100 Steven          King            SKING      515.123.4567         17-JUL-87 AD_PRES         24000                                      90                                                     
        141 Trenna          Rajs            TRAJS      650.121.8009         17-OCT-95 ST_CLERK         3500                       124            50                                                     
        206 William         Gietz           WGIETZ     515.123.8181         07-JUN-94 AC_ACCOUNT       8300                       205           110                                                     

20 rows selected.

SQL> /*
SQL> 
SQL> RANGE   COUNT
SQL> A-D     4
SQL> E-H     2
SQL> 
SQL> */
SQL> 
SQL> REM FIRST_NAME STARTING : A-D , E-H , I-N , O-T , U-Z : COUNT
SQL> 
SQL> SELECT FIRST_NAME , CASE WHEN SUBSTR(FIRST_NAME,1,1) BETWEEN 'A' AND 'D' THEN 'A-D'
  2                           WHEN SUBSTR(FIRST_NAME,1,1) BETWEEN 'E' AND 'H' THEN 'E-H'
  3                           WHEN SUBSTR(FIRST_NAME,1,1) BETWEEN 'I' AND 'N' THEN 'I-N'
  4                           WHEN SUBSTR(FIRST_NAME,1,1) BETWEEN 'O' AND 'T' THEN 'O-T' ELSE 'U-Z' END RANGE
  5  FROM EMPLOYEES;

FIRST_NAME      RAN                                                                                                                                                                                     
--------------- ---                                                                                                                                                                                     
Steven          O-T                                                                                                                                                                                     
Neena           I-N                                                                                                                                                                                     
Lex             I-N                                                                                                                                                                                     
Alexander       A-D                                                                                                                                                                                     
Bruce           A-D                                                                                                                                                                                     
Diana           A-D                                                                                                                                                                                     
Kevin           I-N                                                                                                                                                                                     
Trenna          O-T                                                                                                                                                                                     
Curtis          A-D                                                                                                                                                                                     
Randall         O-T                                                                                                                                                                                     
Peter           O-T                                                                                                                                                                                     
Eleni           E-H                                                                                                                                                                                     
Ellen           E-H                                                                                                                                                                                     
Jonathon        I-N                                                                                                                                                                                     
Kimerely        I-N                                                                                                                                                                                     
Jennifer        I-N                                                                                                                                                                                     
Michael         I-N                                                                                                                                                                                     
Pat             O-T                                                                                                                                                                                     
Shelley         O-T                                                                                                                                                                                     
William         U-Z                                                                                                                                                                                     

20 rows selected.

SQL> SELECT FIRST_NAME , CASE WHEN SUBSTR(FIRST_NAME,1,1) BETWEEN 'A' AND 'D' THEN 'A-D'
  2                           WHEN SUBSTR(FIRST_NAME,1,1) BETWEEN 'E' AND 'H' THEN 'E-H'
  3                           WHEN SUBSTR(FIRST_NAME,1,1) BETWEEN 'I' AND 'N' THEN 'I-N'
  4                           WHEN SUBSTR(FIRST_NAME,1,1) BETWEEN 'O' AND 'T' THEN 'O-T' ELSE 'U-Z' END RANGE
  5  FROM EMPLOYEES
  6  ORDER BY 1;

FIRST_NAME      RAN                                                                                                                                                                                     
--------------- ---                                                                                                                                                                                     
Alexander       A-D                                                                                                                                                                                     
Bruce           A-D                                                                                                                                                                                     
Curtis          A-D                                                                                                                                                                                     
Diana           A-D                                                                                                                                                                                     
Eleni           E-H                                                                                                                                                                                     
Ellen           E-H                                                                                                                                                                                     
Jennifer        I-N                                                                                                                                                                                     
Jonathon        I-N                                                                                                                                                                                     
Kevin           I-N                                                                                                                                                                                     
Kimerely        I-N                                                                                                                                                                                     
Lex             I-N                                                                                                                                                                                     
Michael         I-N                                                                                                                                                                                     
Neena           I-N                                                                                                                                                                                     
Pat             O-T                                                                                                                                                                                     
Peter           O-T                                                                                                                                                                                     
Randall         O-T                                                                                                                                                                                     
Shelley         O-T                                                                                                                                                                                     
Steven          O-T                                                                                                                                                                                     
Trenna          O-T                                                                                                                                                                                     
William         U-Z                                                                                                                                                                                     

20 rows selected.

SQL> SELECT CASE WHEN SUBSTR(FIRST_NAME,1,1) BETWEEN 'A' AND 'D' THEN 'A-D'
  2              WHEN SUBSTR(FIRST_NAME,1,1) BETWEEN 'E' AND 'H' THEN 'E-H'
  3              WHEN SUBSTR(FIRST_NAME,1,1) BETWEEN 'I' AND 'N' THEN 'I-N'
  4              WHEN SUBSTR(FIRST_NAME,1,1) BETWEEN 'O' AND 'T' THEN 'O-T' ELSE 'U-Z' END RANGE , COUNT(*)
  5  FROM EMPLOYEES
  6  GROUP BY CASE WHEN SUBSTR(FIRST_NAME,1,1) BETWEEN 'A' AND 'D' THEN 'A-D'
  7       WHEN SUBSTR(FIRST_NAME,1,1) BETWEEN 'E' AND 'H' THEN 'E-H'
  8       WHEN SUBSTR(FIRST_NAME,1,1) BETWEEN 'I' AND 'N' THEN 'I-N'
  9       WHEN SUBSTR(FIRST_NAME,1,1) BETWEEN 'O' AND 'T' THEN 'O-T' ELSE 'U-Z' END
 10  ORDER BY 1;

RAN   COUNT(*)                                                                                                                                                                                          
--- ----------                                                                                                                                                                                          
A-D          4                                                                                                                                                                                          
E-H          2                                                                                                                                                                                          
I-N          7                                                                                                                                                                                          
O-T          6                                                                                                                                                                                          
U-Z          1                                                                                                                                                                                          

SQL> SELECT * FROM EMPLOYEES;

EMPLOYEE_ID FIRST_NAME      LAST_NAME       EMAIL      PHONE_NUMBER         HIRE_DATE JOB_ID         SALARY COMMISSION_PCT MANAGER_ID DEPARTMENT_ID                                                     
----------- --------------- --------------- ---------- -------------------- --------- ---------- ---------- -------------- ---------- -------------                                                     
        100 Steven          King            SKING      515.123.4567         17-JUL-87 AD_PRES         24000                                      90                                                     
        101 Neena           Kochhar         NKOCHHAR   515.123.4568         21-SEP-89 AD_VP           17000                       100            90                                                     
        102 Lex             De Haan         LDEHAAN    515.123.4569         13-JAN-93 AD_VP           17000                       100            90                                                     
        103 Alexander       Hunold          AHUNOLD    590.423.4567         03-JAN-90 IT_PROG          9000                       102            60                                                     
        104 Bruce           Ernst           BERNST     590.423.4568         21-MAY-91 IT_PROG          6000                       103            60                                                     
        107 Diana           Lorentz         DLORENTZ   590.423.5567         07-FEB-99 IT_PROG          4200                       103            60                                                     
        124 Kevin           Mourgos         KMOURGOS   650.123.5234         16-NOV-99 ST_MAN           5800                       100            50                                                     
        141 Trenna          Rajs            TRAJS      650.121.8009         17-OCT-95 ST_CLERK         3500                       124            50                                                     
        142 Curtis          Davies          CDAVIES    650.121.2994         29-JAN-97 ST_CLERK         3100                       124            50                                                     
        143 Randall         Matos           RMATOS     650.121.2874         15-MAR-98 ST_CLERK         2600                       124            50                                                     
        144 Peter           Vargas                     650.121.2004         09-JUL-98 ST_CLERK         2500                       124            50                                                     
        149 Eleni           Zlotkey         EZLOTKEY   011.44.1344.429018   29-JAN-00 SA_MAN          10500             .2        100            80                                                     
        174 Ellen           Abel            EABEL      011.44.1644.429267   11-MAY-96 SA_REP          11000             .3        149            80                                                     
        176 Jonathon        Taylor          JTAYLOR    011.44.1644.429265   24-MAR-98 SA_REP           8600             .3        149            80                                                     
        178 Kimerely        Grant           KGRANT     011.44.1644.429263   24-MAY-99 SA_REP           7000            .15        149                                                                   
        200 Jennifer        Whalen          JWHALEN    515.123.4444         17-SEP-87 AD_ASST          4400                       101            10                                                     
        201 Michael         Hartstein       MHARTSTE   515.123.5555         17-FEB-96 MK_MAN          13000                       100            20                                                     
        202 Pat             Fay             PFAY       603.123.6666         17-AUG-97 MK_REP           6000                       201            20                                                     
        205 Shelley         Higgins         SHIGGINS   515.123.8080         07-JUN-94 AC_MGR          12000                       101           110                                                     
        206 William         Gietz           WGIETZ     515.123.8181         07-JUN-94 AC_ACCOUNT       8300                       205           110                                                     

20 rows selected.

SQL> REM 1 SALARY RANGE WISE COUNT : 0 TO 6000 , 6001 TO 9000  , 9001 TO 13000 , 13001 ONWARDS
SQL> 
SQL> REM 2 HIRE YEAR WISE TOTAL SALARY : UPTO 91 , 92 TO 95 , 96 TO 98 , 99 ONWARDS
SQL> 
SQL> REM 2 HIRE YEAR WISE TOTAL SALARY : UPTO 1991 , 1992 TO 1995 , 1996 TO 1998 , 1999 ONWARDS
SQL> 
SQL> SPOOL OFF
