SQL> 
SQL> 
SQL> REM 26 WITHOUT USING LENGTH AND CONDITIONAL FUNCTIONS PERFORM THE TASK. IF FIRST_NAME SPELLING HAS 5 OR LESS CHARACTERS DISPLAY '<=5' OTHER WISE '6 AND MORE'
SQL> 
SQL> SELECT FIRST_NAME , NVL2(SUBSTR(FIRST_NAME,6,1),'6 OR MORE','UPTO 5') FROM EMPLOYEES;

FIRST_NAME      NVL2(SUBS                                                       
--------------- ---------                                                       
Steven          6 OR MORE                                                       
Neena           UPTO 5                                                          
Lex             UPTO 5                                                          
Alexander       6 OR MORE                                                       
Bruce           UPTO 5                                                          
Diana           UPTO 5                                                          
Kevin           UPTO 5                                                          
Trenna          6 OR MORE                                                       
Curtis          6 OR MORE                                                       
Randall         6 OR MORE                                                       
Peter           UPTO 5                                                          

FIRST_NAME      NVL2(SUBS                                                       
--------------- ---------                                                       
Eleni           UPTO 5                                                          
Ellen           UPTO 5                                                          
Jonathon        6 OR MORE                                                       
Kimerely        6 OR MORE                                                       
Jennifer        6 OR MORE                                                       
Michael         6 OR MORE                                                       
Pat             UPTO 5                                                          
Shelley         6 OR MORE                                                       
William         6 OR MORE                                                       

20 rows selected.

SQL> SET LINES 200 PAGES 24
SQL> 
SQL> REM 6 ADD 600 + '-12,345.67' + '987.65-'  SIR I HAVE QUERY IN THIS QUE
SQL> 
SQL> SELECT 600 + TO_NUMBER('-12,345.67','S99,999.99') + TO_NUMBER('987.65-','999.99S') FROM DUAL;

600+TO_NUMBER('-12,345.67','S99,999.99')+TO_NUMBER('987.65-','999.99S')                                                                                                                                 
-----------------------------------------------------------------------                                                                                                                                 
                                                              -12733.32                                                                                                                                 

SQL> REM DISPLAY FIRST_NAME , HIRE_DATE AND 'FIRST' IF EMPLOYEE IS HIRED IN FIRST HALF OF MONTH ELSE 'SECOND'. (USING NULLIF)
SQL> 
SQL> SELECT FIRST_NAME , HIRE_DATE , NVL2(NULLIF(TRUNC(HIRE_DATE,'MM'),ROUND(HIRE_DATE,'MM')),'SECOND','FIRST') FROM EMPLOYEES;

FIRST_NAME      HIRE_DATE NVL2(N                                                                                                                                                                        
--------------- --------- ------                                                                                                                                                                        
Steven          17-JUL-87 SECOND                                                                                                                                                                        
Neena           21-SEP-89 SECOND                                                                                                                                                                        
Lex             13-JAN-93 FIRST                                                                                                                                                                         
Alexander       03-JAN-90 FIRST                                                                                                                                                                         
Bruce           21-MAY-91 SECOND                                                                                                                                                                        
Diana           07-FEB-99 FIRST                                                                                                                                                                         
Kevin           16-NOV-99 SECOND                                                                                                                                                                        
Trenna          17-OCT-95 SECOND                                                                                                                                                                        
Curtis          29-JAN-97 SECOND                                                                                                                                                                        
Randall         15-MAR-98 FIRST                                                                                                                                                                         
Peter           09-JUL-98 FIRST                                                                                                                                                                         
Eleni           29-JAN-00 SECOND                                                                                                                                                                        
Ellen           11-MAY-96 FIRST                                                                                                                                                                         
Jonathon        24-MAR-98 SECOND                                                                                                                                                                        
Kimerely        24-MAY-99 SECOND                                                                                                                                                                        
Jennifer        17-SEP-87 SECOND                                                                                                                                                                        
Michael         17-FEB-96 SECOND                                                                                                                                                                        
Pat             17-AUG-97 SECOND                                                                                                                                                                        
Shelley         07-JUN-94 FIRST                                                                                                                                                                         
William         07-JUN-94 FIRST                                                                                                                                                                         

20 rows selected.

SQL> SELECT FIRST_NAME , HIRE_DATE , TRUNC(HIRE_DATE,'MM'),ROUND(HIRE_DATE,'MM') FROM EMPLOYEES;

FIRST_NAME      HIRE_DATE TRUNC(HIR ROUND(HIR                                                                                                                                                           
--------------- --------- --------- ---------                                                                                                                                                           
Steven          17-JUL-87 01-JUL-87 01-AUG-87                                                                                                                                                           
Neena           21-SEP-89 01-SEP-89 01-OCT-89                                                                                                                                                           
Lex             13-JAN-93 01-JAN-93 01-JAN-93                                                                                                                                                           
Alexander       03-JAN-90 01-JAN-90 01-JAN-90                                                                                                                                                           
Bruce           21-MAY-91 01-MAY-91 01-JUN-91                                                                                                                                                           
Diana           07-FEB-99 01-FEB-99 01-FEB-99                                                                                                                                                           
Kevin           16-NOV-99 01-NOV-99 01-DEC-99                                                                                                                                                           
Trenna          17-OCT-95 01-OCT-95 01-NOV-95                                                                                                                                                           
Curtis          29-JAN-97 01-JAN-97 01-FEB-97                                                                                                                                                           
Randall         15-MAR-98 01-MAR-98 01-MAR-98                                                                                                                                                           
Peter           09-JUL-98 01-JUL-98 01-JUL-98                                                                                                                                                           
Eleni           29-JAN-00 01-JAN-00 01-FEB-00                                                                                                                                                           
Ellen           11-MAY-96 01-MAY-96 01-MAY-96                                                                                                                                                           
Jonathon        24-MAR-98 01-MAR-98 01-APR-98                                                                                                                                                           
Kimerely        24-MAY-99 01-MAY-99 01-JUN-99                                                                                                                                                           
Jennifer        17-SEP-87 01-SEP-87 01-OCT-87                                                                                                                                                           
Michael         17-FEB-96 01-FEB-96 01-MAR-96                                                                                                                                                           
Pat             17-AUG-97 01-AUG-97 01-SEP-97                                                                                                                                                           
Shelley         07-JUN-94 01-JUN-94 01-JUN-94                                                                                                                                                           
William         07-JUN-94 01-JUN-94 01-JUN-94                                                                                                                                                           

20 rows selected.

SQL> SELECT FIRST_NAME , HIRE_DATE , NULLIF(TRUNC(HIRE_DATE,'MM'),ROUND(HIRE_DATE,'MM')) FROM EMPLOYEES;

FIRST_NAME      HIRE_DATE NULLIF(TR                                                                                                                                                                     
--------------- --------- ---------                                                                                                                                                                     
Steven          17-JUL-87 01-JUL-87                                                                                                                                                                     
Neena           21-SEP-89 01-SEP-89                                                                                                                                                                     
Lex             13-JAN-93                                                                                                                                                                               
Alexander       03-JAN-90                                                                                                                                                                               
Bruce           21-MAY-91 01-MAY-91                                                                                                                                                                     
Diana           07-FEB-99                                                                                                                                                                               
Kevin           16-NOV-99 01-NOV-99                                                                                                                                                                     
Trenna          17-OCT-95 01-OCT-95                                                                                                                                                                     
Curtis          29-JAN-97 01-JAN-97                                                                                                                                                                     
Randall         15-MAR-98                                                                                                                                                                               
Peter           09-JUL-98                                                                                                                                                                               
Eleni           29-JAN-00 01-JAN-00                                                                                                                                                                     
Ellen           11-MAY-96                                                                                                                                                                               
Jonathon        24-MAR-98 01-MAR-98                                                                                                                                                                     
Kimerely        24-MAY-99 01-MAY-99                                                                                                                                                                     
Jennifer        17-SEP-87 01-SEP-87                                                                                                                                                                     
Michael         17-FEB-96 01-FEB-96                                                                                                                                                                     
Pat             17-AUG-97 01-AUG-97                                                                                                                                                                     
Shelley         07-JUN-94                                                                                                                                                                               
William         07-JUN-94                                                                                                                                                                               

20 rows selected.

SQL> SELECT FIRST_NAME , HIRE_DATE , NVL2(NULLIF(TRUNC(HIRE_DATE,'MM'),ROUND(HIRE_DATE,'MM')),'SECOND','FIRST') FROM EMPLOYEES;

FIRST_NAME      HIRE_DATE NVL2(N                                                                                                                                                                        
--------------- --------- ------                                                                                                                                                                        
Steven          17-JUL-87 SECOND                                                                                                                                                                        
Neena           21-SEP-89 SECOND                                                                                                                                                                        
Lex             13-JAN-93 FIRST                                                                                                                                                                         
Alexander       03-JAN-90 FIRST                                                                                                                                                                         
Bruce           21-MAY-91 SECOND                                                                                                                                                                        
Diana           07-FEB-99 FIRST                                                                                                                                                                         
Kevin           16-NOV-99 SECOND                                                                                                                                                                        
Trenna          17-OCT-95 SECOND                                                                                                                                                                        
Curtis          29-JAN-97 SECOND                                                                                                                                                                        
Randall         15-MAR-98 FIRST                                                                                                                                                                         
Peter           09-JUL-98 FIRST                                                                                                                                                                         
Eleni           29-JAN-00 SECOND                                                                                                                                                                        
Ellen           11-MAY-96 FIRST                                                                                                                                                                         
Jonathon        24-MAR-98 SECOND                                                                                                                                                                        
Kimerely        24-MAY-99 SECOND                                                                                                                                                                        
Jennifer        17-SEP-87 SECOND                                                                                                                                                                        
Michael         17-FEB-96 SECOND                                                                                                                                                                        
Pat             17-AUG-97 SECOND                                                                                                                                                                        
Shelley         07-JUN-94 FIRST                                                                                                                                                                         
William         07-JUN-94 FIRST                                                                                                                                                                         

20 rows selected.

SQL> REM GROUP / MULTI ROW / AGGREGATE / SUMMARY FUNCTIONS :
SQL> 
SQL> REM LIST OF GROUP FUNCTIONS : MIN MAX COUNT     SUM AVG
SQL> 
SQL> SELECT SALARY FROM EMPLOYEES;

    SALARY                                                                                                                                                                                              
----------                                                                                                                                                                                              
     24000                                                                                                                                                                                              
     17000                                                                                                                                                                                              
     17000                                                                                                                                                                                              
      9000                                                                                                                                                                                              
      6000                                                                                                                                                                                              
      4200                                                                                                                                                                                              
      5800                                                                                                                                                                                              
      3500                                                                                                                                                                                              
      3100                                                                                                                                                                                              
      2600                                                                                                                                                                                              
      2500                                                                                                                                                                                              
     10500                                                                                                                                                                                              
     11000                                                                                                                                                                                              
      8600                                                                                                                                                                                              
      7000                                                                                                                                                                                              
      4400                                                                                                                                                                                              
     13000                                                                                                                                                                                              
      6000                                                                                                                                                                                              
     12000                                                                                                                                                                                              
      8300                                                                                                                                                                                              

20 rows selected.

SQL> SELECT SALARY FROM EMPLOYEES ORDER BY 1;

    SALARY                                                                                                                                                                                              
----------                                                                                                                                                                                              
      2500                                                                                                                                                                                              
      2600                                                                                                                                                                                              
      3100                                                                                                                                                                                              
      3500                                                                                                                                                                                              
      4200                                                                                                                                                                                              
      4400                                                                                                                                                                                              
      5800                                                                                                                                                                                              
      6000                                                                                                                                                                                              
      6000                                                                                                                                                                                              
      7000                                                                                                                                                                                              
      8300                                                                                                                                                                                              
      8600                                                                                                                                                                                              
      9000                                                                                                                                                                                              
     10500                                                                                                                                                                                              
     11000                                                                                                                                                                                              
     12000                                                                                                                                                                                              
     13000                                                                                                                                                                                              
     17000                                                                                                                                                                                              
     17000                                                                                                                                                                                              
     24000                                                                                                                                                                                              

20 rows selected.

SQL> SELECT MIN(SALARY) , MAX(SALARY) , COUNT(SALARY) FROM EMPLOYEES;

MIN(SALARY) MAX(SALARY) COUNT(SALARY)                                                                                                                                                                   
----------- ----------- -------------                                                                                                                                                                   
       2500       24000            20                                                                                                                                                                   

SQL> SELECT SUM(SALARY) , AVG(SALARY) , SUM(SALARY)/COUNT(SALARY) FROM EMPLOYEES;

SUM(SALARY) AVG(SALARY) SUM(SALARY)/COUNT(SALARY)                                                                                                                                                       
----------- ----------- -------------------------                                                                                                                                                       
     175500        8775                      8775                                                                                                                                                       

SQL> SELECT COMMISSION_PCT FROM EMPLOYEES;

COMMISSION_PCT                                                                                                                                                                                          
--------------                                                                                                                                                                                          
                                                                                                                                                                                                        
                                                                                                                                                                                                        
                                                                                                                                                                                                        
                                                                                                                                                                                                        
                                                                                                                                                                                                        
                                                                                                                                                                                                        
                                                                                                                                                                                                        
                                                                                                                                                                                                        
                                                                                                                                                                                                        
                                                                                                                                                                                                        
                                                                                                                                                                                                        
            .2                                                                                                                                                                                          
            .3                                                                                                                                                                                          
            .3                                                                                                                                                                                          
           .15                                                                                                                                                                                          
                                                                                                                                                                                                        
                                                                                                                                                                                                        
                                                                                                                                                                                                        
                                                                                                                                                                                                        
                                                                                                                                                                                                        

20 rows selected.

SQL> REM NULL VALUES ARE IGNORED BY ALL SUMMARY FUNCTIONS EXCEPT : COUNT(*)
SQL> 
SQL> SELECT MIN(COMMISSION_PCT) , MAX(COMMISSION_PCT) , COUNT(COMMISSION_PCT) FROM EMPLOYEES;

MIN(COMMISSION_PCT) MAX(COMMISSION_PCT) COUNT(COMMISSION_PCT)                                                                                                                                           
------------------- ------------------- ---------------------                                                                                                                                           
                .15                  .3                     4                                                                                                                                           

SQL> SELECT MIN(COMMISSION_PCT) , MAX(COMMISSION_PCT) , COUNT(COMMISSION_PCT) , COUNT(*) FROM EMPLOYEES;

MIN(COMMISSION_PCT) MAX(COMMISSION_PCT) COUNT(COMMISSION_PCT)   COUNT(*)                                                                                                                                
------------------- ------------------- --------------------- ----------                                                                                                                                
                .15                  .3                     4         20                                                                                                                                

SQL> SELECT SUM(COMMISSION_PCT) , AVG(COMMISSION_PCT) , SUM(COMMISSION_PCT)/COUNT(COMMISSION_PCT) FROM EMPLOYEES;

SUM(COMMISSION_PCT) AVG(COMMISSION_PCT) SUM(COMMISSION_PCT)/COUNT(COMMISSION_PCT)                                                                                                                       
------------------- ------------------- -----------------------------------------                                                                                                                       
                .95               .2375                                     .2375                                                                                                                       

SQL> SELECT SUM(COMMISSION_PCT) , AVG(COMMISSION_PCT) , SUM(COMMISSION_PCT)/COUNT(*) FROM EMPLOYEES;

SUM(COMMISSION_PCT) AVG(COMMISSION_PCT) SUM(COMMISSION_PCT)/COUNT(*)                                                                                                                                    
------------------- ------------------- ----------------------------                                                                                                                                    
                .95               .2375                        .0475                                                                                                                                    

SQL> SELECT COMMISSION_PCT FROM EMPLOYEES;

COMMISSION_PCT                                                                                                                                                                                          
--------------                                                                                                                                                                                          
                                                                                                                                                                                                        
                                                                                                                                                                                                        
                                                                                                                                                                                                        
                                                                                                                                                                                                        
                                                                                                                                                                                                        
                                                                                                                                                                                                        
                                                                                                                                                                                                        
                                                                                                                                                                                                        
                                                                                                                                                                                                        
                                                                                                                                                                                                        
                                                                                                                                                                                                        
            .2                                                                                                                                                                                          
            .3                                                                                                                                                                                          
            .3                                                                                                                                                                                          
           .15                                                                                                                                                                                          
                                                                                                                                                                                                        
                                                                                                                                                                                                        
                                                                                                                                                                                                        
                                                                                                                                                                                                        
                                                                                                                                                                                                        

20 rows selected.

SQL> SELECT COUNT(COMMISSION_PCT) , COUNT(DISTINCT COMMISSION_PCT) , COUNT(UNIQUE COMMISSION_PCT) FROM EMPLOYEES;

COUNT(COMMISSION_PCT) COUNT(DISTINCTCOMMISSION_PCT) COUNT(UNIQUECOMMISSION_PCT)                                                                                                                         
--------------------- ----------------------------- ---------------------------                                                                                                                         
                    4                             3                           3                                                                                                                         

SQL> SELECT SUM(COMMISSION_PCT) , SUM(DISTINCT COMMISSION_PCT) , SUM(UNIQUE COMMISSION_PCT) FROM EMPLOYEES;

SUM(COMMISSION_PCT) SUM(DISTINCTCOMMISSION_PCT) SUM(UNIQUECOMMISSION_PCT)                                                                                                                               
------------------- --------------------------- -------------------------                                                                                                                               
                .95                         .65                       .65                                                                                                                               

SQL> SELECT SALARY FROM EMPLOYEES;

    SALARY                                                                                                                                                                                              
----------                                                                                                                                                                                              
     24000                                                                                                                                                                                              
     17000                                                                                                                                                                                              
     17000                                                                                                                                                                                              
      9000                                                                                                                                                                                              
      6000                                                                                                                                                                                              
      4200                                                                                                                                                                                              
      5800                                                                                                                                                                                              
      3500                                                                                                                                                                                              
      3100                                                                                                                                                                                              
      2600                                                                                                                                                                                              
      2500                                                                                                                                                                                              
     10500                                                                                                                                                                                              
     11000                                                                                                                                                                                              
      8600                                                                                                                                                                                              
      7000                                                                                                                                                                                              
      4400                                                                                                                                                                                              
     13000                                                                                                                                                                                              
      6000                                                                                                                                                                                              
     12000                                                                                                                                                                                              
      8300                                                                                                                                                                                              

20 rows selected.

SQL> SELECT SALARY FROM EMPLOYEES ORDER BY 1;

    SALARY                                                                                                                                                                                              
----------                                                                                                                                                                                              
      2500                                                                                                                                                                                              
      2600                                                                                                                                                                                              
      3100                                                                                                                                                                                              
      3500                                                                                                                                                                                              
      4200                                                                                                                                                                                              
      4400                                                                                                                                                                                              
      5800                                                                                                                                                                                              
      6000                                                                                                                                                                                              
      6000                                                                                                                                                                                              
      7000                                                                                                                                                                                              
      8300                                                                                                                                                                                              
      8600                                                                                                                                                                                              
      9000                                                                                                                                                                                              
     10500                                                                                                                                                                                              
     11000                                                                                                                                                                                              
     12000                                                                                                                                                                                              
     13000                                                                                                                                                                                              
     17000                                                                                                                                                                                              
     17000                                                                                                                                                                                              
     24000                                                                                                                                                                                              

20 rows selected.

SQL> SELECT SUM(SALARY) - SUM(DISTINCT SALARY) FROM EMPLOYEES;

SUM(SALARY)-SUM(DISTINCTSALARY)                                                                                                                                                                         
-------------------------------                                                                                                                                                                         
                          23000                                                                                                                                                                         

SQL> REM SUMMARY FUNCTIONS WITH CHARACTER TYPE INPUT
SQL> 
SQL> SELECT FIRST_NAME FROM EMPLOYEES;

FIRST_NAME                                                                                                                                                                                              
---------------                                                                                                                                                                                         
Steven                                                                                                                                                                                                  
Neena                                                                                                                                                                                                   
Lex                                                                                                                                                                                                     
Alexander                                                                                                                                                                                               
Bruce                                                                                                                                                                                                   
Diana                                                                                                                                                                                                   
Kevin                                                                                                                                                                                                   
Trenna                                                                                                                                                                                                  
Curtis                                                                                                                                                                                                  
Randall                                                                                                                                                                                                 
Peter                                                                                                                                                                                                   
Eleni                                                                                                                                                                                                   
Ellen                                                                                                                                                                                                   
Jonathon                                                                                                                                                                                                
Kimerely                                                                                                                                                                                                
Jennifer                                                                                                                                                                                                
Michael                                                                                                                                                                                                 
Pat                                                                                                                                                                                                     
Shelley                                                                                                                                                                                                 
William                                                                                                                                                                                                 

20 rows selected.

SQL> SELECT FIRST_NAME FROM EMPLOYEES ORDER BY 1;

FIRST_NAME                                                                                                                                                                                              
---------------                                                                                                                                                                                         
Alexander                                                                                                                                                                                               
Bruce                                                                                                                                                                                                   
Curtis                                                                                                                                                                                                  
Diana                                                                                                                                                                                                   
Eleni                                                                                                                                                                                                   
Ellen                                                                                                                                                                                                   
Jennifer                                                                                                                                                                                                
Jonathon                                                                                                                                                                                                
Kevin                                                                                                                                                                                                   
Kimerely                                                                                                                                                                                                
Lex                                                                                                                                                                                                     
Michael                                                                                                                                                                                                 
Neena                                                                                                                                                                                                   
Pat                                                                                                                                                                                                     
Peter                                                                                                                                                                                                   
Randall                                                                                                                                                                                                 
Shelley                                                                                                                                                                                                 
Steven                                                                                                                                                                                                  
Trenna                                                                                                                                                                                                  
William                                                                                                                                                                                                 

20 rows selected.

SQL> SELECT MIN(FIRST_NAME) , MAX(FIRST_NAME) , COUNT(FIRST_NAME) FROM EMPLOYEES;

MIN(FIRST_NAME) MAX(FIRST_NAME) COUNT(FIRST_NAME)                                                                                                                                                       
--------------- --------------- -----------------                                                                                                                                                       
Alexander       William                        20                                                                                                                                                       

SQL> SELECT MIN(FIRST_NAME) , MAX(FIRST_NAME) , COUNT(FIRST_NAME) , COUNT(*) , COUNT(DISTINCT FIRST_NAME) FROM EMPLOYEES;

MIN(FIRST_NAME) MAX(FIRST_NAME) COUNT(FIRST_NAME)   COUNT(*) COUNT(DISTINCTFIRST_NAME)                                                                                                                  
--------------- --------------- ----------------- ---------- -------------------------                                                                                                                  
Alexander       William                        20         20                        20                                                                                                                  

SQL> SELECT SUM(FIRST_NAME) FROM EMPLOYEES;
SELECT SUM(FIRST_NAME) FROM EMPLOYEES
           *
ERROR at line 1:
ORA-01722: invalid number 


SQL> SELECT AVG(FIRST_NAME) FROM EMPLOYEES;
SELECT AVG(FIRST_NAME) FROM EMPLOYEES
           *
ERROR at line 1:
ORA-01722: invalid number 


SQL> SELECT JOB_ID FROM EMPLOYEES;

JOB_ID                                                                                                                                                                                                  
----------                                                                                                                                                                                              
AD_PRES                                                                                                                                                                                                 
AD_VP                                                                                                                                                                                                   
AD_VP                                                                                                                                                                                                   
IT_PROG                                                                                                                                                                                                 
IT_PROG                                                                                                                                                                                                 
IT_PROG                                                                                                                                                                                                 
ST_MAN                                                                                                                                                                                                  
ST_CLERK                                                                                                                                                                                                
ST_CLERK                                                                                                                                                                                                
ST_CLERK                                                                                                                                                                                                
ST_CLERK                                                                                                                                                                                                
SA_MAN                                                                                                                                                                                                  
SA_REP                                                                                                                                                                                                  
SA_REP                                                                                                                                                                                                  
SA_REP                                                                                                                                                                                                  
AD_ASST                                                                                                                                                                                                 
MK_MAN                                                                                                                                                                                                  
MK_REP                                                                                                                                                                                                  
AC_MGR                                                                                                                                                                                                  
AC_ACCOUNT                                                                                                                                                                                              

20 rows selected.

SQL> SELECT COUNT(*) , COUNT(JOB_ID) , COUNT(DISTINCT JOB_ID) FROM EMPLOYEES;

  COUNT(*) COUNT(JOB_ID) COUNT(DISTINCTJOB_ID)                                                                                                                                                          
---------- ------------- ---------------------                                                                                                                                                          
        20            20                    12                                                                                                                                                          

SQL> 
SQL> SELECT HIRE_DATE FROM EMPLOYEES;

HIRE_DATE                                                                                                                                                                                               
---------                                                                                                                                                                                               
17-JUL-87                                                                                                                                                                                               
21-SEP-89                                                                                                                                                                                               
13-JAN-93                                                                                                                                                                                               
03-JAN-90                                                                                                                                                                                               
21-MAY-91                                                                                                                                                                                               
07-FEB-99                                                                                                                                                                                               
16-NOV-99                                                                                                                                                                                               
17-OCT-95                                                                                                                                                                                               
29-JAN-97                                                                                                                                                                                               
15-MAR-98                                                                                                                                                                                               
09-JUL-98                                                                                                                                                                                               
29-JAN-00                                                                                                                                                                                               
11-MAY-96                                                                                                                                                                                               
24-MAR-98                                                                                                                                                                                               
24-MAY-99                                                                                                                                                                                               
17-SEP-87                                                                                                                                                                                               
17-FEB-96                                                                                                                                                                                               
17-AUG-97                                                                                                                                                                                               
07-JUN-94                                                                                                                                                                                               
07-JUN-94                                                                                                                                                                                               

20 rows selected.

SQL> SELECT HIRE_DATE FROM EMPLOYEES ORDER BY 1 DESC;

HIRE_DATE                                                                                                                                                                                               
---------                                                                                                                                                                                               
29-JAN-00                                                                                                                                                                                               
16-NOV-99                                                                                                                                                                                               
24-MAY-99                                                                                                                                                                                               
07-FEB-99                                                                                                                                                                                               
09-JUL-98                                                                                                                                                                                               
24-MAR-98                                                                                                                                                                                               
15-MAR-98                                                                                                                                                                                               
17-AUG-97                                                                                                                                                                                               
29-JAN-97                                                                                                                                                                                               
11-MAY-96                                                                                                                                                                                               
17-FEB-96                                                                                                                                                                                               
17-OCT-95                                                                                                                                                                                               
07-JUN-94                                                                                                                                                                                               
07-JUN-94                                                                                                                                                                                               
13-JAN-93                                                                                                                                                                                               
21-MAY-91                                                                                                                                                                                               
03-JAN-90                                                                                                                                                                                               
21-SEP-89                                                                                                                                                                                               
17-SEP-87                                                                                                                                                                                               
17-JUL-87                                                                                                                                                                                               

20 rows selected.

SQL> REM CENTURY -> YEAR -> MONTH -> DATE -> HOUR -> MINUTE -> SECOND
SQL> 
SQL> 
SQL> SELECT MIN(HIRE_DATE) , MAX(HIRE_DATE) , COUNT(HIRE_DATE) , COUNT(DISTINCT HIRE_DATE) , COUNT(*) FROM EMPLOYEES;

MIN(HIRE_ MAX(HIRE_ COUNT(HIRE_DATE) COUNT(DISTINCTHIRE_DATE)   COUNT(*)                                                                                                                                
--------- --------- ---------------- ------------------------ ----------                                                                                                                                
17-JUL-87 29-JAN-00               20                       19         20                                                                                                                                

SQL> SELECT SUM(HIRE_DATE) FROM EMPLOYEES;
SELECT SUM(HIRE_DATE) FROM EMPLOYEES
           *
ERROR at line 1:
ORA-00932: inconsistent datatypes: expected NUMBER got DATE 


SQL> SELECT AVG(HIRE_DATE) FROM EMPLOYEES;
SELECT AVG(HIRE_DATE) FROM EMPLOYEES
           *
ERROR at line 1:
ORA-00932: inconsistent datatypes: expected NUMBER got DATE 


SQL> SELECT * FROM EMPLOYEES;

EMPLOYEE_ID FIRST_NAME      LAST_NAME       EMAIL      PHONE_NUMBER         HIRE_DATE JOB_ID         SALARY COMMISSION_PCT MANAGER_ID DEPARTMENT_ID                                                     
----------- --------------- --------------- ---------- -------------------- --------- ---------- ---------- -------------- ---------- -------------                                                     
        100 Steven          King            SKING      515.123.4567         17-JUL-87 AD_PRES         24000                                      90                                                     
        101 Neena           Kochhar         NKOCHHAR   515.123.4568         21-SEP-89 AD_VP           17000                       100            90                                                     
        102 Lex             De Haan         LDEHAAN    515.123.4569         13-JAN-93 AD_VP           17000                       100            90                                                     
        103 Alexander       Hunold          AHUNOLD    590.423.4567         03-JAN-90 IT_PROG          9000                       102            60                                                     
        104 Bruce           Ernst           BERNST     590.423.4568         21-MAY-91 IT_PROG          6000                       103            60                                                     
        107 Diana           Lorentz         DLORENTZ   590.423.5567         07-FEB-99 IT_PROG          4200                       103            60                                                     
        124 Kevin           Mourgos         KMOURGOS   650.123.5234         16-NOV-99 ST_MAN           5800                       100            50                                                     
        141 Trenna          Rajs            TRAJS      650.121.8009         17-OCT-95 ST_CLERK         3500                       124            50                                                     
        142 Curtis          Davies          CDAVIES    650.121.2994         29-JAN-97 ST_CLERK         3100                       124            50                                                     
        143 Randall         Matos           RMATOS     650.121.2874         15-MAR-98 ST_CLERK         2600                       124            50                                                     
        144 Peter           Vargas                     650.121.2004         09-JUL-98 ST_CLERK         2500                       124            50                                                     
        149 Eleni           Zlotkey         EZLOTKEY   011.44.1344.429018   29-JAN-00 SA_MAN          10500             .2        100            80                                                     
        174 Ellen           Abel            EABEL      011.44.1644.429267   11-MAY-96 SA_REP          11000             .3        149            80                                                     
        176 Jonathon        Taylor          JTAYLOR    011.44.1644.429265   24-MAR-98 SA_REP           8600             .3        149            80                                                     
        178 Kimerely        Grant           KGRANT     011.44.1644.429263   24-MAY-99 SA_REP           7000            .15        149                                                                   
        200 Jennifer        Whalen          JWHALEN    515.123.4444         17-SEP-87 AD_ASST          4400                       101            10                                                     
        201 Michael         Hartstein       MHARTSTE   515.123.5555         17-FEB-96 MK_MAN          13000                       100            20                                                     
        202 Pat             Fay             PFAY       603.123.6666         17-AUG-97 MK_REP           6000                       201            20                                                     
        205 Shelley         Higgins         SHIGGINS   515.123.8080         07-JUN-94 AC_MGR          12000                       101           110                                                     
        206 William         Gietz           WGIETZ     515.123.8181         07-JUN-94 AC_ACCOUNT       8300                       205           110                                                     

20 rows selected.

SQL> REM DISPLAY TOTAL SALARY PAID BY COMAPNY
SQL> 
SQL> SELECT SUM(SALARY) FROM EMPLOYEES;

SUM(SALARY)                                                                                                                                                                                             
-----------                                                                                                                                                                                             
     175500                                                                                                                                                                                             

SQL> SELECT * FROM EMPLOYEES;

EMPLOYEE_ID FIRST_NAME      LAST_NAME       EMAIL      PHONE_NUMBER         HIRE_DATE JOB_ID         SALARY COMMISSION_PCT MANAGER_ID DEPARTMENT_ID                                                     
----------- --------------- --------------- ---------- -------------------- --------- ---------- ---------- -------------- ---------- -------------                                                     
        100 Steven          King            SKING      515.123.4567         17-JUL-87 AD_PRES         24000                                      90                                                     
        101 Neena           Kochhar         NKOCHHAR   515.123.4568         21-SEP-89 AD_VP           17000                       100            90                                                     
        102 Lex             De Haan         LDEHAAN    515.123.4569         13-JAN-93 AD_VP           17000                       100            90                                                     
        103 Alexander       Hunold          AHUNOLD    590.423.4567         03-JAN-90 IT_PROG          9000                       102            60                                                     
        104 Bruce           Ernst           BERNST     590.423.4568         21-MAY-91 IT_PROG          6000                       103            60                                                     
        107 Diana           Lorentz         DLORENTZ   590.423.5567         07-FEB-99 IT_PROG          4200                       103            60                                                     
        124 Kevin           Mourgos         KMOURGOS   650.123.5234         16-NOV-99 ST_MAN           5800                       100            50                                                     
        141 Trenna          Rajs            TRAJS      650.121.8009         17-OCT-95 ST_CLERK         3500                       124            50                                                     
        142 Curtis          Davies          CDAVIES    650.121.2994         29-JAN-97 ST_CLERK         3100                       124            50                                                     
        143 Randall         Matos           RMATOS     650.121.2874         15-MAR-98 ST_CLERK         2600                       124            50                                                     
        144 Peter           Vargas                     650.121.2004         09-JUL-98 ST_CLERK         2500                       124            50                                                     
        149 Eleni           Zlotkey         EZLOTKEY   011.44.1344.429018   29-JAN-00 SA_MAN          10500             .2        100            80                                                     
        174 Ellen           Abel            EABEL      011.44.1644.429267   11-MAY-96 SA_REP          11000             .3        149            80                                                     
        176 Jonathon        Taylor          JTAYLOR    011.44.1644.429265   24-MAR-98 SA_REP           8600             .3        149            80                                                     
        178 Kimerely        Grant           KGRANT     011.44.1644.429263   24-MAY-99 SA_REP           7000            .15        149                                                                   
        200 Jennifer        Whalen          JWHALEN    515.123.4444         17-SEP-87 AD_ASST          4400                       101            10                                                     
        201 Michael         Hartstein       MHARTSTE   515.123.5555         17-FEB-96 MK_MAN          13000                       100            20                                                     
        202 Pat             Fay             PFAY       603.123.6666         17-AUG-97 MK_REP           6000                       201            20                                                     
        205 Shelley         Higgins         SHIGGINS   515.123.8080         07-JUN-94 AC_MGR          12000                       101           110                                                     
        206 William         Gietz           WGIETZ     515.123.8181         07-JUN-94 AC_ACCOUNT       8300                       205           110                                                     

20 rows selected.

SQL> REM 1 DISPLAY THE DATE ON WHICH FIRST EMPLOYEE WAS HIRED
SQL> 
SQL> REM 2 DISPLAY LOWEST SALARY PAID BY COMPANY
SQL> 
SQL> REM 3 DISPLAY HIGHEST COMMISSION_PCT PAID BY COMPANY
SQL> 
SQL> REM 4 DISPLAY AVERAGE SALARY PAID BY COMPANY
SQL> 
SQL> REM 5 DISPLAY HIGHEST COMMISSION   A M O U N T    PAID BY COMPANY
SQL> 
SQL> 
SQL> 
SQL> REM 1 DISPLAY THE DATE ON WHICH FIRST EMPLOYEE WAS HIRED
SQL> 
SQL> SELECT MIN(HIRE_DATE) FROM EMPLOYEES;

MIN(HIRE_                                                                                                                                                                                               
---------                                                                                                                                                                                               
17-JUL-87                                                                                                                                                                                               

SQL> REM 2 DISPLAY LOWEST SALARY PAID BY COMPANY
SQL> 
SQL> SELECT MIN(SALARY) FROM EMPLOYEES
  2  ;

MIN(SALARY)                                                                                                                                                                                             
-----------                                                                                                                                                                                             
       2500                                                                                                                                                                                             

SQL> REM 3 DISPLAY HIGHEST COMMISSION_PCT PAID BY COMPANY
SQL> 
SQL> SELECT MAX(COMMISSION_PCT) FROM EMPLOYEES
  2  ;

MAX(COMMISSION_PCT)                                                                                                                                                                                     
-------------------                                                                                                                                                                                     
                 .3                                                                                                                                                                                     

SQL> REM 4 DISPLAY AVERAGE SALARY PAID BY COMPANY
SQL> 
SQL> SELECT AVG(SALARY) FROM EMPLOYEES;

AVG(SALARY)                                                                                                                                                                                             
-----------                                                                                                                                                                                             
       8775                                                                                                                                                                                             

SQL> REM 5 DISPLAY HIGHEST COMMISSION   A M O U N T    PAID BY COMPANY
SQL> 
SQL> SELECT MAX(SALARY*COMMISSION_PCT) FROM EMPLOYEES;

MAX(SALARY*COMMISSION_PCT)                                                                                                                                                                              
--------------------------                                                                                                                                                                              
                      3300                                                                                                                                                                              

SQL> SELECT * FROM EMPLOYEES;

EMPLOYEE_ID FIRST_NAME      LAST_NAME       EMAIL      PHONE_NUMBER         HIRE_DATE JOB_ID         SALARY COMMISSION_PCT MANAGER_ID DEPARTMENT_ID                                                     
----------- --------------- --------------- ---------- -------------------- --------- ---------- ---------- -------------- ---------- -------------                                                     
        100 Steven          King            SKING      515.123.4567         17-JUL-87 AD_PRES         24000                                      90                                                     
        101 Neena           Kochhar         NKOCHHAR   515.123.4568         21-SEP-89 AD_VP           17000                       100            90                                                     
        102 Lex             De Haan         LDEHAAN    515.123.4569         13-JAN-93 AD_VP           17000                       100            90                                                     
        103 Alexander       Hunold          AHUNOLD    590.423.4567         03-JAN-90 IT_PROG          9000                       102            60                                                     
        104 Bruce           Ernst           BERNST     590.423.4568         21-MAY-91 IT_PROG          6000                       103            60                                                     
        107 Diana           Lorentz         DLORENTZ   590.423.5567         07-FEB-99 IT_PROG          4200                       103            60                                                     
        124 Kevin           Mourgos         KMOURGOS   650.123.5234         16-NOV-99 ST_MAN           5800                       100            50                                                     
        141 Trenna          Rajs            TRAJS      650.121.8009         17-OCT-95 ST_CLERK         3500                       124            50                                                     
        142 Curtis          Davies          CDAVIES    650.121.2994         29-JAN-97 ST_CLERK         3100                       124            50                                                     
        143 Randall         Matos           RMATOS     650.121.2874         15-MAR-98 ST_CLERK         2600                       124            50                                                     
        144 Peter           Vargas                     650.121.2004         09-JUL-98 ST_CLERK         2500                       124            50                                                     
        149 Eleni           Zlotkey         EZLOTKEY   011.44.1344.429018   29-JAN-00 SA_MAN          10500             .2        100            80                                                     
        174 Ellen           Abel            EABEL      011.44.1644.429267   11-MAY-96 SA_REP          11000             .3        149            80                                                     
        176 Jonathon        Taylor          JTAYLOR    011.44.1644.429265   24-MAR-98 SA_REP           8600             .3        149            80                                                     
        178 Kimerely        Grant           KGRANT     011.44.1644.429263   24-MAY-99 SA_REP           7000            .15        149                                                                   
        200 Jennifer        Whalen          JWHALEN    515.123.4444         17-SEP-87 AD_ASST          4400                       101            10                                                     
        201 Michael         Hartstein       MHARTSTE   515.123.5555         17-FEB-96 MK_MAN          13000                       100            20                                                     
        202 Pat             Fay             PFAY       603.123.6666         17-AUG-97 MK_REP           6000                       201            20                                                     
        205 Shelley         Higgins         SHIGGINS   515.123.8080         07-JUN-94 AC_MGR          12000                       101           110                                                     
        206 William         Gietz           WGIETZ     515.123.8181         07-JUN-94 AC_ACCOUNT       8300                       205           110                                                     

20 rows selected.

SQL> REM DISPLAY HIGHEST SALARY PAID BY COMPANY
SQL> 
SQL> SELECT MAX(SALARY) FROM EMPLOYEES;

MAX(SALARY)                                                                                                                                                                                             
-----------                                                                                                                                                                                             
      24000                                                                                                                                                                                             

SQL> REM DISPLAY HIGHEST SALARY PAID BY COMPANY TO DEPARTMENT 80
SQL> 
SQL> SELECT MAX(SALARY) FROM EMPLOYEES WHERE DEPARTMENT_ID = 80;

MAX(SALARY)                                                                                                                                                                                             
-----------                                                                                                                                                                                             
      11000                                                                                                                                                                                             

SQL> SELECT * FROM EMPLOYEES;

EMPLOYEE_ID FIRST_NAME      LAST_NAME       EMAIL      PHONE_NUMBER         HIRE_DATE JOB_ID         SALARY COMMISSION_PCT MANAGER_ID DEPARTMENT_ID                                                     
----------- --------------- --------------- ---------- -------------------- --------- ---------- ---------- -------------- ---------- -------------                                                     
        100 Steven          King            SKING      515.123.4567         17-JUL-87 AD_PRES         24000                                      90                                                     
        101 Neena           Kochhar         NKOCHHAR   515.123.4568         21-SEP-89 AD_VP           17000                       100            90                                                     
        102 Lex             De Haan         LDEHAAN    515.123.4569         13-JAN-93 AD_VP           17000                       100            90                                                     
        103 Alexander       Hunold          AHUNOLD    590.423.4567         03-JAN-90 IT_PROG          9000                       102            60                                                     
        104 Bruce           Ernst           BERNST     590.423.4568         21-MAY-91 IT_PROG          6000                       103            60                                                     
        107 Diana           Lorentz         DLORENTZ   590.423.5567         07-FEB-99 IT_PROG          4200                       103            60                                                     
        124 Kevin           Mourgos         KMOURGOS   650.123.5234         16-NOV-99 ST_MAN           5800                       100            50                                                     
        141 Trenna          Rajs            TRAJS      650.121.8009         17-OCT-95 ST_CLERK         3500                       124            50                                                     
        142 Curtis          Davies          CDAVIES    650.121.2994         29-JAN-97 ST_CLERK         3100                       124            50                                                     
        143 Randall         Matos           RMATOS     650.121.2874         15-MAR-98 ST_CLERK         2600                       124            50                                                     
        144 Peter           Vargas                     650.121.2004         09-JUL-98 ST_CLERK         2500                       124            50                                                     
        149 Eleni           Zlotkey         EZLOTKEY   011.44.1344.429018   29-JAN-00 SA_MAN          10500             .2        100            80                                                     
        174 Ellen           Abel            EABEL      011.44.1644.429267   11-MAY-96 SA_REP          11000             .3        149            80                                                     
        176 Jonathon        Taylor          JTAYLOR    011.44.1644.429265   24-MAR-98 SA_REP           8600             .3        149            80                                                     
        178 Kimerely        Grant           KGRANT     011.44.1644.429263   24-MAY-99 SA_REP           7000            .15        149                                                                   
        200 Jennifer        Whalen          JWHALEN    515.123.4444         17-SEP-87 AD_ASST          4400                       101            10                                                     
        201 Michael         Hartstein       MHARTSTE   515.123.5555         17-FEB-96 MK_MAN          13000                       100            20                                                     
        202 Pat             Fay             PFAY       603.123.6666         17-AUG-97 MK_REP           6000                       201            20                                                     
        205 Shelley         Higgins         SHIGGINS   515.123.8080         07-JUN-94 AC_MGR          12000                       101           110                                                     
        206 William         Gietz           WGIETZ     515.123.8181         07-JUN-94 AC_ACCOUNT       8300                       205           110                                                     

20 rows selected.

SQL> REM 1 DISPLAY LOWEST SALARY PAID TO IT_PROG
SQL> 
SQL> REM 2 DISPLAY AVERAGE SALARY PAID TO THOSE WHO WERE HIRED IN YEAR 99
SQL> 
SQL> REM 3 DISPLAY COUNT OF EMPLOYEES WHOSE FIRST_NAME SPELLING IS UPTO 6 LENGTH
SQL> 
SQL> REM 4 DISPLAY FIRST AND LAST EMPLOYEES' HIRE_DATE WHO REPORTS TO MANAGER 124
SQL> 
SQL> REM 5 DISPLAY TOTAL SALARY PAID TO ALL EXCEPT THOSE WHO WORKS AS ANY OF SA_REP AD_VP ST_CLERK
SQL> 
SQL> 
SQL> 
SQL> 
SQL> REM 1 DISPLAY LOWEST SALARY PAID TO IT_PROG
SQL> 
SQL> SELECT MIN(SALARY) FROM EMPLOYEES WHERE JOB_ID = 'IT_PROG';

MIN(SALARY)                                                                                                                                                                                             
-----------                                                                                                                                                                                             
       4200                                                                                                                                                                                             

SQL> SELECT MIN(SALARY) FROM EMPLOYEES WHERE JOB_ID LIKE 'IT_PROG';

MIN(SALARY)                                                                                                                                                                                             
-----------                                                                                                                                                                                             
       4200                                                                                                                                                                                             

SQL> SELECT MIN(SALARY) FROM EMPLOYEES WHERE JOB_ID IN 'IT_PROG';

MIN(SALARY)                                                                                                                                                                                             
-----------                                                                                                                                                                                             
       4200                                                                                                                                                                                             

SQL> SELECT MIN(SALARY) FROM EMPLOYEES WHERE JOB_ID = ANY 'IT_PROG';

MIN(SALARY)                                                                                                                                                                                             
-----------                                                                                                                                                                                             
       4200                                                                                                                                                                                             

SQL> SELECT MIN(SALARY) FROM EMPLOYEES WHERE JOB_ID = SOME 'IT_PROG';

MIN(SALARY)                                                                                                                                                                                             
-----------                                                                                                                                                                                             
       4200                                                                                                                                                                                             

SQL> REM 2 DISPLAY AVERAGE SALARY PAID TO THOSE WHO WERE HIRED IN YEAR 99
SQL> 
SQL> SELECT AVG(SALARY) FROM EMPLOYEES WHERE HIRE_DATE BETWEEN '1JAN99' AND '31DEC99';

AVG(SALARY)                                                                                                                                                                                             
-----------                                                                                                                                                                                             
 5666.66667                                                                                                                                                                                             

SQL> SELECT AVG(SALARY) FROM EMPLOYEES WHERE HIRE_DATE LIKE '%99';

AVG(SALARY)                                                                                                                                                                                             
-----------                                                                                                                                                                                             
 5666.66667                                                                                                                                                                                             

SQL> SELECT AVG(SALARY) FROM EMPLOYEES WHERE HIRE_DATE >= '1JAN99' AND HIRE_DATE <= '31DEC99';

AVG(SALARY)                                                                                                                                                                                             
-----------                                                                                                                                                                                             
 5666.66667                                                                                                                                                                                             

SQL> SELECT AVG(SALARY) FROM EMPLOYEES WHERE SUBSTR(HIRE_DATE,8) = 99;

AVG(SALARY)                                                                                                                                                                                             
-----------                                                                                                                                                                                             
 5666.66667                                                                                                                                                                                             

SQL> SELECT AVG(SALARY) FROM EMPLOYEES WHERE SUBSTR(HIRE_DATE,-2) = 99;

AVG(SALARY)                                                                                                                                                                                             
-----------                                                                                                                                                                                             
 5666.66667                                                                                                                                                                                             

SQL> SELECT AVG(SALARY) FROM EMPLOYEES WHERE TO_CHAR(HIRE_DATE,'RR') = 99;

AVG(SALARY)                                                                                                                                                                                             
-----------                                                                                                                                                                                             
 5666.66667                                                                                                                                                                                             

SQL> REM 3 DISPLAY COUNT OF EMPLOYEES WHOSE FIRST_NAME SPELLING IS UPTO 6 LENGTH
SQL> 
SQL> SELECT COUNT(*) FROM EMPLOYEES WHERE LENGTH(FIRST_NAME) <= 6;

  COUNT(*)                                                                                                                                                                                              
----------                                                                                                                                                                                              
        12                                                                                                                                                                                              

SQL> SELECT COUNT(*) FROM EMPLOYEES WHERE FIRST_NAME NOT LIKE '_______%';

  COUNT(*)                                                                                                                                                                                              
----------                                                                                                                                                                                              
        12                                                                                                                                                                                              

SQL> SELECT COUNT(*) FROM EMPLOYEES WHERE SUBSTR(FIRST_NAME,7,1) IS NOT NULL;

  COUNT(*)                                                                                                                                                                                              
----------                                                                                                                                                                                              
         8                                                                                                                                                                                              

SQL> SELECT COUNT(*) FROM EMPLOYEES WHERE SUBSTR(FIRST_NAME,7,1) IS NULL;

  COUNT(*)                                                                                                                                                                                              
----------                                                                                                                                                                                              
        12                                                                                                                                                                                              

SQL> REM 4 DISPLAY FIRST AND LAST EMPLOYEES' HIRE_DATE WHO REPORTS TO MANAGER 124
SQL> 
SQL> SELECT MIN(HIRE_DATE) , MAX(HIRE_DATE) FROM EMPLOYEES WHERE MANAGER_ID = 124;

MIN(HIRE_ MAX(HIRE_                                                                                                                                                                                     
--------- ---------                                                                                                                                                                                     
17-OCT-95 09-JUL-98                                                                                                                                                                                     

SQL> REM 5 DISPLAY TOTAL SALARY PAID TO ALL EXCEPT THOSE WHO WORKS AS ANY OF SA_REP AD_VP ST_CLERK
SQL> 
SQL> SELECT SUM(SALARY) FROM EMPLOYEES WHERE JOB_ID <> ALL ('SA_REP','AD_VP','ST_CLERK');

SUM(SALARY)                                                                                                                                                                                             
-----------                                                                                                                                                                                             
     103200                                                                                                                                                                                             

SQL> SELECT SUM(SALARY) FROM EMPLOYEES WHERE JOB_ID != ALL ('SA_REP','AD_VP','ST_CLERK');

SUM(SALARY)                                                                                                                                                                                             
-----------                                                                                                                                                                                             
     103200                                                                                                                                                                                             

SQL> SELECT SUM(SALARY) FROM EMPLOYEES WHERE JOB_ID ^= ALL ('SA_REP','AD_VP','ST_CLERK');

SUM(SALARY)                                                                                                                                                                                             
-----------                                                                                                                                                                                             
     103200                                                                                                                                                                                             

SQL> SELECT SUM(SALARY) FROM EMPLOYEES WHERE JOB_ID NOT IN ('SA_REP','AD_VP','ST_CLERK');

SUM(SALARY)                                                                                                                                                                                             
-----------                                                                                                                                                                                             
     103200                                                                                                                                                                                             

SQL> SELECT SUM(SALARY) FROM EMPLOYEES WHERE JOB_ID <> 'SA_REP' AND JOB_ID <> 'AD_VP' AND JOB_ID <> 'ST_CLERK';

SUM(SALARY)                                                                                                                                                                                             
-----------                                                                                                                                                                                             
     103200                                                                                                                                                                                             

SQL> SELECT SUM(SALARY) FROM EMPLOYEES WHERE JOB_ID NOT LIKE 'SA_REP' AND JOB_ID NOT LIKE 'AD_VP' AND JOB_ID NOT LIKE 'ST_CLERK';

SUM(SALARY)                                                                                                                                                                                             
-----------                                                                                                                                                                                             
     103200                                                                                                                                                                                             

SQL> SELECT * FROM EMPLOYEES;

EMPLOYEE_ID FIRST_NAME      LAST_NAME       EMAIL      PHONE_NUMBER         HIRE_DATE JOB_ID         SALARY COMMISSION_PCT MANAGER_ID DEPARTMENT_ID                                                     
----------- --------------- --------------- ---------- -------------------- --------- ---------- ---------- -------------- ---------- -------------                                                     
        100 Steven          King            SKING      515.123.4567         17-JUL-87 AD_PRES         24000                                      90                                                     
        101 Neena           Kochhar         NKOCHHAR   515.123.4568         21-SEP-89 AD_VP           17000                       100            90                                                     
        102 Lex             De Haan         LDEHAAN    515.123.4569         13-JAN-93 AD_VP           17000                       100            90                                                     
        103 Alexander       Hunold          AHUNOLD    590.423.4567         03-JAN-90 IT_PROG          9000                       102            60                                                     
        104 Bruce           Ernst           BERNST     590.423.4568         21-MAY-91 IT_PROG          6000                       103            60                                                     
        107 Diana           Lorentz         DLORENTZ   590.423.5567         07-FEB-99 IT_PROG          4200                       103            60                                                     
        124 Kevin           Mourgos         KMOURGOS   650.123.5234         16-NOV-99 ST_MAN           5800                       100            50                                                     
        141 Trenna          Rajs            TRAJS      650.121.8009         17-OCT-95 ST_CLERK         3500                       124            50                                                     
        142 Curtis          Davies          CDAVIES    650.121.2994         29-JAN-97 ST_CLERK         3100                       124            50                                                     
        143 Randall         Matos           RMATOS     650.121.2874         15-MAR-98 ST_CLERK         2600                       124            50                                                     
        144 Peter           Vargas                     650.121.2004         09-JUL-98 ST_CLERK         2500                       124            50                                                     
        149 Eleni           Zlotkey         EZLOTKEY   011.44.1344.429018   29-JAN-00 SA_MAN          10500             .2        100            80                                                     
        174 Ellen           Abel            EABEL      011.44.1644.429267   11-MAY-96 SA_REP          11000             .3        149            80                                                     
        176 Jonathon        Taylor          JTAYLOR    011.44.1644.429265   24-MAR-98 SA_REP           8600             .3        149            80                                                     
        178 Kimerely        Grant           KGRANT     011.44.1644.429263   24-MAY-99 SA_REP           7000            .15        149                                                                   
        200 Jennifer        Whalen          JWHALEN    515.123.4444         17-SEP-87 AD_ASST          4400                       101            10                                                     
        201 Michael         Hartstein       MHARTSTE   515.123.5555         17-FEB-96 MK_MAN          13000                       100            20                                                     
        202 Pat             Fay             PFAY       603.123.6666         17-AUG-97 MK_REP           6000                       201            20                                                     
        205 Shelley         Higgins         SHIGGINS   515.123.8080         07-JUN-94 AC_MGR          12000                       101           110                                                     
        206 William         Gietz           WGIETZ     515.123.8181         07-JUN-94 AC_ACCOUNT       8300                       205           110                                                     

20 rows selected.

SQL> REM 1 DISPLAY TOTAL SALARY PAID TO THOSE WHOSE FIRST_NAME SPELLING HAS 3 VOWELS
SQL> 
SQL> REM 2 DISPLAY AVERAGE SALARY PAID FOR THOSE WHO WERE HIRED IN ODD QUARTERS
SQL> 
SQL> REM 3 DISPLAY COUNT OF EMPLOYEES WHO HAVE JOINED IN ANY OF THE FEB , SEP OR DEC
SQL> 
SQL> REM 4 DISPLAY HIGHEST SALARY PAID TO THOSE WHO SECOND ALPHABET OF FIRST_NAME AND LAST_NAME ARE SIMILAR.
SQL> 
SQL> REM 5 DISPLAY LOWEST SALARY FOR THE EMPLOYEE WHO WERE HIRED IN 3rd WEEK OF ANY MONTH/YEAR.
SQL> 
SQL> 
SQL> 
SQL> 
SQL> REM 1 DISPLAY TOTAL SALARY PAID TO THOSE WHOSE FIRST_NAME SPELLING HAS 3 VOWELS
SQL> 
SQL> SELECT FIRST_NAME , LENGTH(TRANSLATE(UPPER(FIRST_NAME),'QWRTYPSDFGHJKLZXCVBNM')) FROM EMPLOYEES
  2  WHERE LENGTH(TRANSLATE(UPPER(FIRST_NAME),'QWRTYPSDFGHJKLZXCVBNM')) >= 3;
SELECT FIRST_NAME , LENGTH(TRANSLATE(UPPER(FIRST_NAME),'QWRTYPSDFGHJKLZXCVBNM')) FROM EMPLOYEES
                           *
ERROR at line 1:
ORA-00909: invalid number of arguments 


SQL> SELECT FIRST_NAME , LENGTH(TRANSLATE(UPPER(FIRST_NAME),'#QWRTYPSDFGHJKLZXCVBNM','#')) FROM EMPLOYEES
  2  WHERE LENGTH(TRANSLATE(UPPER(FIRST_NAME),'#QWRTYPSDFGHJKLZXCVBNM','#')) >= 3;

FIRST_NAME      LENGTH(TRANSLATE(UPPER(FIRST_NAME),'#QWRTYPSDFGHJKLZXCVBNM','#'))                                                                                                                       
--------------- -----------------------------------------------------------------                                                                                                                       
Neena                                                                           3                                                                                                                       
Alexander                                                                       4                                                                                                                       
Diana                                                                           3                                                                                                                       
Eleni                                                                           3                                                                                                                       
Jonathon                                                                        3                                                                                                                       
Kimerely                                                                        3                                                                                                                       
Jennifer                                                                        3                                                                                                                       
Michael                                                                         3                                                                                                                       
William                                                                         3                                                                                                                       

9 rows selected.

SQL> REM 2 DISPLAY AVERAGE SALARY PAID FOR THOSE WHO WERE HIRED IN ODD QUARTERS
SQL> 
SQL> SELECT AVG(SALARY) FROM EMPLOYEES WHERE TO_CHAR(HIRE_DTAE,'Q') IN (1,3);
SELECT AVG(SALARY) FROM EMPLOYEES WHERE TO_CHAR(HIRE_DTAE,'Q') IN (1,3)
                                                *
ERROR at line 1:
ORA-00904: "HIRE_DTAE": invalid identifier 


SQL> SELECT AVG(SALARY) FROM EMPLOYEES WHERE TO_CHAR(HIRE_DATE,'Q') IN (1,3);

AVG(SALARY)                                                                                                                                                                                             
-----------                                                                                                                                                                                             
 9376.92308                                                                                                                                                                                             

SQL> REM 3 DISPLAY COUNT OF EMPLOYEES WHO HAVE JOINED IN ANY OF THE FEB , SEP OR DEC
SQL> 
SQL> SELECT COUNT(*) FROM EMPLOYEES WHERE HIRE_DATE LIKE '%-_E%';

  COUNT(*)                                                                                                                                                                                              
----------                                                                                                                                                                                              
         4                                                                                                                                                                                              

SQL> SELECT COUNT(*) FROM EMPLOYEES WHERE SUBSTR(HIRE_DATE,4,3) IN ('FEB','SEP','DEC');

  COUNT(*)                                                                                                                                                                                              
----------                                                                                                                                                                                              
         4                                                                                                                                                                                              

SQL> SELECT COUNT(*) FROM EMPLOYEES WHERE TO_CHAR(HIRE_DATE,'MON') IN ('FEB','SEP','DEC');

  COUNT(*)                                                                                                                                                                                              
----------                                                                                                                                                                                              
         4                                                                                                                                                                                              

SQL> SELECT COUNT(*) FROM EMPLOYEES WHERE SUBSTR(HIRE_DATE,5,1) = 'E';

  COUNT(*)                                                                                                                                                                                              
----------                                                                                                                                                                                              
         4                                                                                                                                                                                              

SQL> REM 4 DISPLAY HIGHEST SALARY PAID TO THOSE WHO SECOND ALPHABET OF FIRST_NAME AND LAST_NAME ARE SIMILAR.
SQL> 
SQL> SELECT MAX(SALARY) FROM EMPLOYEES WHERE SUBSTR(FIRST_NAME,2,1) = SUBSTR(LAST_NAME,2,1);

MAX(SALARY)                                                                                                                                                                                             
-----------                                                                                                                                                                                             
      17000                                                                                                                                                                                             

SQL> REM 5 DISPLAY LOWEST SALARY FOR THE EMPLOYEE WHO WERE HIRED IN 3rd WEEK OF ANY MONTH/YEAR.
SQL> 
SQL> SELECT MIN(SALARY) FROM EMPLOYEES WHERE TO_CHAR(HIRE_DATE,'DD') BETWEEN 15 AND 21;

MIN(SALARY)                                                                                                                                                                                             
-----------                                                                                                                                                                                             
       2600                                                                                                                                                                                             

SQL> SELECT MIN(SALARY) FROM EMPLOYEES WHERE TO_CHAR(HIRE_DATE,'W') = 3;

MIN(SALARY)                                                                                                                                                                                             
-----------                                                                                                                                                                                             
       2600                                                                                                                                                                                             

SQL> SELECT MIN(SALARY) FROM EMPLOYEES WHERE SUBSTR(HIRE_DATE,1,2) BETWEEN 15 AND 21;

MIN(SALARY)                                                                                                                                                                                             
-----------                                                                                                                                                                                             
       2600                                                                                                                                                                                             

SQL> REM W: 1 TO 7
SQL> 
SQL> REM W2 : 8 TO 14
SQL> 
SQL> REM W3 : 15 TO 21
SQL> 
SQL> SPOOL OFF
